../Core/Src/main.c:453:6:StartDefaultTask	32	static
../Core/Src/main.c:512:6:displayUpdateTask	144	static
../Core/Src/main.c:622:6:CAN_Transmit	24	static
../Core/Src/main.c:254:6:serialPrint	16	static
../Core/Src/main.c:258:6:serialPrintln	24	static
../Core/Src/main.c:632:6:handshake	32	static
../Core/Src/main.c:266:6:delayMicro	0	static
../Core/Src/main.c:276:6:HAL_DAC_ConvHalfCpltCallbackCh1	0	static
../Core/Src/main.c:284:6:HAL_DAC_ConvCpltCallbackCh1	0	static
../Core/Src/main.c:292:6:setOutMuxBit	16	static
../Core/Src/main.c:169:5:main	32	static
../Core/Src/main.c:592:6:decode	24	static
../Core/Src/main.c:305:6:selectRow	8	static
../Core/Src/main.c:345:9:readCols	16	static
../Core/Src/main.c:314:6:setMuxIO	32	static
../Core/Src/main.c:357:9:changeKnobState	0	static
../Core/Src/main.c:379:6:scanKnob	32	static
../Core/Src/main.c:463:6:scanKeysTask	48	static
../Core/Src/main.c:427:6:HAL_CAN_RxFifo0MsgPendingCallback	24	static
../Core/Src/main.c:435:6:HAL_CAN_TxMailbox0CompleteCallback	0	static
../Core/Src/main.c:441:6:HAL_CAN_TxMailbox1CompleteCallback	0	static
../Core/Src/main.c:447:6:HAL_CAN_TxMailbox2CompleteCallback	0	static
../Core/Src/main.c:710:6:HAL_TIM_PeriodElapsedCallback	0	static
../Core/Src/main.c:718:6:Error_Handler	0	static,ignoring_inline_asm
