../Core/Src/stm32l4xx_it.c:74:6:NMI_Handler	0	static
../Core/Src/stm32l4xx_it.c:89:6:HardFault_Handler	0	static
../Core/Src/stm32l4xx_it.c:104:6:MemManage_Handler	0	static
../Core/Src/stm32l4xx_it.c:119:6:BusFault_Handler	0	static
../Core/Src/stm32l4xx_it.c:134:6:UsageFault_Handler	0	static
../Core/Src/stm32l4xx_it.c:149:6:DebugMon_Handler	0	static
../Core/Src/stm32l4xx_it.c:169:6:DMA1_Channel3_IRQHandler	0	static
../Core/Src/stm32l4xx_it.c:183:6:CAN1_TX_IRQHandler	0	static
../Core/Src/stm32l4xx_it.c:197:6:CAN1_RX0_IRQHandler	0	static
../Core/Src/stm32l4xx_it.c:211:6:TIM1_UP_TIM16_IRQHandler	0	static
../Core/Src/stm32l4xx_it.c:225:6:TIM6_DAC_IRQHandler	8	static
