../Core/Src/cann.c:19:6:decode	32	static
../Core/Src/cann.c:75:6:CAN_Transmit	32	static
../Core/Src/cann.c:112:6:handshake	40	static
../Core/Src/cann.c:221:10:setCANFilter	64	static
../Core/Src/cann.c:240:10:CAN_TX	40	static
../Core/Src/cann.c:258:10:CAN_CheckRXLevel	8	static
../Core/Src/cann.c:264:10:CAN_RX	48	static
../Core/Src/cann.c:279:6:HAL_CAN_RxFifo0MsgPendingCallback	32	static
../Core/Src/cann.c:286:6:HAL_CAN_TxMailbox0CompleteCallback	16	static
../Core/Src/cann.c:291:6:HAL_CAN_TxMailbox1CompleteCallback	16	static
../Core/Src/cann.c:296:6:HAL_CAN_TxMailbox2CompleteCallback	16	static
