../Core/Src/cann.c:19:6:decode	32	static
../Core/Src/cann.c:64:6:CAN_Transmit	32	static
../Core/Src/cann.c:76:6:handshake	40	static
../Core/Src/cann.c:172:10:setCANFilter	64	static
../Core/Src/cann.c:191:10:CAN_TX	40	static
../Core/Src/cann.c:209:10:CAN_CheckRXLevel	8	static
../Core/Src/cann.c:215:10:CAN_RX	48	static
../Core/Src/cann.c:230:6:HAL_CAN_RxFifo0MsgPendingCallback	32	static
../Core/Src/cann.c:237:6:HAL_CAN_TxMailbox0CompleteCallback	16	static
../Core/Src/cann.c:242:6:HAL_CAN_TxMailbox1CompleteCallback	16	static
../Core/Src/cann.c:247:6:HAL_CAN_TxMailbox2CompleteCallback	16	static
