../Core/Src/hardware_config.c:19:6:MX_DMA_Init	16	static
../Core/Src/hardware_config.c:40:6:SystemClock_Config	96	static
../Core/Src/hardware_config.c:101:6:MX_ADC1_Init	32	static
../Core/Src/hardware_config.c:159:6:MX_CAN1_Init	8	static
../Core/Src/hardware_config.c:196:6:MX_DAC1_Init	48	static
../Core/Src/hardware_config.c:246:6:MX_I2C1_Init	8	static
../Core/Src/hardware_config.c:298:6:MX_TIM6_Init	24	static
../Core/Src/hardware_config.c:336:6:MX_TIM7_Init	24	static
../Core/Src/hardware_config.c:374:6:MX_USART2_UART_Init	8	static
../Core/Src/hardware_config.c:411:6:MX_GPIO_Init	40	static
../Core/Src/hardware_config.c:452:9:u8x8_gpio_and_delay	24	static
../Core/Src/hardware_config.c:457:9:u8x8_byte_i2c	40	static
