../Core/Src/main.c:137:5:main	80	static
../Core/Src/main.c:249:6:serialPrint	16	static
../Core/Src/main.c:254:6:serialPrintln	24	static
../Core/Src/main.c:261:6:delayMicro	16	static
../Core/Src/main.c:269:6:fill_output_first_half	8	static
../Core/Src/main.c:288:6:fill_output_second_half	8	static
../Core/Src/main.c:297:6:HAL_DAC_ConvHalfCpltCallbackCh1	16	static
../Core/Src/main.c:302:6:HAL_DAC_ConvCpltCallbackCh1	16	static
../Core/Src/main.c:307:6:setOutMuxBit	16	static
../Core/Src/main.c:320:6:selectRow	16	static
../Core/Src/main.c:329:9:readCols	16	static
../Core/Src/main.c:340:9:changeKnobState	32	static
../Core/Src/main.c:362:6:scanKnob	64	static
../Core/Src/main.c:421:6:StartDefaultTask	16	static
../Core/Src/main.c:444:6:scanKeysTask	48	static
../Core/Src/main.c:528:6:displayUpdateTask	112	static
../Core/Src/main.c:648:6:HAL_TIM_PeriodElapsedCallback	16	static
../Core/Src/main.c:657:6:Error_Handler	4	static,ignoring_inline_asm
