../Core/Src/main.c:115:5:main	8	static
../Core/Src/main.c:228:6:SystemClock_Config	96	static
../Core/Src/main.c:287:13:MX_ADC1_Init	32	static
../Core/Src/main.c:342:13:MX_CAN1_Init	8	static
../Core/Src/main.c:377:13:MX_DAC1_Init	48	static
../Core/Src/main.c:423:13:MX_I2C1_Init	8	static
../Core/Src/main.c:468:13:MX_TIM6_Init	24	static
../Core/Src/main.c:504:13:MX_TIM7_Init	24	static
../Core/Src/main.c:540:13:MX_USART2_UART_Init	8	static
../Core/Src/main.c:573:13:MX_GPIO_Init	40	static
../Core/Src/main.c:614:6:delayMicro	16	static
../Core/Src/main.c:622:6:setOutMuxBit	16	static
../Core/Src/main.c:635:6:setRow	16	static
../Core/Src/main.c:647:9:readCols	16	static
../Core/Src/main.c:658:10:readKeys	16	static
../Core/Src/main.c:674:6:rotationSteps	32	static
../Core/Src/main.c:697:6:StartDefaultTask	16	static
../Core/Src/main.c:713:6:scanKeysTask	32	static
../Core/Src/main.c:743:6:displayUpdateTask	24	static
../Core/Src/main.c:770:6:HAL_TIM_PeriodElapsedCallback	40	static
../Core/Src/main.c:830:6:Error_Handler	4	static,ignoring_inline_asm
