../Core/Src/main.c:162:5:main	8	static
../Core/Src/main.c:314:6:SystemClock_Config	96	static
../Core/Src/main.c:375:13:MX_ADC1_Init	32	static
../Core/Src/main.c:433:13:MX_CAN1_Init	8	static
../Core/Src/main.c:470:13:MX_DAC1_Init	48	static
../Core/Src/main.c:520:13:MX_I2C1_Init	8	static
../Core/Src/main.c:572:13:MX_TIM6_Init	24	static
../Core/Src/main.c:610:13:MX_TIM7_Init	24	static
../Core/Src/main.c:648:13:MX_USART2_UART_Init	8	static
../Core/Src/main.c:683:13:MX_GPIO_Init	40	static
../Core/Src/main.c:729:6:serialPrint	16	static
../Core/Src/main.c:735:6:serialPrintln	24	static
../Core/Src/main.c:743:6:delayMicro	16	static
../Core/Src/main.c:751:10:setCANFilter	64	static
../Core/Src/main.c:770:10:CAN_TX	40	static
../Core/Src/main.c:790:10:CAN_CheckRXLevel	8	static
../Core/Src/main.c:796:10:CAN_RX	48	static
../Core/Src/main.c:812:6:setOutMuxBit	16	static
../Core/Src/main.c:825:9:u8x8_gpio_and_delay	24	static
../Core/Src/main.c:832:9:u8x8_byte_i2c	40	static
../Core/Src/main.c:866:6:setRow	16	static
../Core/Src/main.c:878:9:readCols	16	static
../Core/Src/main.c:889:10:readKeys	16	static
../Core/Src/main.c:905:6:rotationSteps	32	static
../Core/Src/main.c:919:6:HAL_CAN_RxFifo0MsgPendingCallback	32	static
../Core/Src/main.c:942:6:HAL_CAN_TxMailbox0CompleteCallback	16	static
../Core/Src/main.c:946:6:HAL_CAN_TxMailbox1CompleteCallback	16	static
../Core/Src/main.c:950:6:HAL_CAN_TxMailbox2CompleteCallback	16	static
../Core/Src/main.c:963:6:StartDefaultTask	16	static
../Core/Src/main.c:980:6:scanKeysTask	32	static
../Core/Src/main.c:1013:6:displayUpdateTask	32	static
../Core/Src/main.c:1058:6:decode	32	static
../Core/Src/main.c:1087:6:HAL_TIM_PeriodElapsedCallback	40	static
../Core/Src/main.c:1149:6:Error_Handler	4	static,ignoring_inline_asm
