../Core/Src/main.c:275:5:main	48	static
../Core/Src/main.c:436:6:SystemClock_Config	96	static
../Core/Src/main.c:497:13:MX_ADC1_Init	32	static
../Core/Src/main.c:555:13:MX_CAN1_Init	8	static
../Core/Src/main.c:592:13:MX_DAC1_Init	48	static
../Core/Src/main.c:644:13:MX_I2C1_Init	8	static
../Core/Src/main.c:696:13:MX_TIM2_Init	40	static
../Core/Src/main.c:741:13:MX_TIM6_Init	24	static
../Core/Src/main.c:779:13:MX_TIM7_Init	24	static
../Core/Src/main.c:817:13:MX_USART2_UART_Init	8	static
../Core/Src/main.c:850:13:MX_DMA_Init	16	static
../Core/Src/main.c:868:13:MX_GPIO_Init	40	static
../Core/Src/main.c:912:6:serialPrint	16	static
../Core/Src/main.c:918:6:serialPrintln	24	static
../Core/Src/main.c:926:6:delayMicro	16	static
../Core/Src/main.c:934:13:synthesize_waves	40	static
../Core/Src/main.c:967:6:HAL_DAC_ConvHalfCpltCallbackCh1	24	static
../Core/Src/main.c:978:6:HAL_DAC_ConvCpltCallbackCh1	24	static
../Core/Src/main.c:985:10:setCANFilter	64	static
../Core/Src/main.c:1004:10:CAN_TX	40	static
../Core/Src/main.c:1022:10:CAN_CheckRXLevel	8	static
../Core/Src/main.c:1028:10:CAN_RX	48	static
../Core/Src/main.c:1044:6:setOutMuxBit	16	static
../Core/Src/main.c:1057:9:u8x8_gpio_and_delay	24	static
../Core/Src/main.c:1064:9:u8x8_byte_i2c	40	static
../Core/Src/main.c:1098:6:setRow	16	static
../Core/Src/main.c:1110:9:readCols	16	static
../Core/Src/main.c:1121:10:readKeys	16	static
../Core/Src/main.c:1137:10:readKnobs	16	static
../Core/Src/main.c:1153:9:changeKnobState	32	static
../Core/Src/main.c:1177:6:scanKnob	32	static
../Core/Src/main.c:1215:6:choose_wave_gen	104	static
../Core/Src/main.c:1268:6:rotationSteps	32	static
../Core/Src/main.c:1282:6:HAL_CAN_RxFifo0MsgPendingCallback	32	static
../Core/Src/main.c:1290:6:HAL_CAN_TxMailbox0CompleteCallback	16	static
../Core/Src/main.c:1296:6:HAL_CAN_TxMailbox1CompleteCallback	16	static
../Core/Src/main.c:1302:6:HAL_CAN_TxMailbox2CompleteCallback	16	static
../Core/Src/main.c:1317:6:StartDefaultTask	16	static
../Core/Src/main.c:1334:6:scanKeysTask	40	static
../Core/Src/main.c:1389:6:displayUpdateTask	88	static
../Core/Src/main.c:1457:6:decode	16	static
../Core/Src/main.c:1477:6:CAN_Transmit	32	static
../Core/Src/main.c:1503:6:HAL_TIM_PeriodElapsedCallback	16	static
../Core/Src/main.c:1511:6:Error_Handler	4	static,ignoring_inline_asm
