../Core/Src/main.c:133:5:main	80	static
../Core/Src/main.c:223:6:serialPrint	16	static
../Core/Src/main.c:228:6:serialPrintln	24	static
../Core/Src/main.c:235:6:delayMicro	16	static
../Core/Src/main.c:243:6:fill_output_first_half	8	static
../Core/Src/main.c:255:6:fill_output_second_half	8	static
../Core/Src/main.c:266:6:HAL_DAC_ConvHalfCpltCallbackCh1	16	static
../Core/Src/main.c:271:6:HAL_DAC_ConvCpltCallbackCh1	16	static
../Core/Src/main.c:276:6:setOutMuxBit	16	static
../Core/Src/main.c:289:6:selectRow	16	static
../Core/Src/main.c:298:6:setMuxIO	24	static
../Core/Src/main.c:338:9:readCols	16	static
../Core/Src/main.c:349:9:changeKnobState	32	static
../Core/Src/main.c:371:6:scanKnob	64	static
../Core/Src/main.c:428:6:StartDefaultTask	40	static
../Core/Src/main.c:451:6:scanKeysTask	56	static
../Core/Src/main.c:513:6:displayUpdateTask	120	static
../Core/Src/main.c:622:6:HAL_TIM_PeriodElapsedCallback	16	static
../Core/Src/main.c:631:6:Error_Handler	4	static
