../Core/Src/main.c:274:5:main	56	static
../Core/Src/main.c:435:6:SystemClock_Config	96	static
../Core/Src/main.c:496:13:MX_ADC1_Init	32	static
../Core/Src/main.c:554:13:MX_CAN1_Init	8	static
../Core/Src/main.c:591:13:MX_DAC1_Init	48	static
../Core/Src/main.c:643:13:MX_I2C1_Init	8	static
../Core/Src/main.c:695:13:MX_TIM2_Init	40	static
../Core/Src/main.c:740:13:MX_TIM6_Init	24	static
../Core/Src/main.c:778:13:MX_TIM7_Init	24	static
../Core/Src/main.c:816:13:MX_USART2_UART_Init	8	static
../Core/Src/main.c:849:13:MX_DMA_Init	16	static
../Core/Src/main.c:867:13:MX_GPIO_Init	40	static
../Core/Src/main.c:911:6:serialPrint	16	static
../Core/Src/main.c:917:6:serialPrintln	24	static
../Core/Src/main.c:925:6:delayMicro	16	static
../Core/Src/main.c:933:13:synthesize_waves	40	static
../Core/Src/main.c:966:6:HAL_DAC_ConvHalfCpltCallbackCh1	24	static
../Core/Src/main.c:977:6:HAL_DAC_ConvCpltCallbackCh1	24	static
../Core/Src/main.c:984:10:setCANFilter	64	static
../Core/Src/main.c:1003:10:CAN_TX	40	static
../Core/Src/main.c:1021:10:CAN_CheckRXLevel	8	static
../Core/Src/main.c:1027:10:CAN_RX	48	static
../Core/Src/main.c:1043:6:setOutMuxBit	16	static
../Core/Src/main.c:1056:9:u8x8_gpio_and_delay	24	static
../Core/Src/main.c:1063:9:u8x8_byte_i2c	40	static
../Core/Src/main.c:1097:6:setRow	16	static
../Core/Src/main.c:1109:9:readCols	16	static
../Core/Src/main.c:1120:10:readKeys	16	static
../Core/Src/main.c:1136:10:readKnobs	16	static
../Core/Src/main.c:1152:9:changeKnobState	32	static
../Core/Src/main.c:1176:6:scanKnob	32	static
../Core/Src/main.c:1214:6:rotationSteps	32	static
../Core/Src/main.c:1228:6:HAL_CAN_RxFifo0MsgPendingCallback	32	static
../Core/Src/main.c:1236:6:HAL_CAN_TxMailbox0CompleteCallback	16	static
../Core/Src/main.c:1242:6:HAL_CAN_TxMailbox1CompleteCallback	16	static
../Core/Src/main.c:1248:6:HAL_CAN_TxMailbox2CompleteCallback	16	static
../Core/Src/main.c:1263:6:StartDefaultTask	16	static
../Core/Src/main.c:1280:6:scanKeysTask	40	static
../Core/Src/main.c:1335:6:displayUpdateTask	88	static
../Core/Src/main.c:1403:6:decode	16	static
../Core/Src/main.c:1423:6:CAN_Transmit	32	static
../Core/Src/main.c:1449:6:HAL_TIM_PeriodElapsedCallback	16	static
../Core/Src/main.c:1457:6:Error_Handler	4	static
