../Core/Src/main.c:219:13:synthesize_waves	32	static
../Core/Src/main.c:235:6:HAL_DAC_ConvHalfCpltCallbackCh1	24	static
../Core/Src/main.c:246:6:HAL_DAC_ConvCpltCallbackCh1	24	static
../Core/Src/main.c:261:5:main	104	static
../Core/Src/main.c:504:6:SystemClock_Config	96	static
../Core/Src/main.c:565:13:MX_ADC1_Init	32	static
../Core/Src/main.c:623:13:MX_CAN1_Init	8	static
../Core/Src/main.c:660:13:MX_DAC1_Init	48	static
../Core/Src/main.c:703:13:MX_I2C1_Init	8	static
../Core/Src/main.c:755:13:MX_TIM2_Init	40	static
../Core/Src/main.c:800:13:MX_TIM6_Init	24	static
../Core/Src/main.c:838:13:MX_TIM7_Init	24	static
../Core/Src/main.c:876:13:MX_USART2_UART_Init	8	static
../Core/Src/main.c:909:13:MX_DMA_Init	16	static
../Core/Src/main.c:927:13:MX_GPIO_Init	40	static
../Core/Src/main.c:969:6:serialPrint	16	static
../Core/Src/main.c:973:6:serialPrintln	24	static
../Core/Src/main.c:981:6:delayMicro	16	static
../Core/Src/main.c:989:6:setOutMuxBit	16	static
../Core/Src/main.c:1002:9:u8x8_gpio_and_delay	24	static
../Core/Src/main.c:1009:9:u8x8_byte_i2c	40	static
../Core/Src/main.c:1043:6:setRow	16	static
../Core/Src/main.c:1055:9:readCols	16	static
../Core/Src/main.c:1066:10:readKeys	16	static
../Core/Src/main.c:1082:6:rotationSteps	32	static
../Core/Src/main.c:1105:6:StartDefaultTask	16	static
../Core/Src/main.c:1122:6:scanKeysTask	32	static
../Core/Src/main.c:1153:6:displayUpdateTask	32	static
../Core/Src/main.c:1193:6:synthesizeTask	56	static
../Core/Src/main.c:1229:6:HAL_TIM_PeriodElapsedCallback	16	static
../Core/Src/main.c:1292:6:Error_Handler	4	static,ignoring_inline_asm
