../Core/Src/main.c:136:5:main	8	static
../Core/Src/main.c:248:6:SystemClock_Config	96	static
../Core/Src/main.c:309:13:MX_ADC1_Init	32	static
../Core/Src/main.c:367:13:MX_CAN1_Init	8	static
../Core/Src/main.c:404:13:MX_DAC1_Init	48	static
../Core/Src/main.c:454:13:MX_I2C1_Init	8	static
../Core/Src/main.c:506:13:MX_TIM6_Init	24	static
../Core/Src/main.c:544:13:MX_TIM7_Init	24	static
../Core/Src/main.c:582:13:MX_USART2_UART_Init	8	static
../Core/Src/main.c:617:13:MX_GPIO_Init	40	static
../Core/Src/main.c:663:6:serialPrint	16	static
../Core/Src/main.c:669:6:serialPrintln	24	static
../Core/Src/main.c:677:6:delayMicro	16	static
../Core/Src/main.c:685:6:setOutMuxBit	16	static
../Core/Src/main.c:698:9:u8x8_gpio_and_delay	24	static
../Core/Src/main.c:705:9:u8x8_byte_i2c	40	static
../Core/Src/main.c:739:6:setRow	16	static
../Core/Src/main.c:751:9:readCols	16	static
../Core/Src/main.c:762:10:readKeys	16	static
../Core/Src/main.c:778:6:rotationSteps	32	static
../Core/Src/main.c:801:6:StartDefaultTask	16	static
../Core/Src/main.c:818:6:scanKeysTask	32	static
../Core/Src/main.c:849:6:displayUpdateTask	32	static
../Core/Src/main.c:895:6:HAL_TIM_PeriodElapsedCallback	40	static
../Core/Src/main.c:956:6:Error_Handler	4	static,ignoring_inline_asm
