../Core/Src/main.c:167:5:main	32	static
../Core/Src/main.c:393:6:SystemClock_Config	96	static
../Core/Src/main.c:452:13:MX_ADC1_Init	32	static
../Core/Src/main.c:515:13:MX_CAN1_Init	8	static
../Core/Src/main.c:550:13:MX_DAC1_Init	48	static
../Core/Src/main.c:596:13:MX_I2C1_Init	8	static
../Core/Src/main.c:645:13:MX_TIM6_Init	24	static
../Core/Src/main.c:681:13:MX_TIM7_Init	24	static
../Core/Src/main.c:717:13:MX_USART2_UART_Init	8	static
../Core/Src/main.c:750:13:MX_GPIO_Init	40	static
../Core/Src/main.c:796:13:MY_ADC1_Init	8	static
../Core/Src/main.c:819:6:serialPrint	16	static
../Core/Src/main.c:825:6:serialPrintln	24	static
../Core/Src/main.c:833:6:delayMicro	16	static
../Core/Src/main.c:841:6:ADC_channel	40	static
../Core/Src/main.c:870:10:setCANFilter	64	static
../Core/Src/main.c:889:10:CAN_TX	40	static
../Core/Src/main.c:907:10:CAN_CheckRXLevel	8	static
../Core/Src/main.c:913:10:CAN_RX	48	static
../Core/Src/main.c:929:6:setOutMuxBit	16	static
../Core/Src/main.c:942:9:u8x8_gpio_and_delay	24	static
../Core/Src/main.c:949:9:u8x8_byte_i2c	40	static
../Core/Src/main.c:983:6:setRow	16	static
../Core/Src/main.c:995:9:readCols	16	static
../Core/Src/main.c:1006:10:readKeys	16	static
../Core/Src/main.c:1022:6:rotationSteps	32	static
../Core/Src/main.c:1036:6:HAL_CAN_RxFifo0MsgPendingCallback	32	static
../Core/Src/main.c:1044:6:HAL_CAN_TxMailbox0CompleteCallback	16	static
../Core/Src/main.c:1050:6:HAL_CAN_TxMailbox1CompleteCallback	16	static
../Core/Src/main.c:1056:6:HAL_CAN_TxMailbox2CompleteCallback	16	static
../Core/Src/main.c:1071:6:StartDefaultTask	16	static
../Core/Src/main.c:1087:6:scanKeysTask	32	static
../Core/Src/main.c:1130:6:displayUpdateTask	32	static
../Core/Src/main.c:1174:6:decode	32	static
../Core/Src/main.c:1204:6:CAN_Transmit	32	static
../Core/Src/main.c:1229:6:HAL_TIM_PeriodElapsedCallback	40	static
../Core/Src/main.c:1289:6:Error_Handler	4	static,ignoring_inline_asm
