../Core/Src/main.c:158:5:main	8	static
../Core/Src/main.c:321:6:SystemClock_Config	96	static
../Core/Src/main.c:380:13:MX_ADC1_Init	32	static
../Core/Src/main.c:435:13:MX_CAN1_Init	8	static
../Core/Src/main.c:470:13:MX_DAC1_Init	48	static
../Core/Src/main.c:516:13:MX_I2C1_Init	8	static
../Core/Src/main.c:565:13:MX_TIM6_Init	24	static
../Core/Src/main.c:601:13:MX_TIM7_Init	24	static
../Core/Src/main.c:637:13:MX_USART2_UART_Init	8	static
../Core/Src/main.c:670:13:MX_GPIO_Init	40	static
../Core/Src/main.c:716:6:serialPrint	16	static
../Core/Src/main.c:722:6:serialPrintln	24	static
../Core/Src/main.c:730:6:delayMicro	16	static
../Core/Src/main.c:738:10:setCANFilter	64	static
../Core/Src/main.c:757:10:CAN_TX	40	static
../Core/Src/main.c:775:10:CAN_CheckRXLevel	8	static
../Core/Src/main.c:781:10:CAN_RX	48	static
../Core/Src/main.c:797:6:setOutMuxBit	16	static
../Core/Src/main.c:810:9:u8x8_gpio_and_delay	24	static
../Core/Src/main.c:817:9:u8x8_byte_i2c	40	static
../Core/Src/main.c:851:6:setRow	16	static
../Core/Src/main.c:863:9:readCols	16	static
../Core/Src/main.c:874:10:readKeys	16	static
../Core/Src/main.c:890:6:rotationSteps	32	static
../Core/Src/main.c:904:6:HAL_CAN_RxFifo0MsgPendingCallback	32	static
../Core/Src/main.c:923:6:HAL_CAN_TxMailbox0CompleteCallback	16	static
../Core/Src/main.c:929:6:HAL_CAN_TxMailbox1CompleteCallback	16	static
../Core/Src/main.c:935:6:HAL_CAN_TxMailbox2CompleteCallback	16	static
../Core/Src/main.c:950:6:StartDefaultTask	16	static
../Core/Src/main.c:966:6:scanKeysTask	40	static
../Core/Src/main.c:1011:6:displayUpdateTask	32	static
../Core/Src/main.c:1055:6:decode	32	static
../Core/Src/main.c:1085:6:CAN_Transmit	32	static
../Core/Src/main.c:1110:6:HAL_TIM_PeriodElapsedCallback	40	static
../Core/Src/main.c:1171:6:Error_Handler	4	static,ignoring_inline_asm
