../Core/Src/main.c:141:5:main	80	static
../Core/Src/main.c:233:6:serialPrint	16	static
../Core/Src/main.c:238:6:serialPrintln	24	static
../Core/Src/main.c:245:6:delayMicro	16	static
../Core/Src/main.c:253:6:fill_output_first_half	8	static
../Core/Src/main.c:262:6:fill_output_second_half	8	static
../Core/Src/main.c:271:6:HAL_DAC_ConvHalfCpltCallbackCh1	16	static
../Core/Src/main.c:276:6:HAL_DAC_ConvCpltCallbackCh1	16	static
../Core/Src/main.c:281:6:setOutMuxBit	16	static
../Core/Src/main.c:294:6:selectRow	16	static
../Core/Src/main.c:303:6:setMuxIO	24	static
../Core/Src/main.c:343:9:readCols	16	static
../Core/Src/main.c:354:9:changeKnobState	32	static
../Core/Src/main.c:376:6:scanKnob	64	static
../Core/Src/main.c:435:6:StartDefaultTask	40	static
../Core/Src/main.c:458:6:scanKeysTask	56	static
../Core/Src/main.c:520:6:displayUpdateTask	120	static
../Core/Src/main.c:629:6:HAL_TIM_PeriodElapsedCallback	16	static
../Core/Src/main.c:638:6:Error_Handler	4	static,ignoring_inline_asm
