../Core/Src/main.c:219:13:synthesize_waves	32	static
../Core/Src/main.c:235:6:HAL_DAC_ConvHalfCpltCallbackCh1	24	static
../Core/Src/main.c:246:6:HAL_DAC_ConvCpltCallbackCh1	24	static
../Core/Src/main.c:261:5:main	56	static
../Core/Src/main.c:401:6:SystemClock_Config	96	static
../Core/Src/main.c:462:13:MX_ADC1_Init	32	static
../Core/Src/main.c:520:13:MX_CAN1_Init	8	static
../Core/Src/main.c:557:13:MX_DAC1_Init	48	static
../Core/Src/main.c:600:13:MX_I2C1_Init	8	static
../Core/Src/main.c:652:13:MX_TIM2_Init	40	static
../Core/Src/main.c:697:13:MX_TIM6_Init	24	static
../Core/Src/main.c:735:13:MX_TIM7_Init	24	static
../Core/Src/main.c:773:13:MX_USART2_UART_Init	8	static
../Core/Src/main.c:806:13:MX_DMA_Init	16	static
../Core/Src/main.c:824:13:MX_GPIO_Init	40	static
../Core/Src/main.c:866:6:serialPrint	16	static
../Core/Src/main.c:870:6:serialPrintln	24	static
../Core/Src/main.c:878:6:delayMicro	16	static
../Core/Src/main.c:886:6:setOutMuxBit	16	static
../Core/Src/main.c:899:9:u8x8_gpio_and_delay	24	static
../Core/Src/main.c:906:9:u8x8_byte_i2c	40	static
../Core/Src/main.c:940:6:setRow	16	static
../Core/Src/main.c:952:9:readCols	16	static
../Core/Src/main.c:963:10:readKeys	16	static
../Core/Src/main.c:979:6:rotationSteps	32	static
../Core/Src/main.c:1002:6:StartDefaultTask	16	static
../Core/Src/main.c:1019:6:scanKeysTask	32	static
../Core/Src/main.c:1050:6:displayUpdateTask	32	static
../Core/Src/main.c:1090:6:synthesizeTask	56	static
../Core/Src/main.c:1126:6:HAL_TIM_PeriodElapsedCallback	16	static
../Core/Src/main.c:1189:6:Error_Handler	4	static
