../Core/Src/main.c:277:5:main	48	static
../Core/Src/main.c:438:6:SystemClock_Config	96	static
../Core/Src/main.c:499:13:MX_ADC1_Init	32	static
../Core/Src/main.c:557:13:MX_CAN1_Init	8	static
../Core/Src/main.c:594:13:MX_DAC1_Init	48	static
../Core/Src/main.c:646:13:MX_I2C1_Init	8	static
../Core/Src/main.c:698:13:MX_TIM2_Init	40	static
../Core/Src/main.c:743:13:MX_TIM6_Init	24	static
../Core/Src/main.c:781:13:MX_TIM7_Init	24	static
../Core/Src/main.c:819:13:MX_USART2_UART_Init	8	static
../Core/Src/main.c:852:13:MX_DMA_Init	16	static
../Core/Src/main.c:870:13:MX_GPIO_Init	40	static
../Core/Src/main.c:914:6:serialPrint	16	static
../Core/Src/main.c:920:6:serialPrintln	24	static
../Core/Src/main.c:928:6:delayMicro	16	static
../Core/Src/main.c:936:13:synthesize_waves	32	static
../Core/Src/main.c:970:6:HAL_DAC_ConvHalfCpltCallbackCh1	24	static
../Core/Src/main.c:981:6:HAL_DAC_ConvCpltCallbackCh1	24	static
../Core/Src/main.c:988:10:setCANFilter	64	static
../Core/Src/main.c:1007:10:CAN_TX	40	static
../Core/Src/main.c:1025:10:CAN_CheckRXLevel	8	static
../Core/Src/main.c:1031:10:CAN_RX	48	static
../Core/Src/main.c:1047:6:setOutMuxBit	16	static
../Core/Src/main.c:1060:9:u8x8_gpio_and_delay	24	static
../Core/Src/main.c:1067:9:u8x8_byte_i2c	40	static
../Core/Src/main.c:1101:6:setRow	16	static
../Core/Src/main.c:1113:9:readCols	16	static
../Core/Src/main.c:1124:10:readKeys	16	static
../Core/Src/main.c:1140:10:readKnobs	16	static
../Core/Src/main.c:1156:9:changeKnobState	32	static
../Core/Src/main.c:1178:6:scanKnob	56	static
../Core/Src/main.c:1229:6:choose_wave_gen	96	static
../Core/Src/main.c:1290:6:HAL_CAN_RxFifo0MsgPendingCallback	32	static
../Core/Src/main.c:1298:6:HAL_CAN_TxMailbox0CompleteCallback	16	static
../Core/Src/main.c:1304:6:HAL_CAN_TxMailbox1CompleteCallback	16	static
../Core/Src/main.c:1310:6:HAL_CAN_TxMailbox2CompleteCallback	16	static
../Core/Src/main.c:1325:6:StartDefaultTask	16	static
../Core/Src/main.c:1342:6:scanKeysTask	40	static
../Core/Src/main.c:1401:6:displayUpdateTask	120	static
../Core/Src/main.c:1481:6:decode	16	static
../Core/Src/main.c:1501:6:CAN_Transmit	32	static
../Core/Src/main.c:1527:6:HAL_TIM_PeriodElapsedCallback	16	static
../Core/Src/main.c:1544:6:Error_Handler	4	static,ignoring_inline_asm
