../Core/Src/main.c:162:5:main	8	static
../Core/Src/main.c:311:6:SystemClock_Config	96	static
../Core/Src/main.c:372:13:MX_ADC1_Init	32	static
../Core/Src/main.c:430:13:MX_CAN1_Init	8	static
../Core/Src/main.c:467:13:MX_DAC1_Init	48	static
../Core/Src/main.c:517:13:MX_I2C1_Init	8	static
../Core/Src/main.c:569:13:MX_TIM6_Init	24	static
../Core/Src/main.c:607:13:MX_TIM7_Init	24	static
../Core/Src/main.c:645:13:MX_USART2_UART_Init	8	static
../Core/Src/main.c:680:13:MX_GPIO_Init	40	static
../Core/Src/main.c:726:6:serialPrint	16	static
../Core/Src/main.c:732:6:serialPrintln	24	static
../Core/Src/main.c:740:6:delayMicro	16	static
../Core/Src/main.c:748:10:setCANFilter	64	static
../Core/Src/main.c:767:10:CAN_TX	40	static
../Core/Src/main.c:787:10:CAN_CheckRXLevel	8	static
../Core/Src/main.c:793:10:CAN_RX	48	static
../Core/Src/main.c:809:6:setOutMuxBit	16	static
../Core/Src/main.c:822:9:u8x8_gpio_and_delay	24	static
../Core/Src/main.c:829:9:u8x8_byte_i2c	40	static
../Core/Src/main.c:863:6:setRow	16	static
../Core/Src/main.c:875:9:readCols	16	static
../Core/Src/main.c:886:10:readKeys	16	static
../Core/Src/main.c:902:6:rotationSteps	32	static
../Core/Src/main.c:916:6:HAL_CAN_RxFifo0MsgPendingCallback	32	static
../Core/Src/main.c:935:6:HAL_CAN_TxMailbox0CompleteCallback	16	static
../Core/Src/main.c:939:6:HAL_CAN_TxMailbox1CompleteCallback	16	static
../Core/Src/main.c:943:6:HAL_CAN_TxMailbox2CompleteCallback	16	static
../Core/Src/main.c:956:6:StartDefaultTask	16	static
../Core/Src/main.c:973:6:scanKeysTask	32	static
../Core/Src/main.c:1006:6:displayUpdateTask	32	static
../Core/Src/main.c:1051:6:decode	32	static
../Core/Src/main.c:1085:6:HAL_TIM_PeriodElapsedCallback	40	static
../Core/Src/main.c:1147:6:Error_Handler	4	static,ignoring_inline_asm
