../Core/Src/main.c:141:5:main	8	static
../Core/Src/main.c:256:6:SystemClock_Config	96	static
../Core/Src/main.c:317:13:MX_ADC1_Init	32	static
../Core/Src/main.c:375:13:MX_CAN1_Init	8	static
../Core/Src/main.c:412:13:MX_DAC1_Init	48	static
../Core/Src/main.c:455:13:MX_I2C1_Init	8	static
../Core/Src/main.c:507:13:MX_TIM2_Init	40	static
../Core/Src/main.c:552:13:MX_TIM6_Init	24	static
../Core/Src/main.c:590:13:MX_TIM7_Init	24	static
../Core/Src/main.c:628:13:MX_USART2_UART_Init	8	static
../Core/Src/main.c:661:13:MX_DMA_Init	16	static
../Core/Src/main.c:679:13:MX_GPIO_Init	40	static
../Core/Src/main.c:721:6:serialPrint	16	static
../Core/Src/main.c:725:6:serialPrintln	24	static
../Core/Src/main.c:733:6:delayMicro	16	static
../Core/Src/main.c:741:6:setOutMuxBit	16	static
../Core/Src/main.c:754:9:u8x8_gpio_and_delay	24	static
../Core/Src/main.c:761:9:u8x8_byte_i2c	40	static
../Core/Src/main.c:795:6:setRow	16	static
../Core/Src/main.c:807:9:readCols	16	static
../Core/Src/main.c:818:10:readKeys	16	static
../Core/Src/main.c:834:6:rotationSteps	32	static
../Core/Src/main.c:857:6:StartDefaultTask	16	static
../Core/Src/main.c:874:6:scanKeysTask	32	static
../Core/Src/main.c:905:6:displayUpdateTask	32	static
../Core/Src/main.c:950:6:HAL_TIM_PeriodElapsedCallback	40	static
../Core/Src/main.c:1011:6:Error_Handler	4	static,ignoring_inline_asm
