../Core/Src/main.c:322:5:main	48	static
../Core/Src/main.c:490:6:SystemClock_Config	96	static
../Core/Src/main.c:551:13:MX_ADC1_Init	32	static
../Core/Src/main.c:609:13:MX_CAN1_Init	8	static
../Core/Src/main.c:646:13:MX_DAC1_Init	48	static
../Core/Src/main.c:698:13:MX_I2C1_Init	8	static
../Core/Src/main.c:750:13:MX_TIM2_Init	40	static
../Core/Src/main.c:795:13:MX_TIM6_Init	24	static
../Core/Src/main.c:833:13:MX_TIM7_Init	24	static
../Core/Src/main.c:871:13:MX_USART2_UART_Init	8	static
../Core/Src/main.c:904:13:MX_DMA_Init	16	static
../Core/Src/main.c:922:13:MX_GPIO_Init	40	static
../Core/Src/main.c:966:6:serialPrint	16	static
../Core/Src/main.c:972:6:serialPrintln	24	static
../Core/Src/main.c:980:6:delayMicro	16	static
../Core/Src/main.c:988:13:synthesize_waves	32	static
../Core/Src/main.c:1024:6:HAL_DAC_ConvHalfCpltCallbackCh1	24	static
../Core/Src/main.c:1035:6:HAL_DAC_ConvCpltCallbackCh1	24	static
../Core/Src/main.c:1042:10:setCANFilter	64	static
../Core/Src/main.c:1061:10:CAN_TX	40	static
../Core/Src/main.c:1079:10:CAN_CheckRXLevel	8	static
../Core/Src/main.c:1085:10:CAN_RX	48	static
../Core/Src/main.c:1101:6:setOutMuxBit	16	static
../Core/Src/main.c:1114:9:u8x8_gpio_and_delay	24	static
../Core/Src/main.c:1121:9:u8x8_byte_i2c	40	static
../Core/Src/main.c:1156:6:selectRow	16	static
../Core/Src/main.c:1165:6:setMuxIO	24	static
../Core/Src/main.c:1209:9:readCols	16	static
../Core/Src/main.c:1263:9:changeKnobState	32	static
../Core/Src/main.c:1285:6:scanKnob	56	static
../Core/Src/main.c:1336:6:choose_wave_gen	96	static
../Core/Src/main.c:1383:6:display_wave	16	static
../Core/Src/main.c:1427:6:HAL_CAN_RxFifo0MsgPendingCallback	32	static
../Core/Src/main.c:1435:6:HAL_CAN_TxMailbox0CompleteCallback	16	static
../Core/Src/main.c:1441:6:HAL_CAN_TxMailbox1CompleteCallback	16	static
../Core/Src/main.c:1447:6:HAL_CAN_TxMailbox2CompleteCallback	16	static
../Core/Src/main.c:1462:6:StartDefaultTask	16	static
../Core/Src/main.c:1480:6:scanKeysTask	56	static
../Core/Src/main.c:1547:6:displayUpdateTask	136	static
../Core/Src/main.c:1641:6:decode	32	static
../Core/Src/main.c:1695:6:CAN_Transmit	32	static
../Core/Src/main.c:1720:6:handshake	40	static
../Core/Src/main.c:1818:6:HAL_TIM_PeriodElapsedCallback	16	static
../Core/Src/main.c:1835:6:Error_Handler	4	static
