../Core/Src/main.c:183:5:main	8	static
../Core/Src/main.c:343:6:SystemClock_Config	96	static
../Core/Src/main.c:404:13:MX_ADC1_Init	32	static
../Core/Src/main.c:462:13:MX_CAN1_Init	8	static
../Core/Src/main.c:499:13:MX_DAC1_Init	48	static
../Core/Src/main.c:549:13:MX_I2C1_Init	8	static
../Core/Src/main.c:601:13:MX_TIM6_Init	24	static
../Core/Src/main.c:639:13:MX_TIM7_Init	24	static
../Core/Src/main.c:677:13:MX_USART2_UART_Init	8	static
../Core/Src/main.c:712:13:MX_GPIO_Init	40	static
../Core/Src/main.c:758:6:serialPrint	16	static
../Core/Src/main.c:764:6:serialPrintln	24	static
../Core/Src/main.c:772:6:delayMicro	16	static
../Core/Src/main.c:780:10:setCANFilter	64	static
../Core/Src/main.c:799:10:CAN_TX	40	static
../Core/Src/main.c:817:10:CAN_CheckRXLevel	8	static
../Core/Src/main.c:823:10:CAN_RX	48	static
../Core/Src/main.c:839:6:setOutMuxBit	16	static
../Core/Src/main.c:852:9:u8x8_gpio_and_delay	24	static
../Core/Src/main.c:859:9:u8x8_byte_i2c	40	static
../Core/Src/main.c:893:6:setRow	16	static
../Core/Src/main.c:905:9:readCols	16	static
../Core/Src/main.c:916:10:readKeys	16	static
../Core/Src/main.c:932:6:rotationSteps	32	static
../Core/Src/main.c:946:6:HAL_CAN_RxFifo0MsgPendingCallback	32	static
../Core/Src/main.c:954:6:HAL_CAN_TxMailbox0CompleteCallback	16	static
../Core/Src/main.c:960:6:HAL_CAN_TxMailbox1CompleteCallback	16	static
../Core/Src/main.c:966:6:HAL_CAN_TxMailbox2CompleteCallback	16	static
../Core/Src/main.c:981:6:StartDefaultTask	16	static
../Core/Src/main.c:998:6:scanKeysTask	40	static
../Core/Src/main.c:1042:6:displayUpdateTask	24	static
../Core/Src/main.c:1087:6:decode	32	static
../Core/Src/main.c:1118:6:CAN_Transmit	32	static
../Core/Src/main.c:1144:6:HAL_TIM_PeriodElapsedCallback	40	static
../Core/Src/main.c:1205:6:Error_Handler	4	static,ignoring_inline_asm
