../Core/Src/main.c:167:5:main	24	static
../Core/Src/main.c:425:6:SystemClock_Config	96	static
../Core/Src/main.c:484:13:MX_ADC1_Init	32	static
../Core/Src/main.c:547:13:MX_CAN1_Init	8	static
../Core/Src/main.c:582:13:MX_DAC1_Init	48	static
../Core/Src/main.c:628:13:MX_I2C1_Init	8	static
../Core/Src/main.c:677:13:MX_TIM6_Init	24	static
../Core/Src/main.c:713:13:MX_TIM7_Init	24	static
../Core/Src/main.c:749:13:MX_USART2_UART_Init	8	static
../Core/Src/main.c:782:13:MX_GPIO_Init	40	static
../Core/Src/main.c:827:13:MY_ADC1_Init	8	static
../Core/Src/main.c:850:6:serialPrint	16	static
../Core/Src/main.c:856:6:serialPrintln	24	static
../Core/Src/main.c:864:6:delayMicro	16	static
../Core/Src/main.c:872:6:ADC_channel	40	static
../Core/Src/main.c:901:10:setCANFilter	64	static
../Core/Src/main.c:920:10:CAN_TX	40	static
../Core/Src/main.c:938:10:CAN_CheckRXLevel	8	static
../Core/Src/main.c:944:10:CAN_RX	48	static
../Core/Src/main.c:960:6:setOutMuxBit	16	static
../Core/Src/main.c:973:9:u8x8_gpio_and_delay	24	static
../Core/Src/main.c:980:9:u8x8_byte_i2c	40	static
../Core/Src/main.c:1014:6:setRow	16	static
../Core/Src/main.c:1026:9:readCols	16	static
../Core/Src/main.c:1037:10:readKeys	16	static
../Core/Src/main.c:1053:6:rotationSteps	32	static
../Core/Src/main.c:1067:6:HAL_CAN_RxFifo0MsgPendingCallback	32	static
../Core/Src/main.c:1075:6:HAL_CAN_TxMailbox0CompleteCallback	16	static
../Core/Src/main.c:1081:6:HAL_CAN_TxMailbox1CompleteCallback	16	static
../Core/Src/main.c:1087:6:HAL_CAN_TxMailbox2CompleteCallback	16	static
../Core/Src/main.c:1102:6:StartDefaultTask	16	static
../Core/Src/main.c:1118:6:scanKeysTask	32	static
../Core/Src/main.c:1161:6:displayUpdateTask	32	static
../Core/Src/main.c:1205:6:decode	32	static
../Core/Src/main.c:1235:6:CAN_Transmit	32	static
../Core/Src/main.c:1260:6:HAL_TIM_PeriodElapsedCallback	40	static
../Core/Src/main.c:1320:6:Error_Handler	4	static,ignoring_inline_asm
