../Core/Src/main.c:290:5:main	48	static
../Core/Src/main.c:451:6:SystemClock_Config	96	static
../Core/Src/main.c:512:13:MX_ADC1_Init	32	static
../Core/Src/main.c:570:13:MX_CAN1_Init	8	static
../Core/Src/main.c:607:13:MX_DAC1_Init	48	static
../Core/Src/main.c:659:13:MX_I2C1_Init	8	static
../Core/Src/main.c:711:13:MX_TIM2_Init	40	static
../Core/Src/main.c:756:13:MX_TIM6_Init	24	static
../Core/Src/main.c:794:13:MX_TIM7_Init	24	static
../Core/Src/main.c:832:13:MX_USART2_UART_Init	8	static
../Core/Src/main.c:865:13:MX_DMA_Init	16	static
../Core/Src/main.c:883:13:MX_GPIO_Init	40	static
../Core/Src/main.c:927:6:serialPrint	16	static
../Core/Src/main.c:933:6:serialPrintln	24	static
../Core/Src/main.c:941:6:delayMicro	16	static
../Core/Src/main.c:949:13:synthesize_waves	32	static
../Core/Src/main.c:984:6:HAL_DAC_ConvHalfCpltCallbackCh1	24	static
../Core/Src/main.c:995:6:HAL_DAC_ConvCpltCallbackCh1	24	static
../Core/Src/main.c:1002:10:setCANFilter	64	static
../Core/Src/main.c:1021:10:CAN_TX	40	static
../Core/Src/main.c:1039:10:CAN_CheckRXLevel	8	static
../Core/Src/main.c:1045:10:CAN_RX	48	static
../Core/Src/main.c:1061:6:setOutMuxBit	16	static
../Core/Src/main.c:1074:9:u8x8_gpio_and_delay	24	static
../Core/Src/main.c:1081:9:u8x8_byte_i2c	40	static
../Core/Src/main.c:1115:6:setRow	16	static
../Core/Src/main.c:1127:9:readCols	16	static
../Core/Src/main.c:1138:10:readKeys	16	static
../Core/Src/main.c:1154:10:readKnobs	16	static
../Core/Src/main.c:1170:9:changeKnobState	32	static
../Core/Src/main.c:1192:6:scanKnob	56	static
../Core/Src/main.c:1243:6:choose_wave_gen	96	static
../Core/Src/main.c:1290:6:display_wave	16	static
../Core/Src/main.c:1334:6:HAL_CAN_RxFifo0MsgPendingCallback	32	static
../Core/Src/main.c:1342:6:HAL_CAN_TxMailbox0CompleteCallback	16	static
../Core/Src/main.c:1348:6:HAL_CAN_TxMailbox1CompleteCallback	16	static
../Core/Src/main.c:1354:6:HAL_CAN_TxMailbox2CompleteCallback	16	static
../Core/Src/main.c:1369:6:StartDefaultTask	16	static
../Core/Src/main.c:1386:6:scanKeysTask	56	static
../Core/Src/main.c:1456:6:displayUpdateTask	136	static
../Core/Src/main.c:1550:6:decode	16	static
../Core/Src/main.c:1570:6:CAN_Transmit	32	static
../Core/Src/main.c:1596:6:HAL_TIM_PeriodElapsedCallback	16	static
../Core/Src/main.c:1613:6:Error_Handler	4	static,ignoring_inline_asm
