../Core/Src/main.c:219:13:synthesize_waves	32	static
../Core/Src/main.c:235:6:HAL_DAC_ConvHalfCpltCallbackCh1	24	static
../Core/Src/main.c:246:6:HAL_DAC_ConvCpltCallbackCh1	24	static
../Core/Src/main.c:261:5:main	64	static
../Core/Src/main.c:442:6:SystemClock_Config	96	static
../Core/Src/main.c:503:13:MX_ADC1_Init	32	static
../Core/Src/main.c:561:13:MX_CAN1_Init	8	static
../Core/Src/main.c:598:13:MX_DAC1_Init	48	static
../Core/Src/main.c:641:13:MX_I2C1_Init	8	static
../Core/Src/main.c:693:13:MX_TIM2_Init	40	static
../Core/Src/main.c:738:13:MX_TIM6_Init	24	static
../Core/Src/main.c:776:13:MX_TIM7_Init	24	static
../Core/Src/main.c:814:13:MX_USART2_UART_Init	8	static
../Core/Src/main.c:847:13:MX_DMA_Init	16	static
../Core/Src/main.c:865:13:MX_GPIO_Init	40	static
../Core/Src/main.c:907:6:serialPrint	16	static
../Core/Src/main.c:911:6:serialPrintln	24	static
../Core/Src/main.c:919:6:delayMicro	16	static
../Core/Src/main.c:927:6:setOutMuxBit	16	static
../Core/Src/main.c:940:9:u8x8_gpio_and_delay	24	static
../Core/Src/main.c:947:9:u8x8_byte_i2c	40	static
../Core/Src/main.c:981:6:setRow	16	static
../Core/Src/main.c:993:9:readCols	16	static
../Core/Src/main.c:1004:10:readKeys	16	static
../Core/Src/main.c:1020:6:rotationSteps	32	static
../Core/Src/main.c:1043:6:StartDefaultTask	16	static
../Core/Src/main.c:1060:6:scanKeysTask	32	static
../Core/Src/main.c:1091:6:displayUpdateTask	32	static
../Core/Src/main.c:1131:6:synthesizeTask	56	static
../Core/Src/main.c:1167:6:HAL_TIM_PeriodElapsedCallback	16	static
../Core/Src/main.c:1230:6:Error_Handler	4	static,ignoring_inline_asm
