../Core/Src/main.c:219:13:synthesize_waves	32	static
../Core/Src/main.c:235:6:HAL_DAC_ConvHalfCpltCallbackCh1	24	static
../Core/Src/main.c:246:6:HAL_DAC_ConvCpltCallbackCh1	24	static
../Core/Src/main.c:261:5:main	64	static
../Core/Src/main.c:452:6:SystemClock_Config	96	static
../Core/Src/main.c:513:13:MX_ADC1_Init	32	static
../Core/Src/main.c:571:13:MX_CAN1_Init	8	static
../Core/Src/main.c:608:13:MX_DAC1_Init	48	static
../Core/Src/main.c:651:13:MX_I2C1_Init	8	static
../Core/Src/main.c:703:13:MX_TIM2_Init	40	static
../Core/Src/main.c:748:13:MX_TIM6_Init	24	static
../Core/Src/main.c:786:13:MX_TIM7_Init	24	static
../Core/Src/main.c:824:13:MX_USART2_UART_Init	8	static
../Core/Src/main.c:857:13:MX_DMA_Init	16	static
../Core/Src/main.c:875:13:MX_GPIO_Init	40	static
../Core/Src/main.c:917:6:serialPrint	16	static
../Core/Src/main.c:921:6:serialPrintln	24	static
../Core/Src/main.c:929:6:delayMicro	16	static
../Core/Src/main.c:937:6:setOutMuxBit	16	static
../Core/Src/main.c:950:9:u8x8_gpio_and_delay	24	static
../Core/Src/main.c:957:9:u8x8_byte_i2c	40	static
../Core/Src/main.c:991:6:setRow	16	static
../Core/Src/main.c:1003:9:readCols	16	static
../Core/Src/main.c:1014:10:readKeys	16	static
../Core/Src/main.c:1030:6:rotationSteps	32	static
../Core/Src/main.c:1053:6:StartDefaultTask	16	static
../Core/Src/main.c:1070:6:scanKeysTask	32	static
../Core/Src/main.c:1101:6:displayUpdateTask	32	static
../Core/Src/main.c:1141:6:synthesizeTask	56	static
../Core/Src/main.c:1177:6:HAL_TIM_PeriodElapsedCallback	16	static
../Core/Src/main.c:1240:6:Error_Handler	4	static,ignoring_inline_asm
