../Core/Src/main.c:221:5:main	16	static
../Core/Src/main.c:306:6:serialPrint	16	static
../Core/Src/main.c:310:6:serialPrintln	24	static
../Core/Src/main.c:318:6:delayMicro	16	static
../Core/Src/main.c:328:6:HAL_DAC_ConvHalfCpltCallbackCh1	24	static
../Core/Src/main.c:336:6:HAL_DAC_ConvCpltCallbackCh1	24	static
../Core/Src/main.c:343:10:setCANFilter	64	static
../Core/Src/main.c:362:10:CAN_TX	40	static
../Core/Src/main.c:380:10:CAN_CheckRXLevel	8	static
../Core/Src/main.c:386:10:CAN_RX	48	static
../Core/Src/main.c:402:6:setOutMuxBit	16	static
../Core/Src/main.c:415:9:u8x8_gpio_and_delay	24	static
../Core/Src/main.c:422:9:u8x8_byte_i2c	40	static
../Core/Src/main.c:456:6:selectRow	16	static
../Core/Src/main.c:465:6:setMuxIO	24	static
../Core/Src/main.c:496:9:readCols	16	static
../Core/Src/main.c:508:9:changeKnobState	32	static
../Core/Src/main.c:530:6:scanKnob	48	static
../Core/Src/main.c:578:6:HAL_CAN_RxFifo0MsgPendingCallback	32	static
../Core/Src/main.c:586:6:HAL_CAN_TxMailbox0CompleteCallback	16	static
../Core/Src/main.c:592:6:HAL_CAN_TxMailbox1CompleteCallback	16	static
../Core/Src/main.c:598:6:HAL_CAN_TxMailbox2CompleteCallback	16	static
../Core/Src/main.c:613:6:StartDefaultTask	40	static
../Core/Src/main.c:633:6:scanKeysTask	56	static
../Core/Src/main.c:700:6:displayUpdateTask	136	static
../Core/Src/main.c:794:6:decode	32	static
../Core/Src/main.c:848:6:CAN_Transmit	32	static
../Core/Src/main.c:873:6:handshake	40	static
../Core/Src/main.c:971:6:HAL_TIM_PeriodElapsedCallback	16	static
../Core/Src/main.c:988:6:Error_Handler	4	static
