../Core/Src/main.c:150:5:main	80	static
../Core/Src/main.c:242:6:serialPrint	16	static
../Core/Src/main.c:246:6:serialPrintln	24	static
../Core/Src/main.c:252:6:delayMicro	16	static
../Core/Src/main.c:259:6:fill_output_first_half	8	static
../Core/Src/main.c:270:6:fill_output_second_half	8	static
../Core/Src/main.c:280:6:HAL_DAC_ConvHalfCpltCallbackCh1	16	static
../Core/Src/main.c:284:6:HAL_DAC_ConvCpltCallbackCh1	16	static
../Core/Src/main.c:289:6:setOutMuxBit	16	static
../Core/Src/main.c:302:6:selectRow	16	static
../Core/Src/main.c:311:6:setMuxIO	24	static
../Core/Src/main.c:344:9:readCols	16	static
../Core/Src/main.c:356:9:changeKnobState	32	static
../Core/Src/main.c:378:6:scanKnob	48	static
../Core/Src/main.c:427:6:StartDefaultTask	56	static
../Core/Src/main.c:447:6:scanKeysTask	56	static
../Core/Src/main.c:508:6:displayUpdateTask	120	static
../Core/Src/main.c:609:6:HAL_TIM_PeriodElapsedCallback	16	static
../Core/Src/main.c:617:6:Error_Handler	4	static
