../Core/Src/main.c:127:5:main	8	static
../Core/Src/main.c:240:6:SystemClock_Config	96	static
../Core/Src/main.c:299:13:MX_ADC1_Init	32	static
../Core/Src/main.c:354:13:MX_CAN1_Init	8	static
../Core/Src/main.c:389:13:MX_DAC1_Init	48	static
../Core/Src/main.c:435:13:MX_I2C1_Init	8	static
../Core/Src/main.c:484:13:MX_TIM6_Init	24	static
../Core/Src/main.c:520:13:MX_TIM7_Init	24	static
../Core/Src/main.c:556:13:MX_USART2_UART_Init	8	static
../Core/Src/main.c:589:13:MX_GPIO_Init	40	static
../Core/Src/main.c:635:6:serialPrint	16	static
../Core/Src/main.c:641:6:serialPrintln	24	static
../Core/Src/main.c:649:6:delayMicro	16	static
../Core/Src/main.c:657:6:setOutMuxBit	16	static
../Core/Src/main.c:670:9:u8x8_gpio_and_delay	24	static
../Core/Src/main.c:677:9:u8x8_byte_i2c	40	static
../Core/Src/main.c:711:6:setRow	16	static
../Core/Src/main.c:723:9:readCols	16	static
../Core/Src/main.c:734:10:readKeys	16	static
../Core/Src/main.c:750:6:rotationSteps	32	static
../Core/Src/main.c:773:6:StartDefaultTask	16	static
../Core/Src/main.c:789:6:scanKeysTask	32	static
../Core/Src/main.c:819:6:displayUpdateTask	32	static
../Core/Src/main.c:863:6:HAL_TIM_PeriodElapsedCallback	40	static
../Core/Src/main.c:923:6:Error_Handler	4	static,ignoring_inline_asm
