../Core/Src/main.c:232:6:HAL_DAC_ConvCpltCallbackCh1	32	static
../Core/Src/main.c:262:6:HAL_DAC_ConvCpltCallbackCh2	32	static
../Core/Src/main.c:286:5:main	56	static
../Core/Src/main.c:432:6:SystemClock_Config	96	static
../Core/Src/main.c:493:13:MX_ADC1_Init	32	static
../Core/Src/main.c:551:13:MX_CAN1_Init	8	static
../Core/Src/main.c:588:13:MX_DAC1_Init	48	static
../Core/Src/main.c:631:13:MX_I2C1_Init	8	static
../Core/Src/main.c:683:13:MX_TIM2_Init	40	static
../Core/Src/main.c:728:13:MX_TIM6_Init	24	static
../Core/Src/main.c:766:13:MX_TIM7_Init	24	static
../Core/Src/main.c:804:13:MX_USART2_UART_Init	8	static
../Core/Src/main.c:837:13:MX_DMA_Init	16	static
../Core/Src/main.c:855:13:MX_GPIO_Init	40	static
../Core/Src/main.c:897:6:serialPrint	16	static
../Core/Src/main.c:901:6:serialPrintln	24	static
../Core/Src/main.c:909:6:delayMicro	16	static
../Core/Src/main.c:917:6:setOutMuxBit	16	static
../Core/Src/main.c:930:9:u8x8_gpio_and_delay	24	static
../Core/Src/main.c:937:9:u8x8_byte_i2c	40	static
../Core/Src/main.c:971:6:setRow	16	static
../Core/Src/main.c:983:9:readCols	16	static
../Core/Src/main.c:994:10:readKeys	16	static
../Core/Src/main.c:1010:6:rotationSteps	32	static
../Core/Src/main.c:1033:6:StartDefaultTask	16	static
../Core/Src/main.c:1050:6:scanKeysTask	32	static
../Core/Src/main.c:1081:6:displayUpdateTask	32	static
../Core/Src/main.c:1121:6:synthesizeTask	32	static
../Core/Src/main.c:1150:6:HAL_TIM_PeriodElapsedCallback	16	static
../Core/Src/main.c:1213:6:Error_Handler	4	static
