../Core/Src/main.c:190:13:synthesize_waves	32	static
../Core/Src/main.c:208:6:HAL_DAC_ConvHalfCpltCallbackCh1	24	static
../Core/Src/main.c:214:6:HAL_DAC_ConvCpltCallbackCh1	24	static
../Core/Src/main.c:229:5:main	48	static
../Core/Src/main.c:375:6:SystemClock_Config	96	static
../Core/Src/main.c:436:13:MX_ADC1_Init	32	static
../Core/Src/main.c:494:13:MX_CAN1_Init	8	static
../Core/Src/main.c:531:13:MX_DAC1_Init	48	static
../Core/Src/main.c:574:13:MX_I2C1_Init	8	static
../Core/Src/main.c:626:13:MX_TIM2_Init	40	static
../Core/Src/main.c:671:13:MX_TIM6_Init	24	static
../Core/Src/main.c:709:13:MX_TIM7_Init	24	static
../Core/Src/main.c:747:13:MX_USART2_UART_Init	8	static
../Core/Src/main.c:780:13:MX_DMA_Init	16	static
../Core/Src/main.c:798:13:MX_GPIO_Init	40	static
../Core/Src/main.c:840:6:serialPrint	16	static
../Core/Src/main.c:844:6:serialPrintln	24	static
../Core/Src/main.c:852:6:delayMicro	16	static
../Core/Src/main.c:860:6:setOutMuxBit	16	static
../Core/Src/main.c:873:9:u8x8_gpio_and_delay	24	static
../Core/Src/main.c:880:9:u8x8_byte_i2c	40	static
../Core/Src/main.c:914:6:setRow	16	static
../Core/Src/main.c:926:9:readCols	16	static
../Core/Src/main.c:937:10:readKeys	16	static
../Core/Src/main.c:953:6:rotationSteps	32	static
../Core/Src/main.c:976:6:StartDefaultTask	16	static
../Core/Src/main.c:993:6:scanKeysTask	32	static
../Core/Src/main.c:1024:6:displayUpdateTask	32	static
../Core/Src/main.c:1064:6:synthesizeTask	56	static
../Core/Src/main.c:1100:6:HAL_TIM_PeriodElapsedCallback	16	static
../Core/Src/main.c:1163:6:Error_Handler	4	static
