../Core/Src/main.c:121:5:main	8	static
../Core/Src/main.c:232:6:SystemClock_Config	96	static
../Core/Src/main.c:291:13:MX_ADC1_Init	32	static
../Core/Src/main.c:346:13:MX_CAN1_Init	8	static
../Core/Src/main.c:381:13:MX_DAC1_Init	48	static
../Core/Src/main.c:427:13:MX_I2C1_Init	8	static
../Core/Src/main.c:472:13:MX_TIM6_Init	24	static
../Core/Src/main.c:508:13:MX_TIM7_Init	24	static
../Core/Src/main.c:544:13:MX_USART2_UART_Init	8	static
../Core/Src/main.c:577:13:MX_GPIO_Init	40	static
../Core/Src/main.c:623:6:serialPrint	16	static
../Core/Src/main.c:629:6:serialPrintln	24	static
../Core/Src/main.c:637:6:delayMicro	16	static
../Core/Src/main.c:645:6:setOutMuxBit	16	static
../Core/Src/main.c:658:6:setRow	16	static
../Core/Src/main.c:670:9:readCols	16	static
../Core/Src/main.c:681:10:readKeys	16	static
../Core/Src/main.c:697:6:rotationSteps	32	static
../Core/Src/main.c:720:6:StartDefaultTask	16	static
../Core/Src/main.c:736:6:scanKeysTask	32	static
../Core/Src/main.c:766:6:displayUpdateTask	24	static
../Core/Src/main.c:793:6:HAL_TIM_PeriodElapsedCallback	40	static
../Core/Src/main.c:853:6:Error_Handler	4	static,ignoring_inline_asm
