../Core/Src/main.c:148:5:main	8	static
../Core/Src/main.c:264:6:SystemClock_Config	96	static
../Core/Src/main.c:325:13:MX_ADC1_Init	32	static
../Core/Src/main.c:383:13:MX_CAN1_Init	8	static
../Core/Src/main.c:420:13:MX_DAC1_Init	48	static
../Core/Src/main.c:470:13:MX_I2C1_Init	8	static
../Core/Src/main.c:522:13:MX_TIM6_Init	24	static
../Core/Src/main.c:560:13:MX_TIM7_Init	24	static
../Core/Src/main.c:598:13:MX_USART2_UART_Init	8	static
../Core/Src/main.c:633:13:MX_GPIO_Init	40	static
../Core/Src/main.c:679:6:serialPrint	16	static
../Core/Src/main.c:685:6:serialPrintln	24	static
../Core/Src/main.c:693:6:delayMicro	16	static
../Core/Src/main.c:701:6:setOutMuxBit	16	static
../Core/Src/main.c:714:9:u8x8_gpio_and_delay	24	static
../Core/Src/main.c:721:9:u8x8_byte_i2c	40	static
../Core/Src/main.c:755:6:setRow	16	static
../Core/Src/main.c:767:9:readCols	16	static
../Core/Src/main.c:778:10:readKeys	16	static
../Core/Src/main.c:794:10:readKnobs	16	static
../Core/Src/main.c:810:9:changeKnobState	32	static
../Core/Src/main.c:834:6:scanKnob	64	static
../Core/Src/main.c:872:6:rotationSteps	32	static
../Core/Src/main.c:895:6:StartDefaultTask	16	static
../Core/Src/main.c:912:6:scanKeysTask	64	static
../Core/Src/main.c:954:6:displayUpdateTask	48	static
../Core/Src/main.c:1005:6:HAL_TIM_PeriodElapsedCallback	48	static
../Core/Src/main.c:1066:6:Error_Handler	4	static,ignoring_inline_asm
