../Core/Src/main.c:144:5:main	24	static
../Core/Src/main.c:284:6:SystemClock_Config	96	static
../Core/Src/main.c:345:13:MX_ADC1_Init	32	static
../Core/Src/main.c:403:13:MX_CAN1_Init	8	static
../Core/Src/main.c:440:13:MX_DAC1_Init	48	static
../Core/Src/main.c:490:13:MX_I2C1_Init	8	static
../Core/Src/main.c:542:13:MX_TIM6_Init	24	static
../Core/Src/main.c:580:13:MX_TIM7_Init	24	static
../Core/Src/main.c:618:13:MX_USART2_UART_Init	8	static
../Core/Src/main.c:653:13:MX_GPIO_Init	40	static
../Core/Src/main.c:699:6:serialPrint	16	static
../Core/Src/main.c:705:6:serialPrintln	24	static
../Core/Src/main.c:713:6:delayMicro	16	static
../Core/Src/main.c:721:10:setCANFilter	64	static
../Core/Src/main.c:740:10:CAN_TX	40	static
../Core/Src/main.c:760:10:CAN_CheckRXLevel	8	static
../Core/Src/main.c:766:10:CAN_RX	48	static
../Core/Src/main.c:782:6:setOutMuxBit	16	static
../Core/Src/main.c:795:9:u8x8_gpio_and_delay	24	static
../Core/Src/main.c:802:9:u8x8_byte_i2c	40	static
../Core/Src/main.c:836:6:setRow	16	static
../Core/Src/main.c:848:9:readCols	16	static
../Core/Src/main.c:859:10:readKeys	16	static
../Core/Src/main.c:875:6:rotationSteps	32	static
../Core/Src/main.c:889:6:HAL_CAN_RxFifo0MsgPendingCallback	16	static
../Core/Src/main.c:893:6:HAL_CAN_TxMailbox0CompleteCallback	16	static
../Core/Src/main.c:897:6:HAL_CAN_TxMailbox1CompleteCallback	16	static
../Core/Src/main.c:901:6:HAL_CAN_TxMailbox2CompleteCallback	16	static
../Core/Src/main.c:914:6:StartDefaultTask	16	static
../Core/Src/main.c:931:6:scanKeysTask	32	static
../Core/Src/main.c:962:6:displayUpdateTask	32	static
../Core/Src/main.c:1008:6:HAL_TIM_PeriodElapsedCallback	40	static
../Core/Src/main.c:1070:6:Error_Handler	4	static,ignoring_inline_asm
