../Core/Src/main.c:143:5:main	8	static
../Core/Src/main.c:258:6:SystemClock_Config	96	static
../Core/Src/main.c:319:13:MX_ADC1_Init	32	static
../Core/Src/main.c:377:13:MX_CAN1_Init	8	static
../Core/Src/main.c:414:13:MX_DAC1_Init	48	static
../Core/Src/main.c:464:13:MX_I2C1_Init	8	static
../Core/Src/main.c:516:13:MX_TIM6_Init	24	static
../Core/Src/main.c:554:13:MX_TIM7_Init	24	static
../Core/Src/main.c:592:13:MX_USART2_UART_Init	8	static
../Core/Src/main.c:625:13:MX_DMA_Init	16	static
../Core/Src/main.c:643:13:MX_GPIO_Init	40	static
../Core/Src/main.c:689:6:serialPrint	16	static
../Core/Src/main.c:695:6:serialPrintln	24	static
../Core/Src/main.c:703:6:delayMicro	16	static
../Core/Src/main.c:711:6:setOutMuxBit	16	static
../Core/Src/main.c:724:9:u8x8_gpio_and_delay	24	static
../Core/Src/main.c:731:9:u8x8_byte_i2c	40	static
../Core/Src/main.c:765:6:setRow	16	static
../Core/Src/main.c:777:9:readCols	16	static
../Core/Src/main.c:788:10:readKeys	16	static
../Core/Src/main.c:804:6:rotationSteps	32	static
../Core/Src/main.c:820:6:HAL_ADC_ConvHalfCpltCallback	16	static
../Core/Src/main.c:825:6:HAL_ADC_ConvCpltCallback	16	static
../Core/Src/main.c:839:6:StartDefaultTask	16	static
../Core/Src/main.c:856:6:scanKeysTask	32	static
../Core/Src/main.c:887:6:displayUpdateTask	32	static
../Core/Src/main.c:933:6:HAL_TIM_PeriodElapsedCallback	40	static
../Core/Src/main.c:994:6:Error_Handler	4	static,ignoring_inline_asm
