../Core/Src/main.c:125:5:main	8	static
../Core/Src/main.c:238:6:SystemClock_Config	96	static
../Core/Src/main.c:297:13:MX_ADC1_Init	32	static
../Core/Src/main.c:352:13:MX_CAN1_Init	8	static
../Core/Src/main.c:387:13:MX_DAC1_Init	48	static
../Core/Src/main.c:433:13:MX_I2C1_Init	8	static
../Core/Src/main.c:482:13:MX_TIM6_Init	24	static
../Core/Src/main.c:518:13:MX_TIM7_Init	24	static
../Core/Src/main.c:554:13:MX_USART2_UART_Init	8	static
../Core/Src/main.c:587:13:MX_GPIO_Init	40	static
../Core/Src/main.c:633:6:serialPrint	16	static
../Core/Src/main.c:639:6:serialPrintln	24	static
../Core/Src/main.c:647:6:delayMicro	16	static
../Core/Src/main.c:655:6:setOutMuxBit	16	static
../Core/Src/main.c:668:9:u8x8_gpio_and_delay	24	static
../Core/Src/main.c:675:9:u8x8_byte_i2c	40	static
../Core/Src/main.c:709:6:setRow	16	static
../Core/Src/main.c:721:9:readCols	16	static
../Core/Src/main.c:732:10:readKeys	16	static
../Core/Src/main.c:748:6:rotationSteps	32	static
../Core/Src/main.c:771:6:StartDefaultTask	16	static
../Core/Src/main.c:787:6:scanKeysTask	32	static
../Core/Src/main.c:817:6:displayUpdateTask	32	static
../Core/Src/main.c:862:6:HAL_TIM_PeriodElapsedCallback	40	static
../Core/Src/main.c:922:6:Error_Handler	4	static,ignoring_inline_asm
