../Core/Src/main.c:324:13:synthesize_waves	32	static
../Core/Src/main.c:347:6:HAL_DAC_ConvHalfCpltCallbackCh1	24	static
../Core/Src/main.c:358:6:HAL_DAC_ConvCpltCallbackCh1	24	static
../Core/Src/main.c:373:5:main	56	static
../Core/Src/main.c:513:6:SystemClock_Config	96	static
../Core/Src/main.c:574:13:MX_ADC1_Init	32	static
../Core/Src/main.c:632:13:MX_CAN1_Init	8	static
../Core/Src/main.c:669:13:MX_DAC1_Init	48	static
../Core/Src/main.c:712:13:MX_I2C1_Init	8	static
../Core/Src/main.c:764:13:MX_TIM2_Init	40	static
../Core/Src/main.c:809:13:MX_TIM6_Init	24	static
../Core/Src/main.c:847:13:MX_TIM7_Init	24	static
../Core/Src/main.c:885:13:MX_USART2_UART_Init	8	static
../Core/Src/main.c:918:13:MX_DMA_Init	16	static
../Core/Src/main.c:936:13:MX_GPIO_Init	40	static
../Core/Src/main.c:978:6:serialPrint	16	static
../Core/Src/main.c:982:6:serialPrintln	24	static
../Core/Src/main.c:990:6:delayMicro	16	static
../Core/Src/main.c:998:6:setOutMuxBit	16	static
../Core/Src/main.c:1011:9:u8x8_gpio_and_delay	24	static
../Core/Src/main.c:1018:9:u8x8_byte_i2c	40	static
../Core/Src/main.c:1052:6:setRow	16	static
../Core/Src/main.c:1064:9:readCols	16	static
../Core/Src/main.c:1075:10:readKeys	16	static
../Core/Src/main.c:1091:6:rotationSteps	32	static
../Core/Src/main.c:1114:6:StartDefaultTask	16	static
../Core/Src/main.c:1131:6:scanKeysTask	32	static
../Core/Src/main.c:1162:6:displayUpdateTask	32	static
../Core/Src/main.c:1202:6:synthesizeTask	56	static
../Core/Src/main.c:1238:6:HAL_TIM_PeriodElapsedCallback	16	static
../Core/Src/main.c:1301:6:Error_Handler	4	static
