../Core/Src/main.c:278:5:main	48	static
../Core/Src/main.c:439:6:SystemClock_Config	96	static
../Core/Src/main.c:500:13:MX_ADC1_Init	32	static
../Core/Src/main.c:558:13:MX_CAN1_Init	8	static
../Core/Src/main.c:595:13:MX_DAC1_Init	48	static
../Core/Src/main.c:647:13:MX_I2C1_Init	8	static
../Core/Src/main.c:699:13:MX_TIM2_Init	40	static
../Core/Src/main.c:744:13:MX_TIM6_Init	24	static
../Core/Src/main.c:782:13:MX_TIM7_Init	24	static
../Core/Src/main.c:820:13:MX_USART2_UART_Init	8	static
../Core/Src/main.c:853:13:MX_DMA_Init	16	static
../Core/Src/main.c:871:13:MX_GPIO_Init	40	static
../Core/Src/main.c:915:6:serialPrint	16	static
../Core/Src/main.c:921:6:serialPrintln	24	static
../Core/Src/main.c:929:6:delayMicro	16	static
../Core/Src/main.c:937:13:synthesize_waves	32	static
../Core/Src/main.c:972:6:HAL_DAC_ConvHalfCpltCallbackCh1	24	static
../Core/Src/main.c:983:6:HAL_DAC_ConvCpltCallbackCh1	24	static
../Core/Src/main.c:990:10:setCANFilter	64	static
../Core/Src/main.c:1009:10:CAN_TX	40	static
../Core/Src/main.c:1027:10:CAN_CheckRXLevel	8	static
../Core/Src/main.c:1033:10:CAN_RX	48	static
../Core/Src/main.c:1049:6:setOutMuxBit	16	static
../Core/Src/main.c:1062:9:u8x8_gpio_and_delay	24	static
../Core/Src/main.c:1069:9:u8x8_byte_i2c	40	static
../Core/Src/main.c:1103:6:setRow	16	static
../Core/Src/main.c:1115:9:readCols	16	static
../Core/Src/main.c:1126:10:readKeys	16	static
../Core/Src/main.c:1142:10:readKnobs	16	static
../Core/Src/main.c:1158:9:changeKnobState	32	static
../Core/Src/main.c:1180:6:scanKnob	56	static
../Core/Src/main.c:1231:6:choose_wave_gen	96	static
../Core/Src/main.c:1292:6:HAL_CAN_RxFifo0MsgPendingCallback	32	static
../Core/Src/main.c:1300:6:HAL_CAN_TxMailbox0CompleteCallback	16	static
../Core/Src/main.c:1306:6:HAL_CAN_TxMailbox1CompleteCallback	16	static
../Core/Src/main.c:1312:6:HAL_CAN_TxMailbox2CompleteCallback	16	static
../Core/Src/main.c:1327:6:StartDefaultTask	16	static
../Core/Src/main.c:1344:6:scanKeysTask	40	static
../Core/Src/main.c:1403:6:displayUpdateTask	120	static
../Core/Src/main.c:1483:6:decode	16	static
../Core/Src/main.c:1503:6:CAN_Transmit	32	static
../Core/Src/main.c:1529:6:HAL_TIM_PeriodElapsedCallback	16	static
../Core/Src/main.c:1546:6:Error_Handler	4	static,ignoring_inline_asm
