../Core/Src/main.c:175:6:HAL_DAC_ConvCpltCallbackCh1	24	static
../Core/Src/main.c:184:6:HAL_DAC_ConvCpltCallbackCh2	16	static
../Core/Src/main.c:195:5:main	16	static
../Core/Src/main.c:316:6:SystemClock_Config	96	static
../Core/Src/main.c:377:13:MX_ADC1_Init	32	static
../Core/Src/main.c:435:13:MX_CAN1_Init	8	static
../Core/Src/main.c:472:13:MX_DAC1_Init	48	static
../Core/Src/main.c:515:13:MX_I2C1_Init	8	static
../Core/Src/main.c:567:13:MX_TIM2_Init	40	static
../Core/Src/main.c:612:13:MX_TIM6_Init	24	static
../Core/Src/main.c:650:13:MX_TIM7_Init	24	static
../Core/Src/main.c:688:13:MX_USART2_UART_Init	8	static
../Core/Src/main.c:721:13:MX_DMA_Init	16	static
../Core/Src/main.c:739:13:MX_GPIO_Init	40	static
../Core/Src/main.c:781:6:serialPrint	16	static
../Core/Src/main.c:785:6:serialPrintln	24	static
../Core/Src/main.c:793:6:delayMicro	16	static
../Core/Src/main.c:801:6:setOutMuxBit	16	static
../Core/Src/main.c:814:9:u8x8_gpio_and_delay	24	static
../Core/Src/main.c:821:9:u8x8_byte_i2c	40	static
../Core/Src/main.c:855:6:setRow	16	static
../Core/Src/main.c:867:9:readCols	16	static
../Core/Src/main.c:878:10:readKeys	16	static
../Core/Src/main.c:894:6:rotationSteps	32	static
../Core/Src/main.c:917:6:StartDefaultTask	16	static
../Core/Src/main.c:934:6:scanKeysTask	32	static
../Core/Src/main.c:965:6:displayUpdateTask	32	static
../Core/Src/main.c:1005:6:synthesizeTask	72	static
../Core/Src/main.c:1074:6:HAL_TIM_PeriodElapsedCallback	16	static
../Core/Src/main.c:1137:6:Error_Handler	4	static
