../Core/Src/main.c:138:5:main	80	static
../Core/Src/main.c:228:6:serialPrint	16	static
../Core/Src/main.c:233:6:serialPrintln	24	static
../Core/Src/main.c:240:6:delayMicro	16	static
../Core/Src/main.c:248:6:fill_output_first_half	8	static
../Core/Src/main.c:257:6:fill_output_second_half	8	static
../Core/Src/main.c:266:6:HAL_DAC_ConvHalfCpltCallbackCh1	16	static
../Core/Src/main.c:271:6:HAL_DAC_ConvCpltCallbackCh1	16	static
../Core/Src/main.c:276:6:setOutMuxBit	16	static
../Core/Src/main.c:289:6:selectRow	16	static
../Core/Src/main.c:298:9:readCols	16	static
../Core/Src/main.c:309:9:changeKnobState	32	static
../Core/Src/main.c:331:6:scanKnob	64	static
../Core/Src/main.c:390:6:StartDefaultTask	40	static
../Core/Src/main.c:413:6:scanKeysTask	56	static
../Core/Src/main.c:501:6:displayUpdateTask	120	static
../Core/Src/main.c:610:6:HAL_TIM_PeriodElapsedCallback	16	static
../Core/Src/main.c:619:6:Error_Handler	4	static,ignoring_inline_asm
