../Core/Src/main.c:137:5:main	80	static
../Core/Src/main.c:227:6:serialPrint	16	static
../Core/Src/main.c:232:6:serialPrintln	24	static
../Core/Src/main.c:239:6:delayMicro	16	static
../Core/Src/main.c:247:6:fill_output_first_half	8	static
../Core/Src/main.c:256:6:fill_output_second_half	8	static
../Core/Src/main.c:265:6:HAL_DAC_ConvHalfCpltCallbackCh1	16	static
../Core/Src/main.c:270:6:HAL_DAC_ConvCpltCallbackCh1	16	static
../Core/Src/main.c:275:6:setOutMuxBit	16	static
../Core/Src/main.c:288:6:selectRow	16	static
../Core/Src/main.c:297:9:readCols	16	static
../Core/Src/main.c:308:9:changeKnobState	32	static
../Core/Src/main.c:330:6:scanKnob	64	static
../Core/Src/main.c:389:6:StartDefaultTask	40	static
../Core/Src/main.c:412:6:scanKeysTask	48	static
../Core/Src/main.c:486:6:displayUpdateTask	112	static
../Core/Src/main.c:595:6:HAL_TIM_PeriodElapsedCallback	16	static
../Core/Src/main.c:604:6:Error_Handler	4	static,ignoring_inline_asm
