../Core/Src/main.c:196:5:main	8	static
../Core/Src/main.c:335:6:SystemClock_Config	96	static
../Core/Src/main.c:396:13:MX_ADC1_Init	32	static
../Core/Src/main.c:454:13:MX_CAN1_Init	8	static
../Core/Src/main.c:491:13:MX_DAC1_Init	48	static
../Core/Src/main.c:541:13:MX_I2C1_Init	8	static
../Core/Src/main.c:593:13:MX_TIM6_Init	24	static
../Core/Src/main.c:631:13:MX_TIM7_Init	24	static
../Core/Src/main.c:669:13:MX_USART2_UART_Init	8	static
../Core/Src/main.c:704:13:MX_GPIO_Init	40	static
../Core/Src/main.c:750:6:serialPrint	16	static
../Core/Src/main.c:756:6:serialPrintln	24	static
../Core/Src/main.c:764:6:delayMicro	16	static
../Core/Src/main.c:772:10:setCANFilter	64	static
../Core/Src/main.c:791:10:CAN_TX	40	static
../Core/Src/main.c:809:10:CAN_CheckRXLevel	8	static
../Core/Src/main.c:815:10:CAN_RX	48	static
../Core/Src/main.c:831:6:setOutMuxBit	16	static
../Core/Src/main.c:844:9:u8x8_gpio_and_delay	24	static
../Core/Src/main.c:851:9:u8x8_byte_i2c	40	static
../Core/Src/main.c:885:6:setRow	16	static
../Core/Src/main.c:897:9:readCols	16	static
../Core/Src/main.c:908:10:readKeys	16	static
../Core/Src/main.c:924:10:readKnobs	16	static
../Core/Src/main.c:940:9:changeKnobState	32	static
../Core/Src/main.c:964:6:scanKnob	32	static
../Core/Src/main.c:1002:6:rotationSteps	32	static
../Core/Src/main.c:1016:6:HAL_CAN_RxFifo0MsgPendingCallback	32	static
../Core/Src/main.c:1024:6:HAL_CAN_TxMailbox0CompleteCallback	16	static
../Core/Src/main.c:1030:6:HAL_CAN_TxMailbox1CompleteCallback	16	static
../Core/Src/main.c:1036:6:HAL_CAN_TxMailbox2CompleteCallback	16	static
../Core/Src/main.c:1051:6:StartDefaultTask	16	static
../Core/Src/main.c:1068:6:scanKeysTask	40	static
../Core/Src/main.c:1123:6:displayUpdateTask	48	static
../Core/Src/main.c:1184:6:decode	16	static
../Core/Src/main.c:1213:6:CAN_Transmit	32	static
../Core/Src/main.c:1239:6:HAL_TIM_PeriodElapsedCallback	48	static
../Core/Src/main.c:1300:6:Error_Handler	4	static,ignoring_inline_asm
