Archive member included to satisfy reference by file (symbol)

/home/jlsand/Downloads/makeself_dir_OqaUza/y/plugins/com.st.stm32cube.ide.mcu.externaltools.gnu-tools-for-stm32.10.3-2021.10.linux64_1.0.100.202210260954/tools/bin/../lib/gcc/arm-none-eabi/10.3.1/../../../../arm-none-eabi/lib/thumb/v7e-m+fp/hard/libc_nano.a(lib_a-errno.o)
                              ./Core/Src/syscalls.o (__errno)
/home/jlsand/Downloads/makeself_dir_OqaUza/y/plugins/com.st.stm32cube.ide.mcu.externaltools.gnu-tools-for-stm32.10.3-2021.10.linux64_1.0.100.202210260954/tools/bin/../lib/gcc/arm-none-eabi/10.3.1/../../../../arm-none-eabi/lib/thumb/v7e-m+fp/hard/libc_nano.a(lib_a-exit.o)
                              /home/jlsand/Downloads/makeself_dir_OqaUza/y/plugins/com.st.stm32cube.ide.mcu.externaltools.gnu-tools-for-stm32.10.3-2021.10.linux64_1.0.100.202210260954/tools/bin/../lib/gcc/arm-none-eabi/10.3.1/../../../../arm-none-eabi/lib/thumb/v7e-m+fp/hard/crt0.o (exit)
/home/jlsand/Downloads/makeself_dir_OqaUza/y/plugins/com.st.stm32cube.ide.mcu.externaltools.gnu-tools-for-stm32.10.3-2021.10.linux64_1.0.100.202210260954/tools/bin/../lib/gcc/arm-none-eabi/10.3.1/../../../../arm-none-eabi/lib/thumb/v7e-m+fp/hard/libc_nano.a(lib_a-findfp.o)
                              ./Middlewares/Third_Party/FreeRTOS/Source/tasks.o (__sf_fake_stderr)
/home/jlsand/Downloads/makeself_dir_OqaUza/y/plugins/com.st.stm32cube.ide.mcu.externaltools.gnu-tools-for-stm32.10.3-2021.10.linux64_1.0.100.202210260954/tools/bin/../lib/gcc/arm-none-eabi/10.3.1/../../../../arm-none-eabi/lib/thumb/v7e-m+fp/hard/libc_nano.a(lib_a-fwalk.o)
                              /home/jlsand/Downloads/makeself_dir_OqaUza/y/plugins/com.st.stm32cube.ide.mcu.externaltools.gnu-tools-for-stm32.10.3-2021.10.linux64_1.0.100.202210260954/tools/bin/../lib/gcc/arm-none-eabi/10.3.1/../../../../arm-none-eabi/lib/thumb/v7e-m+fp/hard/libc_nano.a(lib_a-findfp.o) (_fwalk)
/home/jlsand/Downloads/makeself_dir_OqaUza/y/plugins/com.st.stm32cube.ide.mcu.externaltools.gnu-tools-for-stm32.10.3-2021.10.linux64_1.0.100.202210260954/tools/bin/../lib/gcc/arm-none-eabi/10.3.1/../../../../arm-none-eabi/lib/thumb/v7e-m+fp/hard/libc_nano.a(lib_a-impure.o)
                              /home/jlsand/Downloads/makeself_dir_OqaUza/y/plugins/com.st.stm32cube.ide.mcu.externaltools.gnu-tools-for-stm32.10.3-2021.10.linux64_1.0.100.202210260954/tools/bin/../lib/gcc/arm-none-eabi/10.3.1/../../../../arm-none-eabi/lib/thumb/v7e-m+fp/hard/libc_nano.a(lib_a-exit.o) (_global_impure_ptr)
/home/jlsand/Downloads/makeself_dir_OqaUza/y/plugins/com.st.stm32cube.ide.mcu.externaltools.gnu-tools-for-stm32.10.3-2021.10.linux64_1.0.100.202210260954/tools/bin/../lib/gcc/arm-none-eabi/10.3.1/../../../../arm-none-eabi/lib/thumb/v7e-m+fp/hard/libc_nano.a(lib_a-init.o)
                              /home/jlsand/Downloads/makeself_dir_OqaUza/y/plugins/com.st.stm32cube.ide.mcu.externaltools.gnu-tools-for-stm32.10.3-2021.10.linux64_1.0.100.202210260954/tools/bin/../lib/gcc/arm-none-eabi/10.3.1/../../../../arm-none-eabi/lib/thumb/v7e-m+fp/hard/crt0.o (__libc_init_array)
/home/jlsand/Downloads/makeself_dir_OqaUza/y/plugins/com.st.stm32cube.ide.mcu.externaltools.gnu-tools-for-stm32.10.3-2021.10.linux64_1.0.100.202210260954/tools/bin/../lib/gcc/arm-none-eabi/10.3.1/../../../../arm-none-eabi/lib/thumb/v7e-m+fp/hard/libc_nano.a(lib_a-lock.o)
                              /home/jlsand/Downloads/makeself_dir_OqaUza/y/plugins/com.st.stm32cube.ide.mcu.externaltools.gnu-tools-for-stm32.10.3-2021.10.linux64_1.0.100.202210260954/tools/bin/../lib/gcc/arm-none-eabi/10.3.1/../../../../arm-none-eabi/lib/thumb/v7e-m+fp/hard/libc_nano.a(lib_a-findfp.o) (__retarget_lock_init_recursive)
/home/jlsand/Downloads/makeself_dir_OqaUza/y/plugins/com.st.stm32cube.ide.mcu.externaltools.gnu-tools-for-stm32.10.3-2021.10.linux64_1.0.100.202210260954/tools/bin/../lib/gcc/arm-none-eabi/10.3.1/../../../../arm-none-eabi/lib/thumb/v7e-m+fp/hard/libc_nano.a(lib_a-memcpy-stub.o)
                              ./Middlewares/Third_Party/FreeRTOS/Source/CMSIS_RTOS_V2/cmsis_os2.o (memcpy)
/home/jlsand/Downloads/makeself_dir_OqaUza/y/plugins/com.st.stm32cube.ide.mcu.externaltools.gnu-tools-for-stm32.10.3-2021.10.linux64_1.0.100.202210260954/tools/bin/../lib/gcc/arm-none-eabi/10.3.1/../../../../arm-none-eabi/lib/thumb/v7e-m+fp/hard/libc_nano.a(lib_a-memset.o)
                              /home/jlsand/Downloads/makeself_dir_OqaUza/y/plugins/com.st.stm32cube.ide.mcu.externaltools.gnu-tools-for-stm32.10.3-2021.10.linux64_1.0.100.202210260954/tools/bin/../lib/gcc/arm-none-eabi/10.3.1/../../../../arm-none-eabi/lib/thumb/v7e-m+fp/hard/crt0.o (memset)
/home/jlsand/Downloads/makeself_dir_OqaUza/y/plugins/com.st.stm32cube.ide.mcu.externaltools.gnu-tools-for-stm32.10.3-2021.10.linux64_1.0.100.202210260954/tools/bin/../lib/gcc/arm-none-eabi/10.3.1/../../../../arm-none-eabi/lib/thumb/v7e-m+fp/hard/libc_nano.a(lib_a-nano-mallocr.o)
[...]
Memory Configuration

Name             Origin             Length             Attributes
RAM              0x0000000020000000 0x0000000000010000 xrw
RAM2             0x0000000010000000 0x0000000000004000 xrw
FLASH            0x0000000008000000 0x0000000000040000 xr
*default*        0x0000000000000000 0xffffffffffffffff

Linker script and memory map

LOAD /home/jlsand/Downloads/makeself_dir_OqaUza/y/plugins/com.st.stm32cube.ide.mcu.externaltools.gnu-tools-for-stm32.10.3-2021.10.linux64_1.0.100.202210260954/tools/bin/../lib/gcc/arm-none-eabi/10.3.1/thumb/v7e-m+fp/hard/crti.o
LOAD /home/jlsand/Downloads/makeself_dir_OqaUza/y/plugins/com.st.stm32cube.ide.mcu.externaltools.gnu-tools-for-stm32.10.3-2021.10.linux64_1.0.100.202210260954/tools/bin/../lib/gcc/arm-none-eabi/10.3.1/thumb/v7e-m+fp/hard/crtbegin.o
LOAD /home/jlsand/Downloads/makeself_dir_OqaUza/y/plugins/com.st.stm32cube.ide.mcu.externaltools.gnu-tools-for-stm32.10.3-2021.10.linux64_1.0.100.202210260954/tools/bin/../lib/gcc/arm-none-eabi/10.3.1/../../../../arm-none-eabi/lib/thumb/v7e-m+fp/hard/crt0.o
LOAD ./Core/Inc/csrc/mui.o
LOAD ./Core/Inc/csrc/mui_u8g2.o
LOAD ./Core/Inc/csrc/u8g2_bitmap.o
LOAD ./Core/Inc/csrc/u8g2_box.o
LOAD ./Core/Inc/csrc/u8g2_buffer.o
LOAD ./Core/Inc/csrc/u8g2_button.o
LOAD ./Core/Inc/csrc/u8g2_circle.o
LOAD ./Core/Inc/csrc/u8g2_cleardisplay.o
LOAD ./Core/Inc/csrc/u8g2_d_memory.o
LOAD ./Core/Inc/csrc/u8g2_d_setup.o
LOAD ./Core/Inc/csrc/u8g2_font.o
LOAD ./Core/Inc/csrc/u8g2_fonts.o
LOAD ./Core/Inc/csrc/u8g2_hvline.o
LOAD ./Core/Inc/csrc/u8g2_input_value.o
LOAD ./Core/Inc/csrc/u8g2_intersection.o
LOAD ./Core/Inc/csrc/u8g2_kerning.o
LOAD ./Core/Inc/csrc/u8g2_line.o
LOAD ./Core/Inc/csrc/u8g2_ll_hvline.o
LOAD ./Core/Inc/csrc/u8g2_message.o
LOAD ./Core/Inc/csrc/u8g2_polygon.o
LOAD ./Core/Inc/csrc/u8g2_selection_list.o
LOAD ./Core/Inc/csrc/u8g2_setup.o
LOAD ./Core/Inc/csrc/u8log.o
LOAD ./Core/Inc/csrc/u8log_u8g2.o
LOAD ./Core/Inc/csrc/u8log_u8x8.o
LOAD ./Core/Inc/csrc/u8x8_8x8.o
LOAD ./Core/Inc/csrc/u8x8_byte.o
LOAD ./Core/Inc/csrc/u8x8_cad.o
LOAD ./Core/Inc/csrc/u8x8_capture.o
LOAD ./Core/Inc/csrc/u8x8_d_a2printer.o
LOAD ./Core/Inc/csrc/u8x8_d_gp1247ai.o
LOAD ./Core/Inc/csrc/u8x8_d_gp1287ai.o
LOAD ./Core/Inc/csrc/u8x8_d_gu800.o
LOAD ./Core/Inc/csrc/u8x8_d_hd44102.o
LOAD ./Core/Inc/csrc/u8x8_d_il3820_296x128.o
LOAD ./Core/Inc/csrc/u8x8_d_ist3020.o
LOAD ./Core/Inc/csrc/u8x8_d_ist3088.o
LOAD ./Core/Inc/csrc/u8x8_d_ist7920.o
LOAD ./Core/Inc/csrc/u8x8_d_ks0108.o
LOAD ./Core/Inc/csrc/u8x8_d_lc7981.o
LOAD ./Core/Inc/csrc/u8x8_d_ld7032_60x32.o
LOAD ./Core/Inc/csrc/u8x8_d_ls013b7dh03.o
LOAD ./Core/Inc/csrc/u8x8_d_max7219.o
LOAD ./Core/Inc/csrc/u8x8_d_pcd8544_84x48.o
LOAD ./Core/Inc/csrc/u8x8_d_pcf8812.o
LOAD ./Core/Inc/csrc/u8x8_d_pcf8814_hx1230.o
LOAD ./Core/Inc/csrc/u8x8_d_s1d15300.o
LOAD ./Core/Inc/csrc/u8x8_d_s1d15721.o
LOAD ./Core/Inc/csrc/u8x8_d_s1d15e06.o
LOAD ./Core/Inc/csrc/u8x8_d_sbn1661.o
LOAD ./Core/Inc/csrc/u8x8_d_sed1330.o
LOAD ./Core/Inc/csrc/u8x8_d_sh1106_64x32.o
LOAD ./Core/Inc/csrc/u8x8_d_sh1106_72x40.o
LOAD ./Core/Inc/csrc/u8x8_d_sh1107.o
LOAD ./Core/Inc/csrc/u8x8_d_sh1108.o
LOAD ./Core/Inc/csrc/u8x8_d_sh1122.o
LOAD ./Core/Inc/csrc/u8x8_d_ssd1305.o
LOAD ./Core/Inc/csrc/u8x8_d_ssd1306_128x32.o
LOAD ./Core/Inc/csrc/u8x8_d_ssd1306_128x64_noname.o
LOAD ./Core/Inc/csrc/u8x8_d_ssd1306_2040x16.o
LOAD ./Core/Inc/csrc/u8x8_d_ssd1306_48x64.o
LOAD ./Core/Inc/csrc/u8x8_d_ssd1306_64x32.o
LOAD ./Core/Inc/csrc/u8x8_d_ssd1306_64x48.o
LOAD ./Core/Inc/csrc/u8x8_d_ssd1306_72x40.o
LOAD ./Core/Inc/csrc/u8x8_d_ssd1306_96x16.o
LOAD ./Core/Inc/csrc/u8x8_d_ssd1306_96x40.o
LOAD ./Core/Inc/csrc/u8x8_d_ssd1309.o
LOAD ./Core/Inc/csrc/u8x8_d_ssd1316.o
LOAD ./Core/Inc/csrc/u8x8_d_ssd1317.o
LOAD ./Core/Inc/csrc/u8x8_d_ssd1318.o
LOAD ./Core/Inc/csrc/u8x8_d_ssd1320.o
LOAD ./Core/Inc/csrc/u8x8_d_ssd1322.o
LOAD ./Core/Inc/csrc/u8x8_d_ssd1325.o
LOAD ./Core/Inc/csrc/u8x8_d_ssd1326.o
LOAD ./Core/Inc/csrc/u8x8_d_ssd1327.o
LOAD ./Core/Inc/csrc/u8x8_d_ssd1329.o
LOAD ./Core/Inc/csrc/u8x8_d_ssd1362.o
LOAD ./Core/Inc/csrc/u8x8_d_ssd1606_172x72.o
LOAD ./Core/Inc/csrc/u8x8_d_ssd1607_200x200.o
LOAD ./Core/Inc/csrc/u8x8_d_st7511.o
LOAD ./Core/Inc/csrc/u8x8_d_st75160.o
LOAD ./Core/Inc/csrc/u8x8_d_st75256.o
LOAD ./Core/Inc/csrc/u8x8_d_st7528.o
LOAD ./Core/Inc/csrc/u8x8_d_st75320.o
LOAD ./Core/Inc/csrc/u8x8_d_st7565.o
LOAD ./Core/Inc/csrc/u8x8_d_st7567.o
LOAD ./Core/Inc/csrc/u8x8_d_st7571.o
LOAD ./Core/Inc/csrc/u8x8_d_st7586s_erc240160.o
LOAD ./Core/Inc/csrc/u8x8_d_st7586s_jlx384160.o
LOAD ./Core/Inc/csrc/u8x8_d_st7586s_s028hn118a.o
LOAD ./Core/Inc/csrc/u8x8_d_st7586s_ymc240160.o
LOAD ./Core/Inc/csrc/u8x8_d_st7588.o
LOAD ./Core/Inc/csrc/u8x8_d_st7920.o
LOAD ./Core/Inc/csrc/u8x8_d_stdio.o
LOAD ./Core/Inc/csrc/u8x8_d_t6963.o
LOAD ./Core/Inc/csrc/u8x8_d_uc1601.o
LOAD ./Core/Inc/csrc/u8x8_d_uc1604.o
LOAD ./Core/Inc/csrc/u8x8_d_uc1608.o
LOAD ./Core/Inc/csrc/u8x8_d_uc1609.o
LOAD ./Core/Inc/csrc/u8x8_d_uc1610.o
LOAD ./Core/Inc/csrc/u8x8_d_uc1611.o
LOAD ./Core/Inc/csrc/u8x8_d_uc1617.o
LOAD ./Core/Inc/csrc/u8x8_d_uc1638.o
LOAD ./Core/Inc/csrc/u8x8_d_uc1701_dogs102.o
LOAD ./Core/Inc/csrc/u8x8_d_uc1701_mini12864.o
LOAD ./Core/Inc/csrc/u8x8_debounce.o
LOAD ./Core/Inc/csrc/u8x8_display.o
LOAD ./Core/Inc/csrc/u8x8_fonts.o
LOAD ./Core/Inc/csrc/u8x8_gpio.o
LOAD ./Core/Inc/csrc/u8x8_input_value.o
LOAD ./Core/Inc/csrc/u8x8_message.o
LOAD ./Core/Inc/csrc/u8x8_selection_list.o
LOAD ./Core/Inc/csrc/u8x8_setup.o
LOAD ./Core/Inc/csrc/u8x8_string.o
LOAD ./Core/Inc/csrc/u8x8_u16toa.o
LOAD ./Core/Inc/csrc/u8x8_u8toa.o
LOAD ./Core/Src/cann.o
LOAD ./Core/Src/freertos.o
LOAD ./Core/Src/hardware_config.o
LOAD ./Core/Src/main.o
LOAD ./Core/Src/stm32l4xx_hal_msp.o
LOAD ./Core/Src/stm32l4xx_hal_timebase_tim.o
LOAD ./Core/Src/stm32l4xx_it.o
LOAD ./Core/Src/syscalls.o
LOAD ./Core/Src/sysmem.o
LOAD ./Core/Src/system_stm32l4xx.o
LOAD ./Core/Src/wavegen.o
LOAD ./Core/Startup/startup_stm32l432kcux.o
LOAD ./Drivers/STM32L4xx_HAL_Driver/Src/stm32l4xx_hal.o
LOAD ./Drivers/STM32L4xx_HAL_Driver/Src/stm32l4xx_hal_adc.o
LOAD ./Drivers/STM32L4xx_HAL_Driver/Src/stm32l4xx_hal_adc_ex.o
LOAD ./Drivers/STM32L4xx_HAL_Driver/Src/stm32l4xx_hal_can.o
LOAD ./Drivers/STM32L4xx_HAL_Driver/Src/stm32l4xx_hal_cortex.o
LOAD ./Drivers/STM32L4xx_HAL_Driver/Src/stm32l4xx_hal_dac.o
LOAD ./Drivers/STM32L4xx_HAL_Driver/Src/stm32l4xx_hal_dac_ex.o
LOAD ./Drivers/STM32L4xx_HAL_Driver/Src/stm32l4xx_hal_dma.o
LOAD ./Drivers/STM32L4xx_HAL_Driver/Src/stm32l4xx_hal_dma_ex.o
LOAD ./Drivers/STM32L4xx_HAL_Driver/Src/stm32l4xx_hal_exti.o
LOAD ./Drivers/STM32L4xx_HAL_Driver/Src/stm32l4xx_hal_flash.o
LOAD ./Drivers/STM32L4xx_HAL_Driver/Src/stm32l4xx_hal_flash_ex.o
LOAD ./Drivers/STM32L4xx_HAL_Driver/Src/stm32l4xx_hal_flash_ramfunc.o
LOAD ./Drivers/STM32L4xx_HAL_Driver/Src/stm32l4xx_hal_gpio.o
LOAD ./Drivers/STM32L4xx_HAL_Driver/Src/stm32l4xx_hal_i2c.o
LOAD ./Drivers/STM32L4xx_HAL_Driver/Src/stm32l4xx_hal_i2c_ex.o
LOAD ./Drivers/STM32L4xx_HAL_Driver/Src/stm32l4xx_hal_pwr.o
LOAD ./Drivers/STM32L4xx_HAL_Driver/Src/stm32l4xx_hal_pwr_ex.o
LOAD ./Drivers/STM32L4xx_HAL_Driver/Src/stm32l4xx_hal_rcc.o
LOAD ./Drivers/STM32L4xx_HAL_Driver/Src/stm32l4xx_hal_rcc_ex.o
LOAD ./Drivers/STM32L4xx_HAL_Driver/Src/stm32l4xx_hal_tim.o
LOAD ./Drivers/STM32L4xx_HAL_Driver/Src/stm32l4xx_hal_tim_ex.o
LOAD ./Drivers/STM32L4xx_HAL_Driver/Src/stm32l4xx_hal_uart.o
LOAD ./Drivers/STM32L4xx_HAL_Driver/Src/stm32l4xx_hal_uart_ex.o
LOAD ./Middlewares/Third_Party/FreeRTOS/Source/CMSIS_RTOS_V2/cmsis_os2.o
LOAD ./Middlewares/Third_Party/FreeRTOS/Source/croutine.o
LOAD ./Middlewares/Third_Party/FreeRTOS/Source/event_groups.o
LOAD ./Middlewares/Third_Party/FreeRTOS/Source/list.o
LOAD ./Middlewares/Third_Party/FreeRTOS/Source/queue.o
LOAD ./Middlewares/Third_Party/FreeRTOS/Source/stream_buffer.o
LOAD ./Middlewares/Third_Party/FreeRTOS/Source/tasks.o
LOAD ./Middlewares/Third_Party/FreeRTOS/Source/timers.o
LOAD ./Middlewares/Third_Party/FreeRTOS/Source/portable/GCC/ARM_CM4F/port.o
LOAD ./Middlewares/Third_Party/FreeRTOS/Source/portable/MemMang/heap_4.o
START GROUP
LOAD /home/jlsand/Downloads/makeself_dir_OqaUza/y/plugins/com.st.stm32cube.ide.mcu.externaltools.gnu-tools-for-stm32.10.3-2021.10.linux64_1.0.100.202210260954/tools/bin/../lib/gcc/arm-none-eabi/10.3.1/../../../../arm-none-eabi/lib/thumb/v7e-m+fp/hard/libc_nano.a
LOAD /home/jlsand/Downloads/makeself_dir_OqaUza/y/plugins/com.st.stm32cube.ide.mcu.externaltools.gnu-tools-for-stm32.10.3-2021.10.linux64_1.0.100.202210260954/tools/bin/../lib/gcc/arm-none-eabi/10.3.1/../../../../arm-none-eabi/lib/thumb/v7e-m+fp/hard/libm.a
END GROUP
START GROUP
LOAD /home/jlsand/Downloads/makeself_dir_OqaUza/y/plugins/com.st.stm32cube.ide.mcu.externaltools.gnu-tools-for-stm32.10.3-2021.10.linux64_1.0.100.202210260954/tools/bin/../lib/gcc/arm-none-eabi/10.3.1/thumb/v7e-m+fp/hard/libgcc.a
LOAD /home/jlsand/Downloads/makeself_dir_OqaUza/y/plugins/com.st.stm32cube.ide.mcu.externaltools.gnu-tools-for-stm32.10.3-2021.10.linux64_1.0.100.202210260954/tools/bin/../lib/gcc/arm-none-eabi/10.3.1/../../../../arm-none-eabi/lib/thumb/v7e-m+fp/hard/libc_nano.a
END GROUP
START GROUP
LOAD /home/jlsand/Downloads/makeself_dir_OqaUza/y/plugins/com.st.stm32cube.ide.mcu.externaltools.gnu-tools-for-stm32.10.3-2021.10.linux64_1.0.100.202210260954/tools/bin/../lib/gcc/arm-none-eabi/10.3.1/thumb/v7e-m+fp/hard/libgcc.a
LOAD /home/jlsand/Downloads/makeself_dir_OqaUza/y/plugins/com.st.stm32cube.ide.mcu.externaltools.gnu-tools-for-stm32.10.3-2021.10.linux64_1.0.100.202210260954/tools/bin/../lib/gcc/arm-none-eabi/10.3.1/../../../../arm-none-eabi/lib/thumb/v7e-m+fp/hard/libc_nano.a
LOAD /home/jlsand/Downloads/makeself_dir_OqaUza/y/plugins/com.st.stm32cube.ide.mcu.externaltools.gnu-tools-for-stm32.10.3-2021.10.linux64_1.0.100.202210260954/tools/bin/../lib/gcc/arm-none-eabi/10.3.1/../../../../arm-none-eabi/lib/thumb/v7e-m+fp/hard/libnosys.a
END GROUP
START GROUP
LOAD /home/jlsand/Downloads/makeself_dir_OqaUza/y/plugins/com.st.stm32cube.ide.mcu.externaltools.gnu-tools-for-stm32.10.3-2021.10.linux64_1.0.100.202210260954/tools/bin/../lib/gcc/arm-none-eabi/10.3.1/thumb/v7e-m+fp/hard/libgcc.a
LOAD /home/jlsand/Downloads/makeself_dir_OqaUza/y/plugins/com.st.stm32cube.ide.mcu.externaltools.gnu-tools-for-stm32.10.3-2021.10.linux64_1.0.100.202210260954/tools/bin/../lib/gcc/arm-none-eabi/10.3.1/../../../../arm-none-eabi/lib/thumb/v7e-m+fp/hard/libc_nano.a
LOAD /home/jlsand/Downloads/makeself_dir_OqaUza/y/plugins/com.st.stm32cube.ide.mcu.externaltools.gnu-tools-for-stm32.10.3-2021.10.linux64_1.0.100.202210260954/tools/bin/../lib/gcc/arm-none-eabi/10.3.1/../../../../arm-none-eabi/lib/thumb/v7e-m+fp/hard/libnosys.a
END GROUP
LOAD /home/jlsand/Downloads/makeself_dir_OqaUza/y/plugins/com.st.stm32cube.ide.mcu.externaltools.gnu-tools-for-stm32.10.3-2021.10.linux64_1.0.100.202210260954/tools/bin/../lib/gcc/arm-none-eabi/10.3.1/thumb/v7e-m+fp/hard/crtend.o
LOAD /home/jlsand/Downloads/makeself_dir_OqaUza/y/plugins/com.st.stm32cube.ide.mcu.externaltools.gnu-tools-for-stm32.10.3-2021.10.linux64_1.0.100.202210260954/tools/bin/../lib/gcc/arm-none-eabi/10.3.1/thumb/v7e-m+fp/hard/crtn.o
                0x0000000020010000                _estack = (ORIGIN (RAM) + LENGTH (RAM))
                0x0000000000000200                _Min_Heap_Size = 0x200
                0x0000000000000400                _Min_Stack_Size = 0x400

.isr_vector     0x0000000008000000      0x18c
                0x0000000008000000                . = ALIGN (0x4)
 *(.isr_vector)
 .isr_vector    0x0000000008000000      0x18c ./Core/Startup/startup_stm32l432kcux.o
                0x0000000008000000                g_pfnVectors
                0x000000000800018c                . = ALIGN (0x4)

.text           0x0000000008000190     0xa604
                0x0000000008000190                . = ALIGN (0x4)
 *(.text)
 .text          0x0000000008000190       0x40 /home/jlsand/Downloads/makeself_dir_OqaUza/y/plugins/com.st.stm32cube.ide.mcu.externaltools.gnu-tools-for-stm32.10.3-2021.10.linux64_1.0.100.202210260954/tools/bin/../lib/gcc/arm-none-eabi/10.3.1/thumb/v7e-m+fp/hard/crtbegin.o
 .text          0x00000000080001d0       0x10 /home/jlsand/Downloads/makeself_dir_OqaUza/y/plugins/com.st.stm32cube.ide.mcu.externaltools.gnu-tools-for-stm32.10.3-2021.10.linux64_1.0.100.202210260954/tools/bin/../lib/gcc/arm-none-eabi/10.3.1/../../../../arm-none-eabi/lib/thumb/v7e-m+fp/hard/libc_nano.a(lib_a-strlen.o)
                0x00000000080001d0                strlen
 .text          0x00000000080001e0       0xa0 /home/jlsand/Downloads/makeself_dir_OqaUza/y/plugins/com.st.stm32cube.ide.mcu.externaltools.gnu-tools-for-stm32.10.3-2021.10.linux64_1.0.100.202210260954/tools/bin/../lib/gcc/arm-none-eabi/10.3.1/../../../../arm-none-eabi/lib/thumb/v7e-m+fp/hard/libc_nano.a(lib_a-memchr.o)
                0x00000000080001e0                memchr
 .text          0x0000000008000280      0x378 /home/jlsand/Downloads/makeself_dir_OqaUza/y/plugins/com.st.stm32cube.ide.mcu.externaltools.gnu-tools-for-stm32.10.3-2021.10.linux64_1.0.100.202210260954/tools/bin/../lib/gcc/arm-none-eabi/10.3.1/thumb/v7e-m+fp/hard/libgcc.a(_arm_addsubdf3.o)
                0x0000000008000280                __aeabi_drsub
                0x0000000008000288                __aeabi_dsub
                0x0000000008000288                __subdf3
                0x000000000800028c                __adddf3
                0x000000000800028c                __aeabi_dadd
                0x0000000008000504                __aeabi_ui2d
                0x0000000008000504                __floatunsidf
                0x0000000008000524                __aeabi_i2d
                0x0000000008000524                __floatsidf
                0x0000000008000548                __extendsfdf2
                0x0000000008000548                __aeabi_f2d
                0x000000000800058c                __aeabi_ul2d
                0x000000000800058c                __floatundidf
                0x000000000800059c                __floatdidf
                0x000000000800059c                __aeabi_l2d
 .text          0x00000000080005f8      0x424 /home/jlsand/Downloads/makeself_dir_OqaUza/y/plugins/com.st.stm32cube.ide.mcu.externaltools.gnu-tools-for-stm32.10.3-2021.10.linux64_1.0.100.202210260954/tools/bin/../lib/gcc/arm-none-eabi/10.3.1/thumb/v7e-m+fp/hard/libgcc.a(_arm_muldivdf3.o)
                0x00000000080005f8                __aeabi_dmul
                0x00000000080005f8                __muldf3
                0x000000000800084c                __aeabi_ddiv
                0x000000000800084c                __divdf3
 .text          0x0000000008000a1c      0x110 /home/jlsand/Downloads/makeself_dir_OqaUza/y/plugins/com.st.stm32cube.ide.mcu.externaltools.gnu-tools-for-stm32.10.3-2021.10.linux64_1.0.100.202210260954/tools/bin/../lib/gcc/arm-none-eabi/10.3.1/thumb/v7e-m+fp/hard/libgcc.a(_arm_cmpdf2.o)
                0x0000000008000a1c                __gtdf2
                0x0000000008000a1c                __gedf2
                0x0000000008000a24                __ltdf2
                0x0000000008000a24                __ledf2
                0x0000000008000a2c                __cmpdf2
                0x0000000008000a2c                __nedf2
                0x0000000008000a2c                __eqdf2
                0x0000000008000aa8                __aeabi_cdrcmple
                0x0000000008000ab8                __aeabi_cdcmple
                0x0000000008000ab8                __aeabi_cdcmpeq
                0x0000000008000ac8                __aeabi_dcmpeq
                0x0000000008000adc                __aeabi_dcmplt
                0x0000000008000af0                __aeabi_dcmple
                0x0000000008000b04                __aeabi_dcmpge
                0x0000000008000b18                __aeabi_dcmpgt
 .text          0x0000000008000b2c       0x50 /home/jlsand/Downloads/makeself_dir_OqaUza/y/plugins/com.st.stm32cube.ide.mcu.externaltools.gnu-tools-for-stm32.10.3-2021.10.linux64_1.0.100.202210260954/tools/bin/../lib/gcc/arm-none-eabi/10.3.1/thumb/v7e-m+fp/hard/libgcc.a(_arm_fixdfsi.o)
                0x0000000008000b2c                __aeabi_d2iz
                0x0000000008000b2c                __fixdfsi
 .text          0x0000000008000b7c       0xa0 /home/jlsand/Downloads/makeself_dir_OqaUza/y/plugins/com.st.stm32cube.ide.mcu.externaltools.gnu-tools-for-stm32.10.3-2021.10.linux64_1.0.100.202210260954/tools/bin/../lib/gcc/arm-none-eabi/10.3.1/thumb/v7e-m+fp/hard/libgcc.a(_arm_truncdfsf2.o)
                0x0000000008000b7c                __aeabi_d2f
                0x0000000008000b7c                __truncdfsf2
 .text          0x0000000008000c1c       0x30 /home/jlsand/Downloads/makeself_dir_OqaUza/y/plugins/com.st.stm32cube.ide.mcu.externaltools.gnu-tools-for-stm32.10.3-2021.10.linux64_1.0.100.202210260954/tools/bin/../lib/gcc/arm-none-eabi/10.3.1/thumb/v7e-m+fp/hard/libgcc.a(_aeabi_uldivmod.o)
                0x0000000008000c1c                __aeabi_uldivmod
 .text          0x0000000008000c4c      0x2d0 /home/jlsand/Downloads/makeself_dir_OqaUza/y/plugins/com.st.stm32cube.ide.mcu.externaltools.gnu-tools-for-stm32.10.3-2021.10.linux64_1.0.100.202210260954/tools/bin/../lib/gcc/arm-none-eabi/10.3.1/thumb/v7e-m+fp/hard/libgcc.a(_udivmoddi4.o)
                0x0000000008000c4c                __udivmoddi4
 .text          0x0000000008000f1c        0x4 /home/jlsand/Downloads/makeself_dir_OqaUza/y/plugins/com.st.stm32cube.ide.mcu.externaltools.gnu-tools-for-stm32.10.3-2021.10.linux64_1.0.100.202210260954/tools/bin/../lib/gcc/arm-none-eabi/10.3.1/thumb/v7e-m+fp/hard/libgcc.a(_dvmd_tls.o)
                0x0000000008000f1c                __aeabi_ldiv0
                0x0000000008000f1c                __aeabi_idiv0
 *(.text*)
 .text.u8g2_DrawBox
                0x0000000008000f20       0x44 ./Core/Inc/csrc/u8g2_box.o
                0x0000000008000f20                u8g2_DrawBox
 .text.u8g2_DrawFrame
                0x0000000008000f64       0x88 ./Core/Inc/csrc/u8g2_box.o
                0x0000000008000f64                u8g2_DrawFrame
 .text.u8g2_send_buffer
                0x0000000008000fec       0x50 ./Core/Inc/csrc/u8g2_buffer.o
 .text.u8g2_ClearBuffer
                0x000000000800103c       0x16 ./Core/Inc/csrc/u8g2_buffer.o
                0x000000000800103c                u8g2_ClearBuffer
 .text.u8g2_SendBuffer
                0x0000000008001052       0x12 ./Core/Inc/csrc/u8g2_buffer.o
                0x0000000008001052                u8g2_SendBuffer
 .text.u8g2_SetBufferCurrTileRow
                0x0000000008001064       0x1a ./Core/Inc/csrc/u8g2_buffer.o
                0x0000000008001064                u8g2_SetBufferCurrTileRow
 .text.u8g2_FirstPage
                0x000000000800107e       0x1a ./Core/Inc/csrc/u8g2_buffer.o
                0x000000000800107e                u8g2_FirstPage
 .text.u8g2_NextPage
                0x0000000008001098       0x3e ./Core/Inc/csrc/u8g2_buffer.o
                0x0000000008001098                u8g2_NextPage
 .text.u8g2_DrawButtonFrame
                0x00000000080010d6      0x1de ./Core/Inc/csrc/u8g2_button.o
                0x00000000080010d6                u8g2_DrawButtonFrame
 .text.u8g2_DrawButtonUTF8
                0x00000000080012b4       0x90 ./Core/Inc/csrc/u8g2_button.o
                0x00000000080012b4                u8g2_DrawButtonUTF8
 .text.u8g2_ClearDisplay
                0x0000000008001344       0x1e ./Core/Inc/csrc/u8g2_cleardisplay.o
                0x0000000008001344                u8g2_ClearDisplay
 *fill*         0x0000000008001362        0x2 
 .text.u8g2_m_16_4_f
                0x0000000008001364        0xc ./Core/Inc/csrc/u8g2_d_memory.o
                0x0000000008001364                u8g2_m_16_4_f
 .text.u8g2_Setup_ssd1305_i2c_128x32_noname_f
                0x0000000008001370       0x3c ./Core/Inc/csrc/u8g2_d_setup.o
                0x0000000008001370                u8g2_Setup_ssd1305_i2c_128x32_noname_f
 .text.u8g2_font_get_word
                0x00000000080013ac        0xe ./Core/Inc/csrc/u8g2_font.o
 .text.u8g2_font_calc_vref_font
                0x00000000080013ba        0x4 ./Core/Inc/csrc/u8g2_font.o
                0x00000000080013ba                u8g2_font_calc_vref_font
 .text.u8g2_read_font_info
                0x00000000080013be       0x6a ./Core/Inc/csrc/u8g2_font.o
                0x00000000080013be                u8g2_read_font_info
 .text.u8g2_font_decode_get_unsigned_bits
                0x0000000008001428       0x3c ./Core/Inc/csrc/u8g2_font.o
                0x0000000008001428                u8g2_font_decode_get_unsigned_bits
 .text.u8g2_font_setup_decode
                0x0000000008001464       0x40 ./Core/Inc/csrc/u8g2_font.o
 .text.u8g2_font_decode_get_signed_bits
                0x00000000080014a4       0x16 ./Core/Inc/csrc/u8g2_font.o
                0x00000000080014a4                u8g2_font_decode_get_signed_bits
 .text.u8g2_add_vector_y
                0x00000000080014ba       0x1c ./Core/Inc/csrc/u8g2_font.o
                0x00000000080014ba                u8g2_add_vector_y
 .text.u8g2_add_vector_x
                0x00000000080014d6       0x1c ./Core/Inc/csrc/u8g2_font.o
                0x00000000080014d6                u8g2_add_vector_x
 .text.u8g2_font_decode_len
                0x00000000080014f2       0x9c ./Core/Inc/csrc/u8g2_font.o
                0x00000000080014f2                u8g2_font_decode_len
 .text.u8g2_font_decode_glyph
                0x000000000800158e      0x122 ./Core/Inc/csrc/u8g2_font.o
                0x000000000800158e                u8g2_font_decode_glyph
 .text.u8g2_font_get_glyph_data
                0x00000000080016b0       0x6e ./Core/Inc/csrc/u8g2_font.o
                0x00000000080016b0                u8g2_font_get_glyph_data
 .text.u8g2_GetGlyphWidth
                0x000000000800171e       0x3e ./Core/Inc/csrc/u8g2_font.o
                0x000000000800171e                u8g2_GetGlyphWidth
 .text.u8g2_string_width
                0x000000000800175c       0x70 ./Core/Inc/csrc/u8g2_font.o
 .text.u8g2_SetFontMode
                0x00000000080017cc        0x6 ./Core/Inc/csrc/u8g2_font.o
                0x00000000080017cc                u8g2_SetFontMode
 .text.u8g2_DrawGlyph
                0x00000000080017d2       0x5a ./Core/Inc/csrc/u8g2_font.o
                0x00000000080017d2                u8g2_DrawGlyph
 .text.u8g2_draw_string
                0x000000000800182c       0x6e ./Core/Inc/csrc/u8g2_font.o
 *fill*         0x000000000800189a        0x2 
 .text.u8g2_DrawStr
                0x000000000800189c       0x14 ./Core/Inc/csrc/u8g2_font.o
                0x000000000800189c                u8g2_DrawStr
 .text.u8g2_DrawUTF8
                0x00000000080018b0       0x14 ./Core/Inc/csrc/u8g2_font.o
                0x00000000080018b0                u8g2_DrawUTF8
 .text.u8g2_UpdateRefHeight
                0x00000000080018c4       0x56 ./Core/Inc/csrc/u8g2_font.o
                0x00000000080018c4                u8g2_UpdateRefHeight
 *fill*         0x000000000800191a        0x2 
 .text.u8g2_SetFontPosBaseline
                0x000000000800191c        0xc ./Core/Inc/csrc/u8g2_font.o
                0x000000000800191c                u8g2_SetFontPosBaseline
 .text.u8g2_SetFont
                0x0000000008001928       0x1e ./Core/Inc/csrc/u8g2_font.o
                0x0000000008001928                u8g2_SetFont
 *fill*         0x0000000008001946        0x2 
 .text.u8g2_GetStrWidth
                0x0000000008001948        0xc ./Core/Inc/csrc/u8g2_font.o
                0x0000000008001948                u8g2_GetStrWidth
 .text.u8g2_GetUTF8Width
                0x0000000008001954        0xc ./Core/Inc/csrc/u8g2_font.o
                0x0000000008001954                u8g2_GetUTF8Width
 .text.u8g2_draw_hv_line_2dir
                0x0000000008001960       0x16 ./Core/Inc/csrc/u8g2_hvline.o
                0x0000000008001960                u8g2_draw_hv_line_2dir
 .text.u8g2_DrawHVLine
                0x0000000008001976       0xd0 ./Core/Inc/csrc/u8g2_hvline.o
                0x0000000008001976                u8g2_DrawHVLine
 .text.u8g2_DrawHLine
                0x0000000008001a46        0xe ./Core/Inc/csrc/u8g2_hvline.o
                0x0000000008001a46                u8g2_DrawHLine
 .text.u8g2_DrawVLine
                0x0000000008001a54        0xe ./Core/Inc/csrc/u8g2_hvline.o
                0x0000000008001a54                u8g2_DrawVLine
 .text.u8g2_SetDrawColor
                0x0000000008001a62       0x10 ./Core/Inc/csrc/u8g2_hvline.o
                0x0000000008001a62                u8g2_SetDrawColor
 .text.u8g2_is_intersection_decision_tree
                0x0000000008001a72       0x1e ./Core/Inc/csrc/u8g2_intersection.o
                0x0000000008001a72                u8g2_is_intersection_decision_tree
 .text.u8g2_IsIntersection
                0x0000000008001a90       0x30 ./Core/Inc/csrc/u8g2_intersection.o
                0x0000000008001a90                u8g2_IsIntersection
 .text.u8g2_ll_hvline_vertical_top_lsb
                0x0000000008001ac0       0x92 ./Core/Inc/csrc/u8g2_ll_hvline.o
                0x0000000008001ac0                u8g2_ll_hvline_vertical_top_lsb
 .text.u8g2_update_dimension_common
                0x0000000008001b52       0x42 ./Core/Inc/csrc/u8g2_setup.o
 .text.u8g2_update_dimension_r0
                0x0000000008001b94        0x4 ./Core/Inc/csrc/u8g2_setup.o
                0x0000000008001b94                u8g2_update_dimension_r0
 .text.u8g2_draw_l90_r0
                0x0000000008001b98       0x10 ./Core/Inc/csrc/u8g2_setup.o
                0x0000000008001b98                u8g2_draw_l90_r0
 .text.u8g2_apply_clip_window
                0x0000000008001ba8       0x6c ./Core/Inc/csrc/u8g2_setup.o
 .text.u8g2_update_page_win_r0
                0x0000000008001c14       0x16 ./Core/Inc/csrc/u8g2_setup.o
                0x0000000008001c14                u8g2_update_page_win_r0
 *fill*         0x0000000008001c2a        0x2 
 .text.u8g2_SetMaxClipWindow
                0x0000000008001c2c       0x10 ./Core/Inc/csrc/u8g2_setup.o
                0x0000000008001c2c                u8g2_SetMaxClipWindow
 .text.u8g2_SetupBuffer
                0x0000000008001c3c       0x42 ./Core/Inc/csrc/u8g2_setup.o
                0x0000000008001c3c                u8g2_SetupBuffer
 .text.u8x8_ascii_next
                0x0000000008001c7e       0x10 ./Core/Inc/csrc/u8x8_8x8.o
                0x0000000008001c7e                u8x8_ascii_next
 .text.u8x8_utf8_next
                0x0000000008001c8e       0x92 ./Core/Inc/csrc/u8x8_8x8.o
                0x0000000008001c8e                u8x8_utf8_next
 .text.u8x8_utf8_init
                0x0000000008001d20        0x8 ./Core/Inc/csrc/u8x8_8x8.o
                0x0000000008001d20                u8x8_utf8_init
 .text.u8x8_byte_SendBytes
                0x0000000008001d28       0x12 ./Core/Inc/csrc/u8x8_byte.o
                0x0000000008001d28                u8x8_byte_SendBytes
 .text.u8x8_byte_SendByte
                0x0000000008001d3a       0x16 ./Core/Inc/csrc/u8x8_byte.o
                0x0000000008001d3a                u8x8_byte_SendByte
 .text.u8x8_byte_StartTransfer
                0x0000000008001d50       0x12 ./Core/Inc/csrc/u8x8_byte.o
                0x0000000008001d50                u8x8_byte_StartTransfer
 .text.u8x8_byte_EndTransfer
                0x0000000008001d62       0x12 ./Core/Inc/csrc/u8x8_byte.o
                0x0000000008001d62                u8x8_byte_EndTransfer
 .text.u8x8_i2c_data_transfer
                0x0000000008001d74       0x2c ./Core/Inc/csrc/u8x8_cad.o
 .text.u8x8_cad_SendCmd
                0x0000000008001da0       0x12 ./Core/Inc/csrc/u8x8_cad.o
                0x0000000008001da0                u8x8_cad_SendCmd
 .text.u8x8_cad_SendArg
                0x0000000008001db2       0x12 ./Core/Inc/csrc/u8x8_cad.o
                0x0000000008001db2                u8x8_cad_SendArg
 .text.u8x8_cad_SendData
                0x0000000008001dc4       0x12 ./Core/Inc/csrc/u8x8_cad.o
                0x0000000008001dc4                u8x8_cad_SendData
 .text.u8x8_cad_StartTransfer
                0x0000000008001dd6       0x12 ./Core/Inc/csrc/u8x8_cad.o
                0x0000000008001dd6                u8x8_cad_StartTransfer
 .text.u8x8_cad_EndTransfer
                0x0000000008001de8       0x12 ./Core/Inc/csrc/u8x8_cad.o
                0x0000000008001de8                u8x8_cad_EndTransfer
 .text.u8x8_cad_SendSequence
                0x0000000008001dfa       0x62 ./Core/Inc/csrc/u8x8_cad.o
                0x0000000008001dfa                u8x8_cad_SendSequence
 .text.u8x8_cad_ssd13xx_i2c
                0x0000000008001e5c       0x7c ./Core/Inc/csrc/u8x8_cad.o
                0x0000000008001e5c                u8x8_cad_ssd13xx_i2c
 .text.u8x8_d_ssd1305_generic
                0x0000000008001ed8       0xa4 ./Core/Inc/csrc/u8x8_d_ssd1305.o
 .text.u8x8_d_ssd1305_128x32_noname
                0x0000000008001f7c       0x68 ./Core/Inc/csrc/u8x8_d_ssd1305.o
                0x0000000008001f7c                u8x8_d_ssd1305_128x32_noname
 .text.u8x8_d_helper_display_setup_memory
                0x0000000008001fe4        0xa ./Core/Inc/csrc/u8x8_display.o
                0x0000000008001fe4                u8x8_d_helper_display_setup_memory
 .text.u8x8_d_helper_display_init
                0x0000000008001fee       0x60 ./Core/Inc/csrc/u8x8_display.o
                0x0000000008001fee                u8x8_d_helper_display_init
 .text.u8x8_DrawTile
                0x000000000800204e       0x20 ./Core/Inc/csrc/u8x8_display.o
                0x000000000800204e                u8x8_DrawTile
 .text.u8x8_SetupMemory
                0x000000000800206e       0x12 ./Core/Inc/csrc/u8x8_display.o
                0x000000000800206e                u8x8_SetupMemory
 .text.u8x8_InitDisplay
                0x0000000008002080       0x12 ./Core/Inc/csrc/u8x8_display.o
                0x0000000008002080                u8x8_InitDisplay
 .text.u8x8_SetPowerSave
                0x0000000008002092       0x12 ./Core/Inc/csrc/u8x8_display.o
                0x0000000008002092                u8x8_SetPowerSave
 .text.u8x8_RefreshDisplay
                0x00000000080020a4       0x12 ./Core/Inc/csrc/u8x8_display.o
                0x00000000080020a4                u8x8_RefreshDisplay
 .text.u8x8_gpio_call
                0x00000000080020b6        0xe ./Core/Inc/csrc/u8x8_gpio.o
                0x00000000080020b6                u8x8_gpio_call
 .text.u8x8_dummy_cb
                0x00000000080020c4        0x4 ./Core/Inc/csrc/u8x8_setup.o
                0x00000000080020c4                u8x8_dummy_cb
 .text.u8x8_SetupDefaults
                0x00000000080020c8       0x28 ./Core/Inc/csrc/u8x8_setup.o
                0x00000000080020c8                u8x8_SetupDefaults
 .text.u8x8_Setup
                0x00000000080020f0       0x1c ./Core/Inc/csrc/u8x8_setup.o
                0x00000000080020f0                u8x8_Setup
 .text.setCANFilter
                0x000000000800210c       0x3c ./Core/Src/cann.o
                0x000000000800210c                setCANFilter
 .text.CAN_TX   0x0000000008002148       0x3c ./Core/Src/cann.o
                0x0000000008002148                CAN_TX
 .text.CAN_RX   0x0000000008002184       0x30 ./Core/Src/cann.o
                0x0000000008002184                CAN_RX
 .text.MX_DMA_Init
                0x00000000080021b4       0x30 ./Core/Src/hardware_config.o
                0x00000000080021b4                MX_DMA_Init
 .text.SystemClock_Config
                0x00000000080021e4       0x98 ./Core/Src/hardware_config.o
                0x00000000080021e4                SystemClock_Config
 .text.MX_ADC1_Init
                0x000000000800227c       0x78 ./Core/Src/hardware_config.o
                0x000000000800227c                MX_ADC1_Init
 .text.MX_CAN1_Init
                0x00000000080022f4       0x48 ./Core/Src/hardware_config.o
                0x00000000080022f4                MX_CAN1_Init
 .text.MX_DAC1_Init
                0x000000000800233c       0x60 ./Core/Src/hardware_config.o
                0x000000000800233c                MX_DAC1_Init
 .text.MX_I2C1_Init
                0x000000000800239c       0x5c ./Core/Src/hardware_config.o
                0x000000000800239c                MX_I2C1_Init
 .text.MX_TIM2_Init
                0x00000000080023f8       0x6c ./Core/Src/hardware_config.o
                0x00000000080023f8                MX_TIM2_Init
 .text.MX_TIM6_Init
                0x0000000008002464       0x48 ./Core/Src/hardware_config.o
                0x0000000008002464                MX_TIM6_Init
 .text.MX_TIM7_Init
                0x00000000080024ac       0x48 ./Core/Src/hardware_config.o
                0x00000000080024ac                MX_TIM7_Init
 .text.MX_USART2_UART_Init
                0x00000000080024f4       0x3c ./Core/Src/hardware_config.o
                0x00000000080024f4                MX_USART2_UART_Init
 .text.MX_GPIO_Init
                0x0000000008002530       0xa8 ./Core/Src/hardware_config.o
                0x0000000008002530                MX_GPIO_Init
 .text.u8x8_gpio_and_delay
                0x00000000080025d8        0x4 ./Core/Src/hardware_config.o
                0x00000000080025d8                u8x8_gpio_and_delay
 .text.u8x8_byte_i2c
                0x00000000080025dc       0x74 ./Core/Src/hardware_config.o
                0x00000000080025dc                u8x8_byte_i2c
 .text.StartDefaultTask
                0x0000000008002650       0x20 ./Core/Src/main.o
                0x0000000008002650                StartDefaultTask
 .text.displayUpdateTask
                0x0000000008002670      0x1f0 ./Core/Src/main.o
                0x0000000008002670                displayUpdateTask
 .text.CAN_Transmit
                0x0000000008002860       0x30 ./Core/Src/main.o
                0x0000000008002860                CAN_Transmit
 .text.serialPrint
                0x0000000008002890       0x20 ./Core/Src/main.o
                0x0000000008002890                serialPrint
 .text.serialPrintln
                0x00000000080028b0       0x34 ./Core/Src/main.o
                0x00000000080028b0                serialPrintln
 .text.handshake
                0x00000000080028e4       0xc4 ./Core/Src/main.o
                0x00000000080028e4                handshake
 .text.delayMicro
                0x00000000080029a8       0x14 ./Core/Src/main.o
                0x00000000080029a8                delayMicro
 .text.HAL_DAC_ConvHalfCpltCallbackCh1
                0x00000000080029bc       0x20 ./Core/Src/main.o
                0x00000000080029bc                HAL_DAC_ConvHalfCpltCallbackCh1
 .text.HAL_DAC_ConvCpltCallbackCh1
                0x00000000080029dc       0x20 ./Core/Src/main.o
                0x00000000080029dc                HAL_DAC_ConvCpltCallbackCh1
 .text.setOutMuxBit
                0x00000000080029fc       0x68 ./Core/Src/main.o
                0x00000000080029fc                setOutMuxBit
 .text.startup.main
                0x0000000008002a64      0x23c ./Core/Src/main.o
                0x0000000008002a64                main
 .text.decode   0x0000000008002ca0       0x68 ./Core/Src/main.o
                0x0000000008002ca0                decode
 .text.selectRow
                0x0000000008002d08       0x3c ./Core/Src/main.o
                0x0000000008002d08                selectRow
 .text.readCols
                0x0000000008002d44       0x44 ./Core/Src/main.o
                0x0000000008002d44                readCols
 .text.setMuxIO
                0x0000000008002d88       0xc8 ./Core/Src/main.o
                0x0000000008002d88                setMuxIO
 .text.changeKnobState
                0x0000000008002e50       0x3a ./Core/Src/main.o
                0x0000000008002e50                changeKnobState
 *fill*         0x0000000008002e8a        0x2 
 .text.scanKnob
                0x0000000008002e8c       0xe8 ./Core/Src/main.o
                0x0000000008002e8c                scanKnob
 .text.scanKeysTask
                0x0000000008002f74       0xa8 ./Core/Src/main.o
                0x0000000008002f74                scanKeysTask
 .text.HAL_CAN_RxFifo0MsgPendingCallback
                0x000000000800301c       0x24 ./Core/Src/main.o
                0x000000000800301c                HAL_CAN_RxFifo0MsgPendingCallback
 .text.HAL_CAN_TxMailbox0CompleteCallback
                0x0000000008003040        0xc ./Core/Src/main.o
                0x0000000008003040                HAL_CAN_TxMailbox0CompleteCallback
 .text.HAL_CAN_TxMailbox1CompleteCallback
                0x000000000800304c        0x4 ./Core/Src/main.o
                0x000000000800304c                HAL_CAN_TxMailbox1CompleteCallback
 .text.HAL_CAN_TxMailbox2CompleteCallback
                0x0000000008003050        0x4 ./Core/Src/main.o
                0x0000000008003050                HAL_CAN_TxMailbox2CompleteCallback
 .text.HAL_TIM_PeriodElapsedCallback
                0x0000000008003054       0x14 ./Core/Src/main.o
                0x0000000008003054                HAL_TIM_PeriodElapsedCallback
 .text.Error_Handler
                0x0000000008003068        0x4 ./Core/Src/main.o
                0x0000000008003068                Error_Handler
 .text.HAL_MspInit
                0x000000000800306c       0x3c ./Core/Src/stm32l4xx_hal_msp.o
                0x000000000800306c                HAL_MspInit
 .text.HAL_ADC_MspInit
                0x00000000080030a8       0x9c ./Core/Src/stm32l4xx_hal_msp.o
                0x00000000080030a8                HAL_ADC_MspInit
 .text.HAL_CAN_MspInit
                0x0000000008003144       0xa0 ./Core/Src/stm32l4xx_hal_msp.o
                0x0000000008003144                HAL_CAN_MspInit
 .text.HAL_DAC_MspInit
                0x00000000080031e4       0xb0 ./Core/Src/stm32l4xx_hal_msp.o
                0x00000000080031e4                HAL_DAC_MspInit
 .text.HAL_I2C_MspInit
                0x0000000008003294       0x84 ./Core/Src/stm32l4xx_hal_msp.o
                0x0000000008003294                HAL_I2C_MspInit
 .text.HAL_TIM_Base_MspInit
                0x0000000008003318       0x80 ./Core/Src/stm32l4xx_hal_msp.o
                0x0000000008003318                HAL_TIM_Base_MspInit
 .text.HAL_UART_MspInit
                0x0000000008003398       0x9c ./Core/Src/stm32l4xx_hal_msp.o
                0x0000000008003398                HAL_UART_MspInit
 .text.HAL_InitTick
                0x0000000008003434       0x90 ./Core/Src/stm32l4xx_hal_timebase_tim.o
                0x0000000008003434                HAL_InitTick
 .text.NMI_Handler
                0x00000000080034c4        0x2 ./Core/Src/stm32l4xx_it.o
                0x00000000080034c4                NMI_Handler
 .text.HardFault_Handler
                0x00000000080034c6        0x2 ./Core/Src/stm32l4xx_it.o
                0x00000000080034c6                HardFault_Handler
 .text.MemManage_Handler
                0x00000000080034c8        0x2 ./Core/Src/stm32l4xx_it.o
                0x00000000080034c8                MemManage_Handler
 .text.BusFault_Handler
                0x00000000080034ca        0x2 ./Core/Src/stm32l4xx_it.o
                0x00000000080034ca                BusFault_Handler
 .text.UsageFault_Handler
                0x00000000080034cc        0x2 ./Core/Src/stm32l4xx_it.o
                0x00000000080034cc                UsageFault_Handler
 .text.DebugMon_Handler
                0x00000000080034ce        0x2 ./Core/Src/stm32l4xx_it.o
                0x00000000080034ce                DebugMon_Handler
 .text.DMA1_Channel3_IRQHandler
                0x00000000080034d0        0xc ./Core/Src/stm32l4xx_it.o
                0x00000000080034d0                DMA1_Channel3_IRQHandler
 .text.CAN1_TX_IRQHandler
                0x00000000080034dc        0xc ./Core/Src/stm32l4xx_it.o
                0x00000000080034dc                CAN1_TX_IRQHandler
 .text.CAN1_RX0_IRQHandler
                0x00000000080034e8        0x4 ./Core/Src/stm32l4xx_it.o
                0x00000000080034e8                CAN1_RX0_IRQHandler
 .text.TIM1_UP_TIM16_IRQHandler
                0x00000000080034ec        0xc ./Core/Src/stm32l4xx_it.o
                0x00000000080034ec                TIM1_UP_TIM16_IRQHandler
 .text.TIM6_DAC_IRQHandler
                0x00000000080034f8       0x1c ./Core/Src/stm32l4xx_it.o
                0x00000000080034f8                TIM6_DAC_IRQHandler
 .text._sbrk    0x0000000008003514       0x40 ./Core/Src/sysmem.o
                0x0000000008003514                _sbrk
 .text.SystemInit
                0x0000000008003554       0x14 ./Core/Src/system_stm32l4xx.o
                0x0000000008003554                SystemInit
 .text.init_lookup_table
                0x0000000008003568       0x2c ./Core/Src/wavegen.o
                0x0000000008003568                init_lookup_table
 *fill*         0x0000000008003594        0x4 
 .text.generate_waveform
                0x0000000008003598      0x310 ./Core/Src/wavegen.o
                0x0000000008003598                generate_waveform
 .text.init_lookup_tables
                0x00000000080038a8       0x30 ./Core/Src/wavegen.o
                0x00000000080038a8                init_lookup_tables
 .text.set_output_waveform
                0x00000000080038d8       0x5c ./Core/Src/wavegen.o
                0x00000000080038d8                set_output_waveform
 .text.display_wave
                0x0000000008003934       0x7c ./Core/Src/wavegen.o
                0x0000000008003934                display_wave
 .text.synthesize_output
                0x00000000080039b0       0xb8 ./Core/Src/wavegen.o
                0x00000000080039b0                synthesize_output
 .text.Reset_Handler
                0x0000000008003a68       0x50 ./Core/Startup/startup_stm32l432kcux.o
                0x0000000008003a68                Reset_Handler
 .text.Default_Handler
                0x0000000008003ab8        0x2 ./Core/Startup/startup_stm32l432kcux.o
                0x0000000008003ab8                DMA1_Channel4_IRQHandler
                0x0000000008003ab8                SWPMI1_IRQHandler
                0x0000000008003ab8                EXTI1_IRQHandler
                0x0000000008003ab8                USB_IRQHandler
                0x0000000008003ab8                CRS_IRQHandler
                0x0000000008003ab8                ADC1_IRQHandler
                0x0000000008003ab8                EXTI9_5_IRQHandler
                0x0000000008003ab8                SPI1_IRQHandler
                0x0000000008003ab8                PVD_PVM_IRQHandler
                0x0000000008003ab8                WWDG_IRQHandler
                0x0000000008003ab8                DMA1_Channel5_IRQHandler
                0x0000000008003ab8                DMA2_Channel5_IRQHandler
                0x0000000008003ab8                I2C3_EV_IRQHandler
                0x0000000008003ab8                RCC_IRQHandler
                0x0000000008003ab8                I2C1_ER_IRQHandler
                0x0000000008003ab8                DMA1_Channel6_IRQHandler
                0x0000000008003ab8                DMA1_Channel2_IRQHandler
                0x0000000008003ab8                SAI1_IRQHandler
                0x0000000008003ab8                LPUART1_IRQHandler
                0x0000000008003ab8                DMA1_Channel7_IRQHandler
                0x0000000008003ab8                USART2_IRQHandler
                0x0000000008003ab8                FLASH_IRQHandler
                0x0000000008003ab8                QUADSPI_IRQHandler
                0x0000000008003ab8                EXTI15_10_IRQHandler
                0x0000000008003ab8                USART1_IRQHandler
                0x0000000008003ab8                RTC_WKUP_IRQHandler
                0x0000000008003ab8                TIM2_IRQHandler
                0x0000000008003ab8                CAN1_SCE_IRQHandler
                0x0000000008003ab8                TAMP_STAMP_IRQHandler
                0x0000000008003ab8                LPTIM2_IRQHandler
                0x0000000008003ab8                DMA2_Channel3_IRQHandler
                0x0000000008003ab8                DMA2_Channel7_IRQHandler
                0x0000000008003ab8                TIM1_BRK_TIM15_IRQHandler
                0x0000000008003ab8                TSC_IRQHandler
                0x0000000008003ab8                DMA2_Channel6_IRQHandler
                0x0000000008003ab8                Default_Handler
                0x0000000008003ab8                RNG_IRQHandler
                0x0000000008003ab8                EXTI2_IRQHandler
                0x0000000008003ab8                I2C3_ER_IRQHandler
                0x0000000008003ab8                EXTI3_IRQHandler
                0x0000000008003ab8                TIM1_TRG_COM_IRQHandler
                0x0000000008003ab8                FPU_IRQHandler
                0x0000000008003ab8                I2C1_EV_IRQHandler
                0x0000000008003ab8                TIM1_CC_IRQHandler
                0x0000000008003ab8                LPTIM1_IRQHandler
                0x0000000008003ab8                SPI3_IRQHandler
                0x0000000008003ab8                DMA1_Channel1_IRQHandler
                0x0000000008003ab8                TIM7_IRQHandler
                0x0000000008003ab8                DMA2_Channel4_IRQHandler
                0x0000000008003ab8                EXTI0_IRQHandler
                0x0000000008003ab8                DMA2_Channel2_IRQHandler
                0x0000000008003ab8                DMA2_Channel1_IRQHandler
                0x0000000008003ab8                RTC_Alarm_IRQHandler
                0x0000000008003ab8                EXTI4_IRQHandler
                0x0000000008003ab8                CAN1_RX1_IRQHandler
                0x0000000008003ab8                COMP_IRQHandler
 .text.HAL_Init
                0x0000000008003aba       0x1e ./Drivers/STM32L4xx_HAL_Driver/Src/stm32l4xx_hal.o
                0x0000000008003aba                HAL_Init
 .text.HAL_IncTick
                0x0000000008003ad8       0x18 ./Drivers/STM32L4xx_HAL_Driver/Src/stm32l4xx_hal.o
                0x0000000008003ad8                HAL_IncTick
 .text.HAL_GetTick
                0x0000000008003af0        0xc ./Drivers/STM32L4xx_HAL_Driver/Src/stm32l4xx_hal.o
                0x0000000008003af0                HAL_GetTick
 .text.HAL_Delay
                0x0000000008003afc       0x28 ./Drivers/STM32L4xx_HAL_Driver/Src/stm32l4xx_hal.o
                0x0000000008003afc                HAL_Delay
 .text.HAL_GetUIDw0
                0x0000000008003b24        0xc ./Drivers/STM32L4xx_HAL_Driver/Src/stm32l4xx_hal.o
                0x0000000008003b24                HAL_GetUIDw0
 .text.LL_ADC_SetChannelSamplingTime
                0x0000000008003b30       0x22 ./Drivers/STM32L4xx_HAL_Driver/Src/stm32l4xx_hal_adc.o
 .text.LL_ADC_REG_IsConversionOngoing
                0x0000000008003b52        0x8 ./Drivers/STM32L4xx_HAL_Driver/Src/stm32l4xx_hal_adc.o
 *fill*         0x0000000008003b5a        0x2 
 .text.HAL_ADC_Init
                0x0000000008003b5c      0x1a4 ./Drivers/STM32L4xx_HAL_Driver/Src/stm32l4xx_hal_adc.o
                0x0000000008003b5c                HAL_ADC_Init
 .text.HAL_ADC_ConfigChannel
                0x0000000008003d00      0x370 ./Drivers/STM32L4xx_HAL_Driver/Src/stm32l4xx_hal_adc.o
                0x0000000008003d00                HAL_ADC_ConfigChannel
 .text.HAL_CAN_Init
                0x0000000008004070       0xf6 ./Drivers/STM32L4xx_HAL_Driver/Src/stm32l4xx_hal_can.o
                0x0000000008004070                HAL_CAN_Init
 .text.HAL_CAN_ConfigFilter
                0x0000000008004166       0xde ./Drivers/STM32L4xx_HAL_Driver/Src/stm32l4xx_hal_can.o
                0x0000000008004166                HAL_CAN_ConfigFilter
 .text.HAL_CAN_Start
                0x0000000008004244       0x5c ./Drivers/STM32L4xx_HAL_Driver/Src/stm32l4xx_hal_can.o
                0x0000000008004244                HAL_CAN_Start
 .text.HAL_CAN_AddTxMessage
                0x00000000080042a0       0x94 ./Drivers/STM32L4xx_HAL_Driver/Src/stm32l4xx_hal_can.o
                0x00000000080042a0                HAL_CAN_AddTxMessage
 .text.HAL_CAN_GetTxMailboxesFreeLevel
                0x0000000008004334       0x28 ./Drivers/STM32L4xx_HAL_Driver/Src/stm32l4xx_hal_can.o
                0x0000000008004334                HAL_CAN_GetTxMailboxesFreeLevel
 .text.HAL_CAN_GetRxMessage
                0x000000000800435c       0xee ./Drivers/STM32L4xx_HAL_Driver/Src/stm32l4xx_hal_can.o
                0x000000000800435c                HAL_CAN_GetRxMessage
 .text.HAL_CAN_GetRxFifoFillLevel
                0x000000000800444a       0x1e ./Drivers/STM32L4xx_HAL_Driver/Src/stm32l4xx_hal_can.o
                0x000000000800444a                HAL_CAN_GetRxFifoFillLevel
 .text.HAL_CAN_ActivateNotification
                0x0000000008004468       0x22 ./Drivers/STM32L4xx_HAL_Driver/Src/stm32l4xx_hal_can.o
                0x0000000008004468                HAL_CAN_ActivateNotification
 .text.HAL_CAN_TxMailbox0AbortCallback
                0x000000000800448a        0x2 ./Drivers/STM32L4xx_HAL_Driver/Src/stm32l4xx_hal_can.o
                0x000000000800448a                HAL_CAN_TxMailbox0AbortCallback
 .text.HAL_CAN_TxMailbox1AbortCallback
                0x000000000800448c        0x2 ./Drivers/STM32L4xx_HAL_Driver/Src/stm32l4xx_hal_can.o
                0x000000000800448c                HAL_CAN_TxMailbox1AbortCallback
 .text.HAL_CAN_TxMailbox2AbortCallback
                0x000000000800448e        0x2 ./Drivers/STM32L4xx_HAL_Driver/Src/stm32l4xx_hal_can.o
                0x000000000800448e                HAL_CAN_TxMailbox2AbortCallback
 .text.HAL_CAN_RxFifo0FullCallback
                0x0000000008004490        0x2 ./Drivers/STM32L4xx_HAL_Driver/Src/stm32l4xx_hal_can.o
                0x0000000008004490                HAL_CAN_RxFifo0FullCallback
 .text.HAL_CAN_RxFifo1MsgPendingCallback
                0x0000000008004492        0x2 ./Drivers/STM32L4xx_HAL_Driver/Src/stm32l4xx_hal_can.o
                0x0000000008004492                HAL_CAN_RxFifo1MsgPendingCallback
 .text.HAL_CAN_RxFifo1FullCallback
                0x0000000008004494        0x2 ./Drivers/STM32L4xx_HAL_Driver/Src/stm32l4xx_hal_can.o
                0x0000000008004494                HAL_CAN_RxFifo1FullCallback
 .text.HAL_CAN_SleepCallback
                0x0000000008004496        0x2 ./Drivers/STM32L4xx_HAL_Driver/Src/stm32l4xx_hal_can.o
                0x0000000008004496                HAL_CAN_SleepCallback
 .text.HAL_CAN_WakeUpFromRxMsgCallback
                0x0000000008004498        0x2 ./Drivers/STM32L4xx_HAL_Driver/Src/stm32l4xx_hal_can.o
                0x0000000008004498                HAL_CAN_WakeUpFromRxMsgCallback
 .text.HAL_CAN_ErrorCallback
                0x000000000800449a        0x2 ./Drivers/STM32L4xx_HAL_Driver/Src/stm32l4xx_hal_can.o
                0x000000000800449a                HAL_CAN_ErrorCallback
 .text.HAL_CAN_IRQHandler
                0x000000000800449c      0x1fc ./Drivers/STM32L4xx_HAL_Driver/Src/stm32l4xx_hal_can.o
                0x000000000800449c                HAL_CAN_IRQHandler
 .text.HAL_NVIC_SetPriorityGrouping
                0x0000000008004698       0x24 ./Drivers/STM32L4xx_HAL_Driver/Src/stm32l4xx_hal_cortex.o
                0x0000000008004698                HAL_NVIC_SetPriorityGrouping
 .text.HAL_NVIC_SetPriority
                0x00000000080046bc       0x64 ./Drivers/STM32L4xx_HAL_Driver/Src/stm32l4xx_hal_cortex.o
                0x00000000080046bc                HAL_NVIC_SetPriority
 .text.HAL_NVIC_EnableIRQ
                0x0000000008004720       0x1c ./Drivers/STM32L4xx_HAL_Driver/Src/stm32l4xx_hal_cortex.o
                0x0000000008004720                HAL_NVIC_EnableIRQ
 .text.HAL_DAC_Init
                0x000000000800473c       0x26 ./Drivers/STM32L4xx_HAL_Driver/Src/stm32l4xx_hal_dac.o
                0x000000000800473c                HAL_DAC_Init
 *fill*         0x0000000008004762        0x2 
 .text.HAL_DAC_Start_DMA
                0x0000000008004764       0xdc ./Drivers/STM32L4xx_HAL_Driver/Src/stm32l4xx_hal_dac.o
                0x0000000008004764                HAL_DAC_Start_DMA
 .text.DAC_DMAConvCpltCh1
                0x0000000008004840       0x10 ./Drivers/STM32L4xx_HAL_Driver/Src/stm32l4xx_hal_dac.o
                0x0000000008004840                DAC_DMAConvCpltCh1
 .text.DAC_DMAHalfConvCpltCh1
                0x0000000008004850        0xa ./Drivers/STM32L4xx_HAL_Driver/Src/stm32l4xx_hal_dac.o
                0x0000000008004850                DAC_DMAHalfConvCpltCh1
 .text.HAL_DAC_ErrorCallbackCh1
                0x000000000800485a        0x2 ./Drivers/STM32L4xx_HAL_Driver/Src/stm32l4xx_hal_dac.o
                0x000000000800485a                HAL_DAC_ErrorCallbackCh1
 .text.DAC_DMAErrorCh1
                0x000000000800485c       0x18 ./Drivers/STM32L4xx_HAL_Driver/Src/stm32l4xx_hal_dac.o
                0x000000000800485c                DAC_DMAErrorCh1
 .text.HAL_DAC_DMAUnderrunCallbackCh1
                0x0000000008004874        0x2 ./Drivers/STM32L4xx_HAL_Driver/Src/stm32l4xx_hal_dac.o
                0x0000000008004874                HAL_DAC_DMAUnderrunCallbackCh1
 .text.HAL_DAC_IRQHandler
                0x0000000008004876       0x64 ./Drivers/STM32L4xx_HAL_Driver/Src/stm32l4xx_hal_dac.o
                0x0000000008004876                HAL_DAC_IRQHandler
 .text.HAL_DAC_ConfigChannel
                0x00000000080048da      0x112 ./Drivers/STM32L4xx_HAL_Driver/Src/stm32l4xx_hal_dac.o
                0x00000000080048da                HAL_DAC_ConfigChannel
 .text.HAL_DACEx_ConvCpltCallbackCh2
                0x00000000080049ec        0x2 ./Drivers/STM32L4xx_HAL_Driver/Src/stm32l4xx_hal_dac_ex.o
                0x00000000080049ec                HAL_DACEx_ConvCpltCallbackCh2
 .text.HAL_DACEx_ConvHalfCpltCallbackCh2
                0x00000000080049ee        0x2 ./Drivers/STM32L4xx_HAL_Driver/Src/stm32l4xx_hal_dac_ex.o
                0x00000000080049ee                HAL_DACEx_ConvHalfCpltCallbackCh2
 .text.HAL_DACEx_ErrorCallbackCh2
                0x00000000080049f0        0x2 ./Drivers/STM32L4xx_HAL_Driver/Src/stm32l4xx_hal_dac_ex.o
                0x00000000080049f0                HAL_DACEx_ErrorCallbackCh2
 .text.HAL_DACEx_DMAUnderrunCallbackCh2
                0x00000000080049f2        0x2 ./Drivers/STM32L4xx_HAL_Driver/Src/stm32l4xx_hal_dac_ex.o
                0x00000000080049f2                HAL_DACEx_DMAUnderrunCallbackCh2
 .text.DAC_DMAConvCpltCh2
                0x00000000080049f4       0x10 ./Drivers/STM32L4xx_HAL_Driver/Src/stm32l4xx_hal_dac_ex.o
                0x00000000080049f4                DAC_DMAConvCpltCh2
 .text.DAC_DMAHalfConvCpltCh2
                0x0000000008004a04        0xa ./Drivers/STM32L4xx_HAL_Driver/Src/stm32l4xx_hal_dac_ex.o
                0x0000000008004a04                DAC_DMAHalfConvCpltCh2
 .text.DAC_DMAErrorCh2
                0x0000000008004a0e       0x18 ./Drivers/STM32L4xx_HAL_Driver/Src/stm32l4xx_hal_dac_ex.o
                0x0000000008004a0e                DAC_DMAErrorCh2
 *fill*         0x0000000008004a26        0x2 
 .text.HAL_DMA_Init
                0x0000000008004a28       0xd8 ./Drivers/STM32L4xx_HAL_Driver/Src/stm32l4xx_hal_dma.o
                0x0000000008004a28                HAL_DMA_Init
 .text.HAL_DMA_Start_IT
                0x0000000008004b00       0x7e ./Drivers/STM32L4xx_HAL_Driver/Src/stm32l4xx_hal_dma.o
                0x0000000008004b00                HAL_DMA_Start_IT
 .text.HAL_DMA_IRQHandler
                0x0000000008004b7e       0x94 ./Drivers/STM32L4xx_HAL_Driver/Src/stm32l4xx_hal_dma.o
                0x0000000008004b7e                HAL_DMA_IRQHandler
 *fill*         0x0000000008004c12        0x2 
 .text.HAL_GPIO_Init
                0x0000000008004c14      0x170 ./Drivers/STM32L4xx_HAL_Driver/Src/stm32l4xx_hal_gpio.o
                0x0000000008004c14                HAL_GPIO_Init
 .text.HAL_GPIO_ReadPin
                0x0000000008004d84        0xc ./Drivers/STM32L4xx_HAL_Driver/Src/stm32l4xx_hal_gpio.o
                0x0000000008004d84                HAL_GPIO_ReadPin
 .text.HAL_GPIO_WritePin
                0x0000000008004d90        0xa ./Drivers/STM32L4xx_HAL_Driver/Src/stm32l4xx_hal_gpio.o
                0x0000000008004d90                HAL_GPIO_WritePin
 .text.I2C_Flush_TXDR
                0x0000000008004d9a       0x1c ./Drivers/STM32L4xx_HAL_Driver/Src/stm32l4xx_hal_i2c.o
 *fill*         0x0000000008004db6        0x2 
 .text.I2C_TransferConfig
                0x0000000008004db8       0x2c ./Drivers/STM32L4xx_HAL_Driver/Src/stm32l4xx_hal_i2c.o
 .text.I2C_IsErrorOccurred
                0x0000000008004de4      0x116 ./Drivers/STM32L4xx_HAL_Driver/Src/stm32l4xx_hal_i2c.o
 .text.I2C_WaitOnTXISFlagUntilTimeout
                0x0000000008004efa       0x4e ./Drivers/STM32L4xx_HAL_Driver/Src/stm32l4xx_hal_i2c.o
 .text.I2C_WaitOnFlagUntilTimeout
                0x0000000008004f48       0x54 ./Drivers/STM32L4xx_HAL_Driver/Src/stm32l4xx_hal_i2c.o
 .text.I2C_WaitOnSTOPFlagUntilTimeout
                0x0000000008004f9c       0x4a ./Drivers/STM32L4xx_HAL_Driver/Src/stm32l4xx_hal_i2c.o
 .text.HAL_I2C_Init
                0x0000000008004fe6       0xa2 ./Drivers/STM32L4xx_HAL_Driver/Src/stm32l4xx_hal_i2c.o
                0x0000000008004fe6                HAL_I2C_Init
 .text.HAL_I2C_Master_Transmit
                0x0000000008005088      0x12c ./Drivers/STM32L4xx_HAL_Driver/Src/stm32l4xx_hal_i2c.o
                0x0000000008005088                HAL_I2C_Master_Transmit
 .text.HAL_I2CEx_ConfigAnalogFilter
                0x00000000080051b4       0x4c ./Drivers/STM32L4xx_HAL_Driver/Src/stm32l4xx_hal_i2c_ex.o
                0x00000000080051b4                HAL_I2CEx_ConfigAnalogFilter
 .text.HAL_I2CEx_ConfigDigitalFilter
                0x0000000008005200       0x4a ./Drivers/STM32L4xx_HAL_Driver/Src/stm32l4xx_hal_i2c_ex.o
                0x0000000008005200                HAL_I2CEx_ConfigDigitalFilter
 *fill*         0x000000000800524a        0x2 
 .text.HAL_I2CEx_EnableFastModePlus
                0x000000000800524c       0x2c ./Drivers/STM32L4xx_HAL_Driver/Src/stm32l4xx_hal_i2c_ex.o
                0x000000000800524c                HAL_I2CEx_EnableFastModePlus
 .text.HAL_PWR_EnableBkUpAccess
                0x0000000008005278       0x10 ./Drivers/STM32L4xx_HAL_Driver/Src/stm32l4xx_hal_pwr.o
                0x0000000008005278                HAL_PWR_EnableBkUpAccess
 .text.HAL_PWREx_GetVoltageRange
                0x0000000008005288       0x10 ./Drivers/STM32L4xx_HAL_Driver/Src/stm32l4xx_hal_pwr_ex.o
                0x0000000008005288                HAL_PWREx_GetVoltageRange
 .text.HAL_PWREx_ControlVoltageScaling
                0x0000000008005298       0x6c ./Drivers/STM32L4xx_HAL_Driver/Src/stm32l4xx_hal_pwr_ex.o
                0x0000000008005298                HAL_PWREx_ControlVoltageScaling
 .text.RCC_SetFlashLatencyFromMSIRange
                0x0000000008005304       0x84 ./Drivers/STM32L4xx_HAL_Driver/Src/stm32l4xx_hal_rcc.o
 .text.HAL_RCC_GetSysClockFreq
                0x0000000008005388       0x9c ./Drivers/STM32L4xx_HAL_Driver/Src/stm32l4xx_hal_rcc.o
                0x0000000008005388                HAL_RCC_GetSysClockFreq
 .text.HAL_RCC_OscConfig
                0x0000000008005424      0x548 ./Drivers/STM32L4xx_HAL_Driver/Src/stm32l4xx_hal_rcc.o
                0x0000000008005424                HAL_RCC_OscConfig
 .text.HAL_RCC_ClockConfig
                0x000000000800596c      0x154 ./Drivers/STM32L4xx_HAL_Driver/Src/stm32l4xx_hal_rcc.o
                0x000000000800596c                HAL_RCC_ClockConfig
 .text.HAL_RCC_GetPCLK1Freq
                0x0000000008005ac0       0x24 ./Drivers/STM32L4xx_HAL_Driver/Src/stm32l4xx_hal_rcc.o
                0x0000000008005ac0                HAL_RCC_GetPCLK1Freq
 .text.HAL_RCC_GetPCLK2Freq
                0x0000000008005ae4       0x24 ./Drivers/STM32L4xx_HAL_Driver/Src/stm32l4xx_hal_rcc.o
                0x0000000008005ae4                HAL_RCC_GetPCLK2Freq
 .text.HAL_RCC_GetClockConfig
                0x0000000008005b08       0x3c ./Drivers/STM32L4xx_HAL_Driver/Src/stm32l4xx_hal_rcc.o
                0x0000000008005b08                HAL_RCC_GetClockConfig
 .text.RCCEx_PLLSAI1_Config
                0x0000000008005b44      0x114 ./Drivers/STM32L4xx_HAL_Driver/Src/stm32l4xx_hal_rcc_ex.o
 .text.HAL_RCCEx_PeriphCLKConfig
                0x0000000008005c58      0x288 ./Drivers/STM32L4xx_HAL_Driver/Src/stm32l4xx_hal_rcc_ex.o
                0x0000000008005c58                HAL_RCCEx_PeriphCLKConfig
 .text.HAL_RCCEx_EnableMSIPLLMode
                0x0000000008005ee0       0x10 ./Drivers/STM32L4xx_HAL_Driver/Src/stm32l4xx_hal_rcc_ex.o
                0x0000000008005ee0                HAL_RCCEx_EnableMSIPLLMode
 .text.HAL_TIM_Base_Start
                0x0000000008005ef0       0x4c ./Drivers/STM32L4xx_HAL_Driver/Src/stm32l4xx_hal_tim.o
                0x0000000008005ef0                HAL_TIM_Base_Start
 .text.HAL_TIM_Base_Start_IT
                0x0000000008005f3c       0x54 ./Drivers/STM32L4xx_HAL_Driver/Src/stm32l4xx_hal_tim.o
                0x0000000008005f3c                HAL_TIM_Base_Start_IT
 .text.HAL_TIM_OC_DelayElapsedCallback
                0x0000000008005f90        0x2 ./Drivers/STM32L4xx_HAL_Driver/Src/stm32l4xx_hal_tim.o
                0x0000000008005f90                HAL_TIM_OC_DelayElapsedCallback
 .text.HAL_TIM_IC_CaptureCallback
                0x0000000008005f92        0x2 ./Drivers/STM32L4xx_HAL_Driver/Src/stm32l4xx_hal_tim.o
                0x0000000008005f92                HAL_TIM_IC_CaptureCallback
 .text.HAL_TIM_PWM_PulseFinishedCallback
                0x0000000008005f94        0x2 ./Drivers/STM32L4xx_HAL_Driver/Src/stm32l4xx_hal_tim.o
                0x0000000008005f94                HAL_TIM_PWM_PulseFinishedCallback
 .text.HAL_TIM_TriggerCallback
                0x0000000008005f96        0x2 ./Drivers/STM32L4xx_HAL_Driver/Src/stm32l4xx_hal_tim.o
                0x0000000008005f96                HAL_TIM_TriggerCallback
 .text.HAL_TIM_IRQHandler
                0x0000000008005f98      0x160 ./Drivers/STM32L4xx_HAL_Driver/Src/stm32l4xx_hal_tim.o
                0x0000000008005f98                HAL_TIM_IRQHandler
 .text.TIM_Base_SetConfig
                0x00000000080060f8       0x74 ./Drivers/STM32L4xx_HAL_Driver/Src/stm32l4xx_hal_tim.o
                0x00000000080060f8                TIM_Base_SetConfig
 .text.HAL_TIM_Base_Init
                0x000000000800616c       0x60 ./Drivers/STM32L4xx_HAL_Driver/Src/stm32l4xx_hal_tim.o
                0x000000000800616c                HAL_TIM_Base_Init
 .text.TIM_ETR_SetConfig
                0x00000000080061cc       0x14 ./Drivers/STM32L4xx_HAL_Driver/Src/stm32l4xx_hal_tim.o
                0x00000000080061cc                TIM_ETR_SetConfig
 .text.HAL_TIM_ConfigClockSource
                0x00000000080061e0      0x138 ./Drivers/STM32L4xx_HAL_Driver/Src/stm32l4xx_hal_tim.o
                0x00000000080061e0                HAL_TIM_ConfigClockSource
 .text.HAL_TIMEx_MasterConfigSynchronization
                0x0000000008006318       0x64 ./Drivers/STM32L4xx_HAL_Driver/Src/stm32l4xx_hal_tim_ex.o
                0x0000000008006318                HAL_TIMEx_MasterConfigSynchronization
 .text.HAL_TIMEx_CommutCallback
                0x000000000800637c        0x2 ./Drivers/STM32L4xx_HAL_Driver/Src/stm32l4xx_hal_tim_ex.o
                0x000000000800637c                HAL_TIMEx_CommutCallback
 .text.HAL_TIMEx_BreakCallback
                0x000000000800637e        0x2 ./Drivers/STM32L4xx_HAL_Driver/Src/stm32l4xx_hal_tim_ex.o
                0x000000000800637e                HAL_TIMEx_BreakCallback
 .text.HAL_TIMEx_Break2Callback
                0x0000000008006380        0x2 ./Drivers/STM32L4xx_HAL_Driver/Src/stm32l4xx_hal_tim_ex.o
                0x0000000008006380                HAL_TIMEx_Break2Callback
 *fill*         0x0000000008006382        0x2 
 .text.UART_SetConfig
                0x0000000008006384      0x1d8 ./Drivers/STM32L4xx_HAL_Driver/Src/stm32l4xx_hal_uart.o
                0x0000000008006384                UART_SetConfig
 .text.UART_AdvFeatureConfig
                0x000000000800655c       0xa8 ./Drivers/STM32L4xx_HAL_Driver/Src/stm32l4xx_hal_uart.o
                0x000000000800655c                UART_AdvFeatureConfig
 .text.UART_WaitOnFlagUntilTimeout
                0x0000000008006604       0xbc ./Drivers/STM32L4xx_HAL_Driver/Src/stm32l4xx_hal_uart.o
                0x0000000008006604                UART_WaitOnFlagUntilTimeout
 .text.HAL_UART_Transmit
                0x00000000080066c0       0xb4 ./Drivers/STM32L4xx_HAL_Driver/Src/stm32l4xx_hal_uart.o
                0x00000000080066c0                HAL_UART_Transmit
 .text.UART_CheckIdleState
                0x0000000008006774       0x66 ./Drivers/STM32L4xx_HAL_Driver/Src/stm32l4xx_hal_uart.o
                0x0000000008006774                UART_CheckIdleState
 .text.HAL_UART_Init
                0x00000000080067da       0x5c ./Drivers/STM32L4xx_HAL_Driver/Src/stm32l4xx_hal_uart.o
                0x00000000080067da                HAL_UART_Init
 .text.SysTick_Handler
                0x0000000008006836       0x1a ./Middlewares/Third_Party/FreeRTOS/Source/CMSIS_RTOS_V2/cmsis_os2.o
                0x0000000008006836                SysTick_Handler
 .text.osKernelInitialize
                0x0000000008006850       0x24 ./Middlewares/Third_Party/FreeRTOS/Source/CMSIS_RTOS_V2/cmsis_os2.o
                0x0000000008006850                osKernelInitialize
 .text.osKernelStart
                0x0000000008006874       0x34 ./Middlewares/Third_Party/FreeRTOS/Source/CMSIS_RTOS_V2/cmsis_os2.o
                0x0000000008006874                osKernelStart
 .text.osThreadNew
                0x00000000080068a8       0x92 ./Middlewares/Third_Party/FreeRTOS/Source/CMSIS_RTOS_V2/cmsis_os2.o
                0x00000000080068a8                osThreadNew
 .text.osDelay  0x000000000800693a       0x18 ./Middlewares/Third_Party/FreeRTOS/Source/CMSIS_RTOS_V2/cmsis_os2.o
                0x000000000800693a                osDelay
 .text.osMutexNew
                0x0000000008006952       0x6a ./Middlewares/Third_Party/FreeRTOS/Source/CMSIS_RTOS_V2/cmsis_os2.o
                0x0000000008006952                osMutexNew
 .text.osMutexAcquire
                0x00000000080069bc       0x44 ./Middlewares/Third_Party/FreeRTOS/Source/CMSIS_RTOS_V2/cmsis_os2.o
                0x00000000080069bc                osMutexAcquire
 .text.osMutexRelease
                0x0000000008006a00       0x3c ./Middlewares/Third_Party/FreeRTOS/Source/CMSIS_RTOS_V2/cmsis_os2.o
                0x0000000008006a00                osMutexRelease
 .text.osSemaphoreNew
                0x0000000008006a3c       0x94 ./Middlewares/Third_Party/FreeRTOS/Source/CMSIS_RTOS_V2/cmsis_os2.o
                0x0000000008006a3c                osSemaphoreNew
 .text.osSemaphoreAcquire
                0x0000000008006ad0       0x56 ./Middlewares/Third_Party/FreeRTOS/Source/CMSIS_RTOS_V2/cmsis_os2.o
                0x0000000008006ad0                osSemaphoreAcquire
 .text.osSemaphoreRelease
                0x0000000008006b26       0x50 ./Middlewares/Third_Party/FreeRTOS/Source/CMSIS_RTOS_V2/cmsis_os2.o
                0x0000000008006b26                osSemaphoreRelease
 .text.osMessageQueueNew
                0x0000000008006b76       0x76 ./Middlewares/Third_Party/FreeRTOS/Source/CMSIS_RTOS_V2/cmsis_os2.o
                0x0000000008006b76                osMessageQueueNew
 .text.osMessageQueuePut
                0x0000000008006bec       0x60 ./Middlewares/Third_Party/FreeRTOS/Source/CMSIS_RTOS_V2/cmsis_os2.o
                0x0000000008006bec                osMessageQueuePut
 .text.osMessageQueueGet
                0x0000000008006c4c       0x5e ./Middlewares/Third_Party/FreeRTOS/Source/CMSIS_RTOS_V2/cmsis_os2.o
                0x0000000008006c4c                osMessageQueueGet
 *fill*         0x0000000008006caa        0x2 
 .text.vApplicationGetIdleTaskMemory
                0x0000000008006cac       0x18 ./Middlewares/Third_Party/FreeRTOS/Source/CMSIS_RTOS_V2/cmsis_os2.o
                0x0000000008006cac                vApplicationGetIdleTaskMemory
 .text.vApplicationGetTimerTaskMemory
                0x0000000008006cc4       0x18 ./Middlewares/Third_Party/FreeRTOS/Source/CMSIS_RTOS_V2/cmsis_os2.o
                0x0000000008006cc4                vApplicationGetTimerTaskMemory
 .text.vListInitialise
                0x0000000008006cdc       0x16 ./Middlewares/Third_Party/FreeRTOS/Source/list.o
                0x0000000008006cdc                vListInitialise
 .text.vListInitialiseItem
                0x0000000008006cf2        0x6 ./Middlewares/Third_Party/FreeRTOS/Source/list.o
                0x0000000008006cf2                vListInitialiseItem
 .text.vListInsertEnd
                0x0000000008006cf8       0x18 ./Middlewares/Third_Party/FreeRTOS/Source/list.o
                0x0000000008006cf8                vListInsertEnd
 .text.vListInsert
                0x0000000008006d10       0x2e ./Middlewares/Third_Party/FreeRTOS/Source/list.o
                0x0000000008006d10                vListInsert
 .text.uxListRemove
                0x0000000008006d3e       0x20 ./Middlewares/Third_Party/FreeRTOS/Source/list.o
                0x0000000008006d3e                uxListRemove
 .text.prvIsQueueEmpty
                0x0000000008006d5e       0x16 ./Middlewares/Third_Party/FreeRTOS/Source/queue.o
 .text.prvCopyDataToQueue
                0x0000000008006d74       0x6a ./Middlewares/Third_Party/FreeRTOS/Source/queue.o
 .text.prvCopyDataFromQueue
                0x0000000008006dde       0x2c ./Middlewares/Third_Party/FreeRTOS/Source/queue.o
 .text.prvUnlockQueue
                0x0000000008006e0a       0x70 ./Middlewares/Third_Party/FreeRTOS/Source/queue.o
 .text.xQueueGenericReset
                0x0000000008006e7a       0x7e ./Middlewares/Third_Party/FreeRTOS/Source/queue.o
                0x0000000008006e7a                xQueueGenericReset
 .text.xQueueGenericCreateStatic
                0x0000000008006ef8       0x9c ./Middlewares/Third_Party/FreeRTOS/Source/queue.o
                0x0000000008006ef8                xQueueGenericCreateStatic
 .text.xQueueGenericCreate
                0x0000000008006f94       0x4e ./Middlewares/Third_Party/FreeRTOS/Source/queue.o
                0x0000000008006f94                xQueueGenericCreate
 .text.xQueueCreateCountingSemaphoreStatic
                0x0000000008006fe2       0x44 ./Middlewares/Third_Party/FreeRTOS/Source/queue.o
                0x0000000008006fe2                xQueueCreateCountingSemaphoreStatic
 .text.xQueueCreateCountingSemaphore
                0x0000000008007026       0x3c ./Middlewares/Third_Party/FreeRTOS/Source/queue.o
                0x0000000008007026                xQueueCreateCountingSemaphore
 .text.xQueueGenericSend
                0x0000000008007062      0x166 ./Middlewares/Third_Party/FreeRTOS/Source/queue.o
                0x0000000008007062                xQueueGenericSend
 .text.xQueueCreateMutexStatic
                0x00000000080071c8       0x2a ./Middlewares/Third_Party/FreeRTOS/Source/queue.o
                0x00000000080071c8                xQueueCreateMutexStatic
 .text.xQueueGiveMutexRecursive
                0x00000000080071f2       0x3c ./Middlewares/Third_Party/FreeRTOS/Source/queue.o
                0x00000000080071f2                xQueueGiveMutexRecursive
 .text.xQueueCreateMutex
                0x000000000800722e       0x3a ./Middlewares/Third_Party/FreeRTOS/Source/queue.o
                0x000000000800722e                xQueueCreateMutex
 .text.xQueueGenericSendFromISR
                0x0000000008007268       0xc4 ./Middlewares/Third_Party/FreeRTOS/Source/queue.o
                0x0000000008007268                xQueueGenericSendFromISR
 .text.xQueueGiveFromISR
                0x000000000800732c       0xa8 ./Middlewares/Third_Party/FreeRTOS/Source/queue.o
                0x000000000800732c                xQueueGiveFromISR
 .text.xQueueReceive
                0x00000000080073d4      0x13e ./Middlewares/Third_Party/FreeRTOS/Source/queue.o
                0x00000000080073d4                xQueueReceive
 .text.xQueueSemaphoreTake
                0x0000000008007512      0x186 ./Middlewares/Third_Party/FreeRTOS/Source/queue.o
                0x0000000008007512                xQueueSemaphoreTake
 .text.xQueueTakeMutexRecursive
                0x0000000008007698       0x44 ./Middlewares/Third_Party/FreeRTOS/Source/queue.o
                0x0000000008007698                xQueueTakeMutexRecursive
 .text.xQueueReceiveFromISR
                0x00000000080076dc       0x9e ./Middlewares/Third_Party/FreeRTOS/Source/queue.o
                0x00000000080076dc                xQueueReceiveFromISR
 *fill*         0x000000000800777a        0x2 
 .text.vQueueAddToRegistry
                0x000000000800777c       0x24 ./Middlewares/Third_Party/FreeRTOS/Source/queue.o
                0x000000000800777c                vQueueAddToRegistry
 .text.vQueueUnregisterQueue
                0x00000000080077a0       0x28 ./Middlewares/Third_Party/FreeRTOS/Source/queue.o
                0x00000000080077a0                vQueueUnregisterQueue
 .text.vQueueDelete
                0x00000000080077c8       0x2e ./Middlewares/Third_Party/FreeRTOS/Source/queue.o
                0x00000000080077c8                vQueueDelete
 .text.vQueueWaitForMessageRestricted
                0x00000000080077f6       0x46 ./Middlewares/Third_Party/FreeRTOS/Source/queue.o
                0x00000000080077f6                vQueueWaitForMessageRestricted
 .text.prvAddNewTaskToReadyList
                0x000000000800783c      0x100 ./Middlewares/Third_Party/FreeRTOS/Source/tasks.o
 .text.prvAddCurrentTaskToDelayedList
                0x000000000800793c       0x70 ./Middlewares/Third_Party/FreeRTOS/Source/tasks.o
 .text.prvResetNextTaskUnblockTime
                0x00000000080079ac       0x24 ./Middlewares/Third_Party/FreeRTOS/Source/tasks.o
 .text.prvDeleteTCB
                0x00000000080079d0       0x3c ./Middlewares/Third_Party/FreeRTOS/Source/tasks.o
 .text.prvIdleTask
                0x0000000008007a0c       0x60 ./Middlewares/Third_Party/FreeRTOS/Source/tasks.o
 .text.prvInitialiseNewTask.constprop.0
                0x0000000008007a6c       0xc0 ./Middlewares/Third_Party/FreeRTOS/Source/tasks.o
 .text.xTaskCreateStatic
                0x0000000008007b2c       0x70 ./Middlewares/Third_Party/FreeRTOS/Source/tasks.o
                0x0000000008007b2c                xTaskCreateStatic
 .text.xTaskCreate
                0x0000000008007b9c       0x5a ./Middlewares/Third_Party/FreeRTOS/Source/tasks.o
                0x0000000008007b9c                xTaskCreate
 *fill*         0x0000000008007bf6        0x2 
 .text.vTaskStartScheduler
                0x0000000008007bf8       0xa0 ./Middlewares/Third_Party/FreeRTOS/Source/tasks.o
                0x0000000008007bf8                vTaskStartScheduler
 .text.vTaskSuspendAll
                0x0000000008007c98       0x10 ./Middlewares/Third_Party/FreeRTOS/Source/tasks.o
                0x0000000008007c98                vTaskSuspendAll
 .text.xTaskGetTickCount
                0x0000000008007ca8        0xc ./Middlewares/Third_Party/FreeRTOS/Source/tasks.o
                0x0000000008007ca8                xTaskGetTickCount
 .text.xTaskIncrementTick
                0x0000000008007cb4      0x12c ./Middlewares/Third_Party/FreeRTOS/Source/tasks.o
                0x0000000008007cb4                xTaskIncrementTick
 .text.xTaskResumeAll
                0x0000000008007de0       0xe8 ./Middlewares/Third_Party/FreeRTOS/Source/tasks.o
                0x0000000008007de0                xTaskResumeAll
 .text.vTaskDelayUntil
                0x0000000008007ec8       0x90 ./Middlewares/Third_Party/FreeRTOS/Source/tasks.o
                0x0000000008007ec8                vTaskDelayUntil
 .text.vTaskDelay
                0x0000000008007f58       0x48 ./Middlewares/Third_Party/FreeRTOS/Source/tasks.o
                0x0000000008007f58                vTaskDelay
 .text.vTaskSwitchContext
                0x0000000008007fa0       0x80 ./Middlewares/Third_Party/FreeRTOS/Source/tasks.o
                0x0000000008007fa0                vTaskSwitchContext
 .text.vTaskPlaceOnEventList
                0x0000000008008020       0x34 ./Middlewares/Third_Party/FreeRTOS/Source/tasks.o
                0x0000000008008020                vTaskPlaceOnEventList
 .text.vTaskPlaceOnEventListRestricted
                0x0000000008008054       0x3c ./Middlewares/Third_Party/FreeRTOS/Source/tasks.o
                0x0000000008008054                vTaskPlaceOnEventListRestricted
 .text.xTaskRemoveFromEventList
                0x0000000008008090       0x88 ./Middlewares/Third_Party/FreeRTOS/Source/tasks.o
                0x0000000008008090                xTaskRemoveFromEventList
 .text.vTaskInternalSetTimeOutState
                0x0000000008008118       0x18 ./Middlewares/Third_Party/FreeRTOS/Source/tasks.o
                0x0000000008008118                vTaskInternalSetTimeOutState
 .text.xTaskCheckForTimeOut
                0x0000000008008130       0x78 ./Middlewares/Third_Party/FreeRTOS/Source/tasks.o
                0x0000000008008130                xTaskCheckForTimeOut
 .text.vTaskMissedYield
                0x00000000080081a8        0xc ./Middlewares/Third_Party/FreeRTOS/Source/tasks.o
                0x00000000080081a8                vTaskMissedYield
 .text.xTaskGetCurrentTaskHandle
                0x00000000080081b4        0xc ./Middlewares/Third_Party/FreeRTOS/Source/tasks.o
                0x00000000080081b4                xTaskGetCurrentTaskHandle
 .text.xTaskGetSchedulerState
                0x00000000080081c0       0x20 ./Middlewares/Third_Party/FreeRTOS/Source/tasks.o
                0x00000000080081c0                xTaskGetSchedulerState
 .text.xTaskPriorityInherit
                0x00000000080081e0       0x84 ./Middlewares/Third_Party/FreeRTOS/Source/tasks.o
                0x00000000080081e0                xTaskPriorityInherit
 .text.xTaskPriorityDisinherit
                0x0000000008008264       0x88 ./Middlewares/Third_Party/FreeRTOS/Source/tasks.o
                0x0000000008008264                xTaskPriorityDisinherit
 .text.vTaskPriorityDisinheritAfterTimeout
                0x00000000080082ec       0xa4 ./Middlewares/Third_Party/FreeRTOS/Source/tasks.o
                0x00000000080082ec                vTaskPriorityDisinheritAfterTimeout
 .text.pvTaskIncrementMutexHeldCount
                0x0000000008008390       0x18 ./Middlewares/Third_Party/FreeRTOS/Source/tasks.o
                0x0000000008008390                pvTaskIncrementMutexHeldCount
 .text.prvCheckForValidListAndQueue
                0x00000000080083a8       0x68 ./Middlewares/Third_Party/FreeRTOS/Source/timers.o
 .text.prvInsertTimerInActiveList
                0x0000000008008410       0x3c ./Middlewares/Third_Party/FreeRTOS/Source/timers.o
 .text.xTimerCreateTimerTask
                0x000000000800844c       0x64 ./Middlewares/Third_Party/FreeRTOS/Source/timers.o
                0x000000000800844c                xTimerCreateTimerTask
 .text.xTimerGenericCommand
                0x00000000080084b0       0x58 ./Middlewares/Third_Party/FreeRTOS/Source/timers.o
                0x00000000080084b0                xTimerGenericCommand
 .text.prvSampleTimeNow
                0x0000000008008508       0xac ./Middlewares/Third_Party/FreeRTOS/Source/timers.o
 .text.prvTimerTask
                0x00000000080085b4      0x1cc ./Middlewares/Third_Party/FreeRTOS/Source/timers.o
 .text.prvPortStartFirstTask
                0x0000000008008780       0x28 ./Middlewares/Third_Party/FreeRTOS/Source/portable/GCC/ARM_CM4F/port.o
 .text.vPortEnableVFP
                0x00000000080087a8       0x14 ./Middlewares/Third_Party/FreeRTOS/Source/portable/GCC/ARM_CM4F/port.o
 .text.prvTaskExitError
                0x00000000080087bc       0x40 ./Middlewares/Third_Party/FreeRTOS/Source/portable/GCC/ARM_CM4F/port.o
 .text.pxPortInitialiseStack
                0x00000000080087fc       0x2c ./Middlewares/Third_Party/FreeRTOS/Source/portable/GCC/ARM_CM4F/port.o
                0x00000000080087fc                pxPortInitialiseStack
 *fill*         0x0000000008008828        0x8 
 .text.SVC_Handler
                0x0000000008008830       0x24 ./Middlewares/Third_Party/FreeRTOS/Source/portable/GCC/ARM_CM4F/port.o
                0x0000000008008830                SVC_Handler
 .text.vPortEnterCritical
                0x0000000008008854       0x40 ./Middlewares/Third_Party/FreeRTOS/Source/portable/GCC/ARM_CM4F/port.o
                0x0000000008008854                vPortEnterCritical
 .text.vPortExitCritical
                0x0000000008008894       0x28 ./Middlewares/Third_Party/FreeRTOS/Source/portable/GCC/ARM_CM4F/port.o
                0x0000000008008894                vPortExitCritical
 *fill*         0x00000000080088bc        0x4 
 .text.PendSV_Handler
                0x00000000080088c0       0x64 ./Middlewares/Third_Party/FreeRTOS/Source/portable/GCC/ARM_CM4F/port.o
                0x00000000080088c0                PendSV_Handler
 .text.xPortSysTickHandler
                0x0000000008008924       0x2c ./Middlewares/Third_Party/FreeRTOS/Source/portable/GCC/ARM_CM4F/port.o
                0x0000000008008924                xPortSysTickHandler
 .text.vPortSetupTimerInterrupt
                0x0000000008008950       0x24 ./Middlewares/Third_Party/FreeRTOS/Source/portable/GCC/ARM_CM4F/port.o
                0x0000000008008950                vPortSetupTimerInterrupt
 .text.xPortStartScheduler
                0x0000000008008974      0x10c ./Middlewares/Third_Party/FreeRTOS/Source/portable/GCC/ARM_CM4F/port.o
                0x0000000008008974                xPortStartScheduler
 .text.vPortValidateInterruptPriority
                0x0000000008008a80       0x5c ./Middlewares/Third_Party/FreeRTOS/Source/portable/GCC/ARM_CM4F/port.o
                0x0000000008008a80                vPortValidateInterruptPriority
 .text.prvInsertBlockIntoFreeList
                0x0000000008008adc       0x48 ./Middlewares/Third_Party/FreeRTOS/Source/portable/MemMang/heap_4.o
 .text.pvPortMalloc
                0x0000000008008b24      0x130 ./Middlewares/Third_Party/FreeRTOS/Source/portable/MemMang/heap_4.o
                0x0000000008008b24                pvPortMalloc
 .text.vPortFree
                0x0000000008008c54       0x7c ./Middlewares/Third_Party/FreeRTOS/Source/portable/MemMang/heap_4.o
                0x0000000008008c54                vPortFree
 .text.__errno  0x0000000008008cd0        0xc /home/jlsand/Downloads/makeself_dir_OqaUza/y/plugins/com.st.stm32cube.ide.mcu.externaltools.gnu-tools-for-stm32.10.3-2021.10.linux64_1.0.100.202210260954/tools/bin/../lib/gcc/arm-none-eabi/10.3.1/../../../../arm-none-eabi/lib/thumb/v7e-m+fp/hard/libc_nano.a(lib_a-errno.o)
                0x0000000008008cd0                __errno
 .text.__libc_init_array
                0x0000000008008cdc       0x48 /home/jlsand/Downloads/makeself_dir_OqaUza/y/plugins/com.st.stm32cube.ide.mcu.externaltools.gnu-tools-for-stm32.10.3-2021.10.linux64_1.0.100.202210260954/tools/bin/../lib/gcc/arm-none-eabi/10.3.1/../../../../arm-none-eabi/lib/thumb/v7e-m+fp/hard/libc_nano.a(lib_a-init.o)
                0x0000000008008cdc                __libc_init_array
 .text.__retarget_lock_acquire_recursive
                0x0000000008008d24        0x2 /home/jlsand/Downloads/makeself_dir_OqaUza/y/plugins/com.st.stm32cube.ide.mcu.externaltools.gnu-tools-for-stm32.10.3-2021.10.linux64_1.0.100.202210260954/tools/bin/../lib/gcc/arm-none-eabi/10.3.1/../../../../arm-none-eabi/lib/thumb/v7e-m+fp/hard/libc_nano.a(lib_a-lock.o)
                0x0000000008008d24                __retarget_lock_acquire_recursive
 .text.__retarget_lock_release_recursive
                0x0000000008008d26        0x2 /home/jlsand/Downloads/makeself_dir_OqaUza/y/plugins/com.st.stm32cube.ide.mcu.externaltools.gnu-tools-for-stm32.10.3-2021.10.linux64_1.0.100.202210260954/tools/bin/../lib/gcc/arm-none-eabi/10.3.1/../../../../arm-none-eabi/lib/thumb/v7e-m+fp/hard/libc_nano.a(lib_a-lock.o)
                0x0000000008008d26                __retarget_lock_release_recursive
 .text.memcpy   0x0000000008008d28       0x1c /home/jlsand/Downloads/makeself_dir_OqaUza/y/plugins/com.st.stm32cube.ide.mcu.externaltools.gnu-tools-for-stm32.10.3-2021.10.linux64_1.0.100.202210260954/tools/bin/../lib/gcc/arm-none-eabi/10.3.1/../../../../arm-none-eabi/lib/thumb/v7e-m+fp/hard/libc_nano.a(lib_a-memcpy-stub.o)
                0x0000000008008d28                memcpy
 .text.memset   0x0000000008008d44       0x10 /home/jlsand/Downloads/makeself_dir_OqaUza/y/plugins/com.st.stm32cube.ide.mcu.externaltools.gnu-tools-for-stm32.10.3-2021.10.linux64_1.0.100.202210260954/tools/bin/../lib/gcc/arm-none-eabi/10.3.1/../../../../arm-none-eabi/lib/thumb/v7e-m+fp/hard/libc_nano.a(lib_a-memset.o)
                0x0000000008008d44                memset
 .text.sbrk_aligned
                0x0000000008008d54       0x40 /home/jlsand/Downloads/makeself_dir_OqaUza/y/plugins/com.st.stm32cube.ide.mcu.externaltools.gnu-tools-for-stm32.10.3-2021.10.linux64_1.0.100.202210260954/tools/bin/../lib/gcc/arm-none-eabi/10.3.1/../../../../arm-none-eabi/lib/thumb/v7e-m+fp/hard/libc_nano.a(lib_a-nano-mallocr.o)
 .text._malloc_r
                0x0000000008008d94       0xe8 /home/jlsand/Downloads/makeself_dir_OqaUza/y/plugins/com.st.stm32cube.ide.mcu.externaltools.gnu-tools-for-stm32.10.3-2021.10.linux64_1.0.100.202210260954/tools/bin/../lib/gcc/arm-none-eabi/10.3.1/../../../../arm-none-eabi/lib/thumb/v7e-m+fp/hard/libc_nano.a(lib_a-nano-mallocr.o)
                0x0000000008008d94                _malloc_r
 .text.cleanup_glue
                0x0000000008008e7c       0x1a /home/jlsand/Downloads/makeself_dir_OqaUza/y/plugins/com.st.stm32cube.ide.mcu.externaltools.gnu-tools-for-stm32.10.3-2021.10.linux64_1.0.100.202210260954/tools/bin/../lib/gcc/arm-none-eabi/10.3.1/../../../../arm-none-eabi/lib/thumb/v7e-m+fp/hard/libc_nano.a(lib_a-reent.o)
                0x0000000008008e7c                cleanup_glue
 *fill*         0x0000000008008e96        0x2 
 .text._reclaim_reent
                0x0000000008008e98       0xb8 /home/jlsand/Downloads/makeself_dir_OqaUza/y/plugins/com.st.stm32cube.ide.mcu.externaltools.gnu-tools-for-stm32.10.3-2021.10.linux64_1.0.100.202210260954/tools/bin/../lib/gcc/arm-none-eabi/10.3.1/../../../../arm-none-eabi/lib/thumb/v7e-m+fp/hard/libc_nano.a(lib_a-reent.o)
                0x0000000008008e98                _reclaim_reent
 .text._sbrk_r  0x0000000008008f50       0x20 /home/jlsand/Downloads/makeself_dir_OqaUza/y/plugins/com.st.stm32cube.ide.mcu.externaltools.gnu-tools-for-stm32.10.3-2021.10.linux64_1.0.100.202210260954/tools/bin/../lib/gcc/arm-none-eabi/10.3.1/../../../../arm-none-eabi/lib/thumb/v7e-m+fp/hard/libc_nano.a(lib_a-sbrkr.o)
                0x0000000008008f50                _sbrk_r
 .text.sprintf  0x0000000008008f70       0x40 /home/jlsand/Downloads/makeself_dir_OqaUza/y/plugins/com.st.stm32cube.ide.mcu.externaltools.gnu-tools-for-stm32.10.3-2021.10.linux64_1.0.100.202210260954/tools/bin/../lib/gcc/arm-none-eabi/10.3.1/../../../../arm-none-eabi/lib/thumb/v7e-m+fp/hard/libc_nano.a(lib_a-sprintf.o)
                0x0000000008008f70                siprintf
                0x0000000008008f70                sprintf
 .text.__malloc_lock
                0x0000000008008fb0        0xc /home/jlsand/Downloads/makeself_dir_OqaUza/y/plugins/com.st.stm32cube.ide.mcu.externaltools.gnu-tools-for-stm32.10.3-2021.10.linux64_1.0.100.202210260954/tools/bin/../lib/gcc/arm-none-eabi/10.3.1/../../../../arm-none-eabi/lib/thumb/v7e-m+fp/hard/libc_nano.a(lib_a-mlock.o)
                0x0000000008008fb0                __malloc_lock
 .text.__malloc_unlock
                0x0000000008008fbc        0xc /home/jlsand/Downloads/makeself_dir_OqaUza/y/plugins/com.st.stm32cube.ide.mcu.externaltools.gnu-tools-for-stm32.10.3-2021.10.linux64_1.0.100.202210260954/tools/bin/../lib/gcc/arm-none-eabi/10.3.1/../../../../arm-none-eabi/lib/thumb/v7e-m+fp/hard/libc_nano.a(lib_a-mlock.o)
                0x0000000008008fbc                __malloc_unlock
 .text._free_r  0x0000000008008fc8       0x98 /home/jlsand/Downloads/makeself_dir_OqaUza/y/plugins/com.st.stm32cube.ide.mcu.externaltools.gnu-tools-for-stm32.10.3-2021.10.linux64_1.0.100.202210260954/tools/bin/../lib/gcc/arm-none-eabi/10.3.1/../../../../arm-none-eabi/lib/thumb/v7e-m+fp/hard/libc_nano.a(lib_a-nano-freer.o)
                0x0000000008008fc8                _free_r
 .text.__ssputs_r
                0x0000000008009060       0xb6 /home/jlsand/Downloads/makeself_dir_OqaUza/y/plugins/com.st.stm32cube.ide.mcu.externaltools.gnu-tools-for-stm32.10.3-2021.10.linux64_1.0.100.202210260954/tools/bin/../lib/gcc/arm-none-eabi/10.3.1/../../../../arm-none-eabi/lib/thumb/v7e-m+fp/hard/libc_nano.a(lib_a-nano-svfprintf.o)
                0x0000000008009060                __ssputs_r
 *fill*         0x0000000008009116        0x2 
 .text._svfprintf_r
                0x0000000008009118      0x200 /home/jlsand/Downloads/makeself_dir_OqaUza/y/plugins/com.st.stm32cube.ide.mcu.externaltools.gnu-tools-for-stm32.10.3-2021.10.linux64_1.0.100.202210260954/tools/bin/../lib/gcc/arm-none-eabi/10.3.1/../../../../arm-none-eabi/lib/thumb/v7e-m+fp/hard/libc_nano.a(lib_a-nano-svfprintf.o)
                0x0000000008009118                _svfprintf_r
                0x0000000008009118                _svfiprintf_r
 .text._printf_common
                0x0000000008009318       0xda /home/jlsand/Downloads/makeself_dir_OqaUza/y/plugins/com.st.stm32cube.ide.mcu.externaltools.gnu-tools-for-stm32.10.3-2021.10.linux64_1.0.100.202210260954/tools/bin/../lib/gcc/arm-none-eabi/10.3.1/../../../../arm-none-eabi/lib/thumb/v7e-m+fp/hard/libc_nano.a(lib_a-nano-vfprintf_i.o)
                0x0000000008009318                _printf_common
 *fill*         0x00000000080093f2        0x2 
 .text._printf_i
                0x00000000080093f4      0x24c /home/jlsand/Downloads/makeself_dir_OqaUza/y/plugins/com.st.stm32cube.ide.mcu.externaltools.gnu-tools-for-stm32.10.3-2021.10.linux64_1.0.100.202210260954/tools/bin/../lib/gcc/arm-none-eabi/10.3.1/../../../../arm-none-eabi/lib/thumb/v7e-m+fp/hard/libc_nano.a(lib_a-nano-vfprintf_i.o)
                0x00000000080093f4                _printf_i
 .text.memmove  0x0000000008009640       0x34 /home/jlsand/Downloads/makeself_dir_OqaUza/y/plugins/com.st.stm32cube.ide.mcu.externaltools.gnu-tools-for-stm32.10.3-2021.10.linux64_1.0.100.202210260954/tools/bin/../lib/gcc/arm-none-eabi/10.3.1/../../../../arm-none-eabi/lib/thumb/v7e-m+fp/hard/libc_nano.a(lib_a-memmove.o)
                0x0000000008009640                memmove
 .text._realloc_r
                0x0000000008009674       0x5e /home/jlsand/Downloads/makeself_dir_OqaUza/y/plugins/com.st.stm32cube.ide.mcu.externaltools.gnu-tools-for-stm32.10.3-2021.10.linux64_1.0.100.202210260954/tools/bin/../lib/gcc/arm-none-eabi/10.3.1/../../../../arm-none-eabi/lib/thumb/v7e-m+fp/hard/libc_nano.a(lib_a-nano-reallocr.o)
                0x0000000008009674                _realloc_r
 .text._malloc_usable_size_r
                0x00000000080096d2       0x10 /home/jlsand/Downloads/makeself_dir_OqaUza/y/plugins/com.st.stm32cube.ide.mcu.externaltools.gnu-tools-for-stm32.10.3-2021.10.linux64_1.0.100.202210260954/tools/bin/../lib/gcc/arm-none-eabi/10.3.1/../../../../arm-none-eabi/lib/thumb/v7e-m+fp/hard/libc_nano.a(lib_a-nano-msizer.o)
                0x00000000080096d2                _malloc_usable_size_r
 *fill*         0x00000000080096e2        0x6 
 .text.sin      0x00000000080096e8       0xb0 /home/jlsand/Downloads/makeself_dir_OqaUza/y/plugins/com.st.stm32cube.ide.mcu.externaltools.gnu-tools-for-stm32.10.3-2021.10.linux64_1.0.100.202210260954/tools/bin/../lib/gcc/arm-none-eabi/10.3.1/../../../../arm-none-eabi/lib/thumb/v7e-m+fp/hard/libm.a(lib_a-s_sin.o)
                0x00000000080096e8                sin
 .text.__ieee754_rem_pio2
                0x0000000008009798      0x418 /home/jlsand/Downloads/makeself_dir_OqaUza/y/plugins/com.st.stm32cube.ide.mcu.externaltools.gnu-tools-for-stm32.10.3-2021.10.linux64_1.0.100.202210260954/tools/bin/../lib/gcc/arm-none-eabi/10.3.1/../../../../arm-none-eabi/lib/thumb/v7e-m+fp/hard/libm.a(lib_a-e_rem_pio2.o)
                0x0000000008009798                __ieee754_rem_pio2
 .text.__kernel_cos
                0x0000000008009bb0      0x18c /home/jlsand/Downloads/makeself_dir_OqaUza/y/plugins/com.st.stm32cube.ide.mcu.externaltools.gnu-tools-for-stm32.10.3-2021.10.linux64_1.0.100.202210260954/tools/bin/../lib/gcc/arm-none-eabi/10.3.1/../../../../arm-none-eabi/lib/thumb/v7e-m+fp/hard/libm.a(lib_a-k_cos.o)
                0x0000000008009bb0                __kernel_cos
 *fill*         0x0000000008009d3c        0x4 
 .text.__kernel_rem_pio2
                0x0000000008009d40      0x69c /home/jlsand/Downloads/makeself_dir_OqaUza/y/plugins/com.st.stm32cube.ide.mcu.externaltools.gnu-tools-for-stm32.10.3-2021.10.linux64_1.0.100.202210260954/tools/bin/../lib/gcc/arm-none-eabi/10.3.1/../../../../arm-none-eabi/lib/thumb/v7e-m+fp/hard/libm.a(lib_a-k_rem_pio2.o)
                0x0000000008009d40                __kernel_rem_pio2
 *fill*         0x000000000800a3dc        0x4 
 .text.__kernel_sin
                0x000000000800a3e0      0x17c /home/jlsand/Downloads/makeself_dir_OqaUza/y/plugins/com.st.stm32cube.ide.mcu.externaltools.gnu-tools-for-stm32.10.3-2021.10.linux64_1.0.100.202210260954/tools/bin/../lib/gcc/arm-none-eabi/10.3.1/../../../../arm-none-eabi/lib/thumb/v7e-m+fp/hard/libm.a(lib_a-k_sin.o)
                0x000000000800a3e0                __kernel_sin
 .text.fabs     0x000000000800a55c       0x12 /home/jlsand/Downloads/makeself_dir_OqaUza/y/plugins/com.st.stm32cube.ide.mcu.externaltools.gnu-tools-for-stm32.10.3-2021.10.linux64_1.0.100.202210260954/tools/bin/../lib/gcc/arm-none-eabi/10.3.1/../../../../arm-none-eabi/lib/thumb/v7e-m+fp/hard/libm.a(lib_a-s_fabs.o)
                0x000000000800a55c                fabs
 *fill*         0x000000000800a56e        0x2 
 .text.floor    0x000000000800a570      0x100 /home/jlsand/Downloads/makeself_dir_OqaUza/y/plugins/com.st.stm32cube.ide.mcu.externaltools.gnu-tools-for-stm32.10.3-2021.10.linux64_1.0.100.202210260954/tools/bin/../lib/gcc/arm-none-eabi/10.3.1/../../../../arm-none-eabi/lib/thumb/v7e-m+fp/hard/libm.a(lib_a-s_floor.o)
                0x000000000800a570                floor